nohup: ignoring input
/home/user/amsco/venv/lib/python3.12/site-packages/hyperopt/atpe.py:19: UserWarning: pkg_resources is deprecated as an API. See https://setuptools.pypa.io/en/latest/pkg_resources.html. The pkg_resources package is slated for removal as early as 2025-11-30. Refrain from using this package or pin to Setuptools<81.
  import pkg_resources

=======================================================
ĐANG THỬ NGHIỆM TRÊN BỘ DỮ LIỆU: ADULT
=======================================================
... Đang tải Adult Income

------------------------------------------------------------
Đang tối ưu mô hình: LOGISTIC_REGRESSION
------------------------------------------------------------
  [Evaluation] StratifiedKFold (3-fold)

Thực thi: Random Search...
  Running Random Search...
/usr/lib/python3.12/multiprocessing/queues.py:122: UserWarning: pkg_resources is deprecated as an API. See https://setuptools.pypa.io/en/latest/pkg_resources.html. The pkg_resources package is slated for removal as early as 2025-11-30. Refrain from using this package or pin to Setuptools<81.
  return _ForkingPickler.loads(res)
/usr/lib/python3.12/multiprocessing/queues.py:122: UserWarning: pkg_resources is deprecated as an API. See https://setuptools.pypa.io/en/latest/pkg_resources.html. The pkg_resources package is slated for removal as early as 2025-11-30. Refrain from using this package or pin to Setuptools<81.
  return _ForkingPickler.loads(res)

Thực thi: Optuna (TPE)...
  Running Optuna (TPE)...
/usr/lib/python3.12/multiprocessing/queues.py:122: UserWarning: pkg_resources is deprecated as an API. See https://setuptools.pypa.io/en/latest/pkg_resources.html. The pkg_resources package is slated for removal as early as 2025-11-30. Refrain from using this package or pin to Setuptools<81.
  return _ForkingPickler.loads(res)
/usr/lib/python3.12/multiprocessing/queues.py:122: UserWarning: pkg_resources is deprecated as an API. See https://setuptools.pypa.io/en/latest/pkg_resources.html. The pkg_resources package is slated for removal as early as 2025-11-30. Refrain from using this package or pin to Setuptools<81.
  return _ForkingPickler.loads(res)

Thực thi: Hyperopt (TPE)...
  Running Hyperopt (TPE)...

Thực thi: AMSCO...
  Running AMSCO...
  [MetaController] Initializing Random
  [MetaController] Initializing Bayesian
  [MetaController] Initializing Grid
  [MetaController] UCB scores: {'Random': '1.96', 'Bayesian': '1.98', 'Grid': '1.98'} -> Chose Bayesian
  [MetaController] UCB scores: {'Random': '2.14', 'Bayesian': '1.68', 'Grid': '2.16'} -> Chose Grid
  [MetaController] UCB scores: {'Random': '2.27', 'Bayesian': '1.77', 'Grid': '1.77'} -> Chose Random
  [MetaController] UCB scores: {'Random': '1.81', 'Bayesian': '1.84', 'Grid': '1.84'} -> Chose Bayesian
  [MetaController] UCB scores: {'Random': '1.86', 'Bayesian': '1.64', 'Grid': '1.89'} -> Chose Grid
  [MetaController] UCB scores: {'Random': '1.91', 'Bayesian': '1.68', 'Grid': '1.68'} -> Chose Random
  [MetaController] UCB scores: {'Random': '1.74', 'Bayesian': '1.71', 'Grid': '1.71'} -> Chose Random

============================================================
KẾT QUẢ CHO LOGISTIC_REGRESSION (Primary metric: accuracy)
============================================================

     Optimizer Accuracy     F1 ROC AUC Time (s)
 Random Search   0.8527 0.6608  0.9064   121.47
  Optuna (TPE)   0.8527 0.6608  0.9064   345.68
Hyperopt (TPE)   0.8527 0.6609  0.9064   258.89
         AMSCO   0.8527 0.6609  0.9064   221.94

------------------------------------------------------------


------------------------------------------------------------
Đang tối ưu mô hình: RANDOM_FOREST
------------------------------------------------------------
  [Evaluation] StratifiedKFold (3-fold)

Thực thi: Random Search...
  Running Random Search...
/usr/lib/python3.12/multiprocessing/queues.py:122: UserWarning: pkg_resources is deprecated as an API. See https://setuptools.pypa.io/en/latest/pkg_resources.html. The pkg_resources package is slated for removal as early as 2025-11-30. Refrain from using this package or pin to Setuptools<81.
  return _ForkingPickler.loads(res)
/usr/lib/python3.12/multiprocessing/queues.py:122: UserWarning: pkg_resources is deprecated as an API. See https://setuptools.pypa.io/en/latest/pkg_resources.html. The pkg_resources package is slated for removal as early as 2025-11-30. Refrain from using this package or pin to Setuptools<81.
  return _ForkingPickler.loads(res)

Thực thi: Optuna (TPE)...
  Running Optuna (TPE)...
/usr/lib/python3.12/multiprocessing/queues.py:122: UserWarning: pkg_resources is deprecated as an API. See https://setuptools.pypa.io/en/latest/pkg_resources.html. The pkg_resources package is slated for removal as early as 2025-11-30. Refrain from using this package or pin to Setuptools<81.
  return _ForkingPickler.loads(res)
/usr/lib/python3.12/multiprocessing/queues.py:122: UserWarning: pkg_resources is deprecated as an API. See https://setuptools.pypa.io/en/latest/pkg_resources.html. The pkg_resources package is slated for removal as early as 2025-11-30. Refrain from using this package or pin to Setuptools<81.
  return _ForkingPickler.loads(res)

Thực thi: Hyperopt (TPE)...
  Running Hyperopt (TPE)...
/usr/lib/python3.12/multiprocessing/queues.py:122: UserWarning: pkg_resources is deprecated as an API. See https://setuptools.pypa.io/en/latest/pkg_resources.html. The pkg_resources package is slated for removal as early as 2025-11-30. Refrain from using this package or pin to Setuptools<81.
  return _ForkingPickler.loads(res)
/usr/lib/python3.12/multiprocessing/queues.py:122: UserWarning: pkg_resources is deprecated as an API. See https://setuptools.pypa.io/en/latest/pkg_resources.html. The pkg_resources package is slated for removal as early as 2025-11-30. Refrain from using this package or pin to Setuptools<81.
  return _ForkingPickler.loads(res)

Thực thi: AMSCO...
  Running AMSCO...
  [MetaController] Initializing Random
  [MetaController] Initializing Bayesian
  [MetaController] Initializing Grid
  [MetaController] UCB scores: {'Random': '1.81', 'Bayesian': '1.98', 'Grid': '1.98'} -> Chose Bayesian
  [MetaController] UCB scores: {'Random': '1.99', 'Bayesian': '1.68', 'Grid': '2.16'} -> Chose Grid
  [MetaController] UCB scores: {'Random': '2.12', 'Bayesian': '1.77', 'Grid': '1.77'} -> Chose Random
  [MetaController] UCB scores: {'Random': '1.75', 'Bayesian': '1.84', 'Grid': '1.84'} -> Chose Bayesian
  [MetaController] UCB scores: {'Random': '1.80', 'Bayesian': '1.65', 'Grid': '1.89'} -> Chose Grid
  [MetaController] UCB scores: {'Random': '1.85', 'Bayesian': '1.68', 'Grid': '1.68'} -> Chose Random
  [MetaController] UCB scores: {'Random': '1.65', 'Bayesian': '1.72', 'Grid': '1.71'} -> Chose Bayesian
/usr/lib/python3.12/multiprocessing/queues.py:122: UserWarning: pkg_resources is deprecated as an API. See https://setuptools.pypa.io/en/latest/pkg_resources.html. The pkg_resources package is slated for removal as early as 2025-11-30. Refrain from using this package or pin to Setuptools<81.
  return _ForkingPickler.loads(res)
/usr/lib/python3.12/multiprocessing/queues.py:122: UserWarning: pkg_resources is deprecated as an API. See https://setuptools.pypa.io/en/latest/pkg_resources.html. The pkg_resources package is slated for removal as early as 2025-11-30. Refrain from using this package or pin to Setuptools<81.
  return _ForkingPickler.loads(res)

============================================================
KẾT QUẢ CHO RANDOM_FOREST (Primary metric: accuracy)
============================================================

     Optimizer Accuracy     F1 ROC AUC Time (s)
 Random Search   0.8647 0.6819  0.9179  4941.98
  Optuna (TPE)   0.8648 0.6816  0.9178  9177.47
Hyperopt (TPE)   0.8647 0.6804  0.9174  8035.13
         AMSCO   0.8649 0.6825  0.9179  5735.92

------------------------------------------------------------


------------------------------------------------------------
Đang tối ưu mô hình: LIGHTGBM
------------------------------------------------------------
  [Evaluation] StratifiedKFold (3-fold)

Thực thi: Random Search...
  Running Random Search...
/usr/lib/python3.12/multiprocessing/queues.py:122: UserWarning: pkg_resources is deprecated as an API. See https://setuptools.pypa.io/en/latest/pkg_resources.html. The pkg_resources package is slated for removal as early as 2025-11-30. Refrain from using this package or pin to Setuptools<81.
  return _ForkingPickler.loads(res)
/usr/lib/python3.12/multiprocessing/queues.py:122: UserWarning: pkg_resources is deprecated as an API. See https://setuptools.pypa.io/en/latest/pkg_resources.html. The pkg_resources package is slated for removal as early as 2025-11-30. Refrain from using this package or pin to Setuptools<81.
  return _ForkingPickler.loads(res)

Thực thi: Optuna (TPE)...
  Running Optuna (TPE)...
/usr/lib/python3.12/multiprocessing/queues.py:122: UserWarning: pkg_resources is deprecated as an API. See https://setuptools.pypa.io/en/latest/pkg_resources.html. The pkg_resources package is slated for removal as early as 2025-11-30. Refrain from using this package or pin to Setuptools<81.
  return _ForkingPickler.loads(res)
/usr/lib/python3.12/multiprocessing/queues.py:122: UserWarning: pkg_resources is deprecated as an API. See https://setuptools.pypa.io/en/latest/pkg_resources.html. The pkg_resources package is slated for removal as early as 2025-11-30. Refrain from using this package or pin to Setuptools<81.
  return _ForkingPickler.loads(res)

Thực thi: Hyperopt (TPE)...
  Running Hyperopt (TPE)...
/usr/lib/python3.12/multiprocessing/queues.py:122: UserWarning: pkg_resources is deprecated as an API. See https://setuptools.pypa.io/en/latest/pkg_resources.html. The pkg_resources package is slated for removal as early as 2025-11-30. Refrain from using this package or pin to Setuptools<81.
  return _ForkingPickler.loads(res)
/usr/lib/python3.12/multiprocessing/queues.py:122: UserWarning: pkg_resources is deprecated as an API. See https://setuptools.pypa.io/en/latest/pkg_resources.html. The pkg_resources package is slated for removal as early as 2025-11-30. Refrain from using this package or pin to Setuptools<81.
  return _ForkingPickler.loads(res)

Thực thi: AMSCO...
  Running AMSCO...
  [MetaController] Initializing Random
  [MetaController] Initializing Bayesian
  [MetaController] Initializing Grid
  [MetaController] UCB scores: {'Random': '1.75', 'Bayesian': '1.94', 'Grid': '1.98'} -> Chose Grid
  [MetaController] UCB scores: {'Random': '1.93', 'Bayesian': '2.13', 'Grid': '1.68'} -> Chose Bayesian
  [MetaController] UCB scores: {'Random': '2.06', 'Bayesian': '1.79', 'Grid': '1.77'} -> Chose Random
  [MetaController] UCB scores: {'Random': '1.80', 'Bayesian': '1.86', 'Grid': '1.84'} -> Chose Bayesian
  [MetaController] UCB scores: {'Random': '1.85', 'Bayesian': '1.65', 'Grid': '1.89'} -> Chose Grid
  [MetaController] UCB scores: {'Random': '1.90', 'Bayesian': '1.69', 'Grid': '1.68'} -> Chose Random
  [MetaController] UCB scores: {'Random': '1.68', 'Bayesian': '1.73', 'Grid': '1.71'} -> Chose Bayesian
/usr/lib/python3.12/multiprocessing/queues.py:122: UserWarning: pkg_resources is deprecated as an API. See https://setuptools.pypa.io/en/latest/pkg_resources.html. The pkg_resources package is slated for removal as early as 2025-11-30. Refrain from using this package or pin to Setuptools<81.
  return _ForkingPickler.loads(res)
/usr/lib/python3.12/multiprocessing/queues.py:122: UserWarning: pkg_resources is deprecated as an API. See https://setuptools.pypa.io/en/latest/pkg_resources.html. The pkg_resources package is slated for removal as early as 2025-11-30. Refrain from using this package or pin to Setuptools<81.
  return _ForkingPickler.loads(res)

============================================================
KẾT QUẢ CHO LIGHTGBM (Primary metric: accuracy)
============================================================

     Optimizer Accuracy     F1 ROC AUC Time (s)
 Random Search   0.8741 0.7113  0.9292   590.91
  Optuna (TPE)   0.8746 0.7137  0.9291   625.85
Hyperopt (TPE)   0.8743 0.7137  0.9295   704.36
         AMSCO   0.8742 0.7146  0.9292   479.31

------------------------------------------------------------


------------------------------------------------------------
Đang tối ưu mô hình: XGBOOST
------------------------------------------------------------
  [Evaluation] StratifiedKFold (3-fold)

Thực thi: Random Search...
  Running Random Search...
/usr/lib/python3.12/multiprocessing/queues.py:122: UserWarning: pkg_resources is deprecated as an API. See https://setuptools.pypa.io/en/latest/pkg_resources.html. The pkg_resources package is slated for removal as early as 2025-11-30. Refrain from using this package or pin to Setuptools<81.
  return _ForkingPickler.loads(res)
/usr/lib/python3.12/multiprocessing/queues.py:122: UserWarning: pkg_resources is deprecated as an API. See https://setuptools.pypa.io/en/latest/pkg_resources.html. The pkg_resources package is slated for removal as early as 2025-11-30. Refrain from using this package or pin to Setuptools<81.
  return _ForkingPickler.loads(res)

Thực thi: Optuna (TPE)...
  Running Optuna (TPE)...
/usr/lib/python3.12/multiprocessing/queues.py:122: UserWarning: pkg_resources is deprecated as an API. See https://setuptools.pypa.io/en/latest/pkg_resources.html. The pkg_resources package is slated for removal as early as 2025-11-30. Refrain from using this package or pin to Setuptools<81.
  return _ForkingPickler.loads(res)
/usr/lib/python3.12/multiprocessing/queues.py:122: UserWarning: pkg_resources is deprecated as an API. See https://setuptools.pypa.io/en/latest/pkg_resources.html. The pkg_resources package is slated for removal as early as 2025-11-30. Refrain from using this package or pin to Setuptools<81.
  return _ForkingPickler.loads(res)

Thực thi: Hyperopt (TPE)...
  Running Hyperopt (TPE)...
/usr/lib/python3.12/multiprocessing/queues.py:122: UserWarning: pkg_resources is deprecated as an API. See https://setuptools.pypa.io/en/latest/pkg_resources.html. The pkg_resources package is slated for removal as early as 2025-11-30. Refrain from using this package or pin to Setuptools<81.
  return _ForkingPickler.loads(res)
/usr/lib/python3.12/multiprocessing/queues.py:122: UserWarning: pkg_resources is deprecated as an API. See https://setuptools.pypa.io/en/latest/pkg_resources.html. The pkg_resources package is slated for removal as early as 2025-11-30. Refrain from using this package or pin to Setuptools<81.
  return _ForkingPickler.loads(res)

Thực thi: AMSCO...
  Running AMSCO...
  [MetaController] Initializing Random
  [MetaController] Initializing Bayesian
  [MetaController] Initializing Grid
  [MetaController] UCB scores: {'Random': '1.90', 'Bayesian': '1.97', 'Grid': '1.98'} -> Chose Grid
  [MetaController] UCB scores: {'Random': '2.09', 'Bayesian': '2.15', 'Grid': '1.68'} -> Chose Bayesian
  [MetaController] UCB scores: {'Random': '2.22', 'Bayesian': '1.71', 'Grid': '1.77'} -> Chose Random
  [MetaController] UCB scores: {'Random': '1.82', 'Bayesian': '1.78', 'Grid': '1.84'} -> Chose Grid
  [MetaController] UCB scores: {'Random': '1.87', 'Bayesian': '1.84', 'Grid': '1.64'} -> Chose Random
  [MetaController] UCB scores: {'Random': '1.67', 'Bayesian': '1.88', 'Grid': '1.68'} -> Chose Bayesian
  [MetaController] UCB scores: {'Random': '1.70', 'Bayesian': '1.68', 'Grid': '1.71'} -> Chose Grid
/usr/lib/python3.12/multiprocessing/queues.py:122: UserWarning: pkg_resources is deprecated as an API. See https://setuptools.pypa.io/en/latest/pkg_resources.html. The pkg_resources package is slated for removal as early as 2025-11-30. Refrain from using this package or pin to Setuptools<81.
  return _ForkingPickler.loads(res)
/usr/lib/python3.12/multiprocessing/queues.py:122: UserWarning: pkg_resources is deprecated as an API. See https://setuptools.pypa.io/en/latest/pkg_resources.html. The pkg_resources package is slated for removal as early as 2025-11-30. Refrain from using this package or pin to Setuptools<81.
  return _ForkingPickler.loads(res)

============================================================
KẾT QUẢ CHO XGBOOST (Primary metric: accuracy)
============================================================

     Optimizer Accuracy     F1 ROC AUC Time (s)
 Random Search   0.8743 0.7106  0.9289   520.95
  Optuna (TPE)   0.8747 0.7156  0.9290   520.18
Hyperopt (TPE)   0.8742 0.7133  0.9296   601.67
         AMSCO   0.8737 0.7115  0.9278   358.61

------------------------------------------------------------


=======================================================
ĐANG THỬ NGHIỆM TRÊN BỘ DỮ LIỆU: BREAST_CANCER
=======================================================
... Đang tải Breast Cancer (sklearn)

------------------------------------------------------------
Đang tối ưu mô hình: LOGISTIC_REGRESSION
------------------------------------------------------------
  [Evaluation] StratifiedKFold (3-fold)

Thực thi: Random Search...
  Running Random Search...

Thực thi: Optuna (TPE)...
  Running Optuna (TPE)...

Thực thi: Hyperopt (TPE)...
  Running Hyperopt (TPE)...

Thực thi: AMSCO...
  Running AMSCO...
  [MetaController] Initializing Random
  [MetaController] Initializing Bayesian
  [MetaController] Initializing Grid
  [MetaController] UCB scores: {'Random': '2.00', 'Bayesian': '2.09', 'Grid': '1.98'} -> Chose Bayesian
  [MetaController] UCB scores: {'Random': '2.19', 'Bayesian': '1.73', 'Grid': '2.17'} -> Chose Random
  [MetaController] UCB scores: {'Random': '1.75', 'Bayesian': '1.82', 'Grid': '2.29'} -> Chose Grid
  [MetaController] UCB scores: {'Random': '1.82', 'Bayesian': '1.89', 'Grid': '1.84'} -> Chose Bayesian
  [MetaController] UCB scores: {'Random': '1.87', 'Bayesian': '1.68', 'Grid': '1.90'} -> Chose Grid
  [MetaController] UCB scores: {'Random': '1.92', 'Bayesian': '1.71', 'Grid': '1.68'} -> Chose Random
  [MetaController] UCB scores: {'Random': '1.72', 'Bayesian': '1.75', 'Grid': '1.71'} -> Chose Bayesian

============================================================
KẾT QUẢ CHO LOGISTIC_REGRESSION (Primary metric: accuracy)
============================================================

     Optimizer Accuracy     F1 ROC AUC Time (s)
 Random Search   0.9772 0.9820  0.9945    10.41
  Optuna (TPE)   0.9772 0.9820  0.9940    11.16
Hyperopt (TPE)   0.9772 0.9820  0.9945    10.99
         AMSCO   0.9754 0.9805  0.9933     8.82

------------------------------------------------------------


------------------------------------------------------------
Đang tối ưu mô hình: RANDOM_FOREST
------------------------------------------------------------
  [Evaluation] StratifiedKFold (3-fold)

Thực thi: Random Search...
  Running Random Search...

Thực thi: Optuna (TPE)...
  Running Optuna (TPE)...

Thực thi: Hyperopt (TPE)...
  Running Hyperopt (TPE)...

Thực thi: AMSCO...
  Running AMSCO...
  [MetaController] Initializing Random
  [MetaController] Initializing Bayesian
  [MetaController] Initializing Grid
  [MetaController] UCB scores: {'Random': '1.96', 'Bayesian': '1.94', 'Grid': '1.98'} -> Chose Grid
  [MetaController] UCB scores: {'Random': '2.14', 'Bayesian': '2.12', 'Grid': '1.68'} -> Chose Random
  [MetaController] UCB scores: {'Random': '1.78', 'Bayesian': '2.25', 'Grid': '1.77'} -> Chose Bayesian
  [MetaController] UCB scores: {'Random': '1.85', 'Bayesian': '1.82', 'Grid': '1.84'} -> Chose Random
  [MetaController] UCB scores: {'Random': '1.62', 'Bayesian': '1.87', 'Grid': '1.89'} -> Chose Grid
  [MetaController] UCB scores: {'Random': '1.66', 'Bayesian': '1.92', 'Grid': '1.68'} -> Chose Bayesian
  [MetaController] UCB scores: {'Random': '1.69', 'Bayesian': '1.68', 'Grid': '1.71'} -> Chose Grid

============================================================
KẾT QUẢ CHO RANDOM_FOREST (Primary metric: accuracy)
============================================================

     Optimizer Accuracy     F1 ROC AUC Time (s)
 Random Search   0.9596 0.9683  0.9882   218.74
  Optuna (TPE)   0.9596 0.9685  0.9886   261.73
Hyperopt (TPE)   0.9596 0.9685  0.9884   244.49
         AMSCO   0.9561 0.9658  0.9875   136.22

------------------------------------------------------------


------------------------------------------------------------
Đang tối ưu mô hình: LIGHTGBM
------------------------------------------------------------
  [Evaluation] StratifiedKFold (3-fold)

Thực thi: Random Search...
  Running Random Search...

Thực thi: Optuna (TPE)...
  Running Optuna (TPE)...

Thực thi: Hyperopt (TPE)...
  Running Hyperopt (TPE)...

Thực thi: AMSCO...
  Running AMSCO...
  [MetaController] Initializing Random
  [MetaController] Initializing Bayesian
  [MetaController] Initializing Grid
  [MetaController] UCB scores: {'Random': '2.07', 'Bayesian': '1.92', 'Grid': '1.98'} -> Chose Random
  [MetaController] UCB scores: {'Random': '1.75', 'Bayesian': '2.10', 'Grid': '2.17'} -> Chose Grid
  [MetaController] UCB scores: {'Random': '1.84', 'Bayesian': '2.23', 'Grid': '1.77'} -> Chose Bayesian
  [MetaController] UCB scores: {'Random': '1.91', 'Bayesian': '1.77', 'Grid': '1.84'} -> Chose Random
  [MetaController] UCB scores: {'Random': '1.63', 'Bayesian': '1.83', 'Grid': '1.89'} -> Chose Grid
  [MetaController] UCB scores: {'Random': '1.67', 'Bayesian': '1.88', 'Grid': '1.68'} -> Chose Bayesian
  [MetaController] UCB scores: {'Random': '1.70', 'Bayesian': '1.67', 'Grid': '1.71'} -> Chose Grid

============================================================
KẾT QUẢ CHO LIGHTGBM (Primary metric: accuracy)
============================================================

     Optimizer Accuracy     F1 ROC AUC Time (s)
 Random Search   0.9701 0.9767  0.9925    58.71
  Optuna (TPE)   0.9719 0.9781  0.9934    60.80
Hyperopt (TPE)   0.9736 0.9795  0.9932    66.52
         AMSCO   0.9684 0.9754  0.9930    48.92

------------------------------------------------------------


------------------------------------------------------------
Đang tối ưu mô hình: XGBOOST
------------------------------------------------------------
  [Evaluation] StratifiedKFold (3-fold)

Thực thi: Random Search...
  Running Random Search...

Thực thi: Optuna (TPE)...
  Running Optuna (TPE)...

Thực thi: Hyperopt (TPE)...
  Running Hyperopt (TPE)...

Thực thi: AMSCO...
  Running AMSCO...
  [MetaController] Initializing Random
  [MetaController] Initializing Bayesian
  [MetaController] Initializing Grid
  [MetaController] UCB scores: {'Random': '1.96', 'Bayesian': '2.03', 'Grid': '1.98'} -> Chose Bayesian
  [MetaController] UCB scores: {'Random': '2.14', 'Bayesian': '1.72', 'Grid': '2.17'} -> Chose Grid
  [MetaController] UCB scores: {'Random': '2.27', 'Bayesian': '1.81', 'Grid': '1.78'} -> Chose Random
  [MetaController] UCB scores: {'Random': '1.83', 'Bayesian': '1.88', 'Grid': '1.85'} -> Chose Bayesian
  [MetaController] UCB scores: {'Random': '1.88', 'Bayesian': '1.67', 'Grid': '1.91'} -> Chose Grid
  [MetaController] UCB scores: {'Random': '1.93', 'Bayesian': '1.71', 'Grid': '1.69'} -> Chose Random
  [MetaController] UCB scores: {'Random': '1.75', 'Bayesian': '1.74', 'Grid': '1.72'} -> Chose Random

============================================================
KẾT QUẢ CHO XGBOOST (Primary metric: accuracy)
============================================================

     Optimizer Accuracy     F1 ROC AUC Time (s)
 Random Search   0.9701 0.9767  0.9913    86.07
  Optuna (TPE)   0.9684 0.9753  0.9915    71.28
Hyperopt (TPE)   0.9684 0.9753  0.9916    77.94
         AMSCO   0.9684 0.9752  0.9921    59.12

------------------------------------------------------------


=======================================================
ĐANG THỬ NGHIỆM TRÊN BỘ DỮ LIỆU: TELCO
=======================================================
... Đang tải Telco Customer Churn

------------------------------------------------------------
Đang tối ưu mô hình: LOGISTIC_REGRESSION
------------------------------------------------------------
  [Evaluation] StratifiedKFold (3-fold)

Thực thi: Random Search...
  Running Random Search...

Thực thi: Optuna (TPE)...
  Running Optuna (TPE)...

Thực thi: Hyperopt (TPE)...
  Running Hyperopt (TPE)...

Thực thi: AMSCO...
  Running AMSCO...
  [MetaController] Initializing Random
  [MetaController] Initializing Bayesian
  [MetaController] Initializing Grid
  [MetaController] UCB scores: {'Random': '1.99', 'Bayesian': '1.98', 'Grid': '1.98'} -> Chose Random
  [MetaController] UCB scores: {'Random': '1.68', 'Bayesian': '2.17', 'Grid': '2.16'} -> Chose Bayesian
  [MetaController] UCB scores: {'Random': '1.77', 'Bayesian': '1.77', 'Grid': '2.29'} -> Chose Grid
  [MetaController] UCB scores: {'Random': '1.84', 'Bayesian': '1.84', 'Grid': '1.84'} -> Chose Random
  [MetaController] UCB scores: {'Random': '1.64', 'Bayesian': '1.89', 'Grid': '1.89'} -> Chose Bayesian
  [MetaController] UCB scores: {'Random': '1.68', 'Bayesian': '1.67', 'Grid': '1.94'} -> Chose Grid
  [MetaController] UCB scores: {'Random': '1.71', 'Bayesian': '1.70', 'Grid': '1.71'} -> Chose Random

============================================================
KẾT QUẢ CHO LOGISTIC_REGRESSION (Primary metric: accuracy)
============================================================

     Optimizer Accuracy     F1 ROC AUC Time (s)
 Random Search   0.8034 0.5808  0.8430   123.21
  Optuna (TPE)   0.8036 0.5809  0.8429   129.50
Hyperopt (TPE)   0.8036 0.5809  0.8430   126.01
         AMSCO   0.8035 0.5804  0.8429   100.55

------------------------------------------------------------


------------------------------------------------------------
Đang tối ưu mô hình: RANDOM_FOREST
------------------------------------------------------------
  [Evaluation] StratifiedKFold (3-fold)

Thực thi: Random Search...
  Running Random Search...
/usr/lib/python3.12/multiprocessing/queues.py:122: UserWarning: pkg_resources is deprecated as an API. See https://setuptools.pypa.io/en/latest/pkg_resources.html. The pkg_resources package is slated for removal as early as 2025-11-30. Refrain from using this package or pin to Setuptools<81.
  return _ForkingPickler.loads(res)
/usr/lib/python3.12/multiprocessing/queues.py:122: UserWarning: pkg_resources is deprecated as an API. See https://setuptools.pypa.io/en/latest/pkg_resources.html. The pkg_resources package is slated for removal as early as 2025-11-30. Refrain from using this package or pin to Setuptools<81.
  return _ForkingPickler.loads(res)

Thực thi: Optuna (TPE)...
  Running Optuna (TPE)...
/usr/lib/python3.12/multiprocessing/queues.py:122: UserWarning: pkg_resources is deprecated as an API. See https://setuptools.pypa.io/en/latest/pkg_resources.html. The pkg_resources package is slated for removal as early as 2025-11-30. Refrain from using this package or pin to Setuptools<81.
  return _ForkingPickler.loads(res)
/usr/lib/python3.12/multiprocessing/queues.py:122: UserWarning: pkg_resources is deprecated as an API. See https://setuptools.pypa.io/en/latest/pkg_resources.html. The pkg_resources package is slated for removal as early as 2025-11-30. Refrain from using this package or pin to Setuptools<81.
  return _ForkingPickler.loads(res)

Thực thi: Hyperopt (TPE)...
  Running Hyperopt (TPE)...
/usr/lib/python3.12/multiprocessing/queues.py:122: UserWarning: pkg_resources is deprecated as an API. See https://setuptools.pypa.io/en/latest/pkg_resources.html. The pkg_resources package is slated for removal as early as 2025-11-30. Refrain from using this package or pin to Setuptools<81.
  return _ForkingPickler.loads(res)
/usr/lib/python3.12/multiprocessing/queues.py:122: UserWarning: pkg_resources is deprecated as an API. See https://setuptools.pypa.io/en/latest/pkg_resources.html. The pkg_resources package is slated for removal as early as 2025-11-30. Refrain from using this package or pin to Setuptools<81.
  return _ForkingPickler.loads(res)

Thực thi: AMSCO...
  Running AMSCO...
  [MetaController] Initializing Random
  [MetaController] Initializing Bayesian
  [MetaController] Initializing Grid
  [MetaController] UCB scores: {'Random': '1.98', 'Bayesian': '2.38', 'Grid': '1.97'} -> Chose Bayesian
  [MetaController] UCB scores: {'Random': '2.17', 'Bayesian': '1.88', 'Grid': '2.15'} -> Chose Random
  [MetaController] UCB scores: {'Random': '1.57', 'Bayesian': '1.97', 'Grid': '2.28'} -> Chose Grid
  [MetaController] UCB scores: {'Random': '1.64', 'Bayesian': '2.04', 'Grid': '1.85'} -> Chose Bayesian
  [MetaController] UCB scores: {'Random': '1.69', 'Bayesian': '1.73', 'Grid': '1.91'} -> Chose Grid
  [MetaController] UCB scores: {'Random': '1.74', 'Bayesian': '1.77', 'Grid': '1.69'} -> Chose Bayesian
  [MetaController] UCB scores: {'Random': '1.78', 'Bayesian': '1.61', 'Grid': '1.73'} -> Chose Random
/usr/lib/python3.12/multiprocessing/queues.py:122: UserWarning: pkg_resources is deprecated as an API. See https://setuptools.pypa.io/en/latest/pkg_resources.html. The pkg_resources package is slated for removal as early as 2025-11-30. Refrain from using this package or pin to Setuptools<81.
  return _ForkingPickler.loads(res)
/usr/lib/python3.12/multiprocessing/queues.py:122: UserWarning: pkg_resources is deprecated as an API. See https://setuptools.pypa.io/en/latest/pkg_resources.html. The pkg_resources package is slated for removal as early as 2025-11-30. Refrain from using this package or pin to Setuptools<81.
  return _ForkingPickler.loads(res)

============================================================
KẾT QUẢ CHO RANDOM_FOREST (Primary metric: accuracy)
============================================================

     Optimizer Accuracy     F1 ROC AUC Time (s)
 Random Search   0.7845 0.4377  0.8315   388.95
  Optuna (TPE)   0.7883 0.4614  0.8337   895.29
Hyperopt (TPE)   0.7886 0.4621  0.8353   528.22
         AMSCO   0.7873 0.4492  0.8348   530.05

------------------------------------------------------------


------------------------------------------------------------
Đang tối ưu mô hình: LIGHTGBM
------------------------------------------------------------
  [Evaluation] StratifiedKFold (3-fold)

Thực thi: Random Search...
  Running Random Search...

Thực thi: Optuna (TPE)...
  Running Optuna (TPE)...

Thực thi: Hyperopt (TPE)...
  Running Hyperopt (TPE)...

Thực thi: AMSCO...
  Running AMSCO...
  [MetaController] Initializing Random
  [MetaController] Initializing Bayesian
  [MetaController] Initializing Grid
  [MetaController] UCB scores: {'Random': '2.10', 'Bayesian': '2.01', 'Grid': '1.98'} -> Chose Random
  [MetaController] UCB scores: {'Random': '1.74', 'Bayesian': '2.20', 'Grid': '2.16'} -> Chose Bayesian
  [MetaController] UCB scores: {'Random': '1.83', 'Bayesian': '1.85', 'Grid': '2.29'} -> Chose Grid
  [MetaController] UCB scores: {'Random': '1.90', 'Bayesian': '1.92', 'Grid': '1.84'} -> Chose Bayesian
  [MetaController] UCB scores: {'Random': '1.95', 'Bayesian': '1.68', 'Grid': '1.90'} -> Chose Random
  [MetaController] UCB scores: {'Random': '1.70', 'Bayesian': '1.72', 'Grid': '1.95'} -> Chose Grid
  [MetaController] UCB scores: {'Random': '1.73', 'Bayesian': '1.75', 'Grid': '1.71'} -> Chose Bayesian

============================================================
KẾT QUẢ CHO LIGHTGBM (Primary metric: accuracy)
============================================================

     Optimizer Accuracy     F1 ROC AUC Time (s)
 Random Search   0.8042 0.5767  0.8472   267.40
  Optuna (TPE)   0.8048 0.5847  0.8475   246.25
Hyperopt (TPE)   0.8046 0.5880  0.8467   253.01
         AMSCO   0.8052 0.5868  0.8468   199.74

------------------------------------------------------------


------------------------------------------------------------
Đang tối ưu mô hình: XGBOOST
------------------------------------------------------------
  [Evaluation] StratifiedKFold (3-fold)

Thực thi: Random Search...
  Running Random Search...
/usr/lib/python3.12/multiprocessing/queues.py:122: UserWarning: pkg_resources is deprecated as an API. See https://setuptools.pypa.io/en/latest/pkg_resources.html. The pkg_resources package is slated for removal as early as 2025-11-30. Refrain from using this package or pin to Setuptools<81.
  return _ForkingPickler.loads(res)
/usr/lib/python3.12/multiprocessing/queues.py:122: UserWarning: pkg_resources is deprecated as an API. See https://setuptools.pypa.io/en/latest/pkg_resources.html. The pkg_resources package is slated for removal as early as 2025-11-30. Refrain from using this package or pin to Setuptools<81.
  return _ForkingPickler.loads(res)

Thực thi: Optuna (TPE)...
  Running Optuna (TPE)...
/usr/lib/python3.12/multiprocessing/queues.py:122: UserWarning: pkg_resources is deprecated as an API. See https://setuptools.pypa.io/en/latest/pkg_resources.html. The pkg_resources package is slated for removal as early as 2025-11-30. Refrain from using this package or pin to Setuptools<81.
  return _ForkingPickler.loads(res)
/usr/lib/python3.12/multiprocessing/queues.py:122: UserWarning: pkg_resources is deprecated as an API. See https://setuptools.pypa.io/en/latest/pkg_resources.html. The pkg_resources package is slated for removal as early as 2025-11-30. Refrain from using this package or pin to Setuptools<81.
  return _ForkingPickler.loads(res)

Thực thi: Hyperopt (TPE)...
  Running Hyperopt (TPE)...
/usr/lib/python3.12/multiprocessing/queues.py:122: UserWarning: pkg_resources is deprecated as an API. See https://setuptools.pypa.io/en/latest/pkg_resources.html. The pkg_resources package is slated for removal as early as 2025-11-30. Refrain from using this package or pin to Setuptools<81.
  return _ForkingPickler.loads(res)
/usr/lib/python3.12/multiprocessing/queues.py:122: UserWarning: pkg_resources is deprecated as an API. See https://setuptools.pypa.io/en/latest/pkg_resources.html. The pkg_resources package is slated for removal as early as 2025-11-30. Refrain from using this package or pin to Setuptools<81.
  return _ForkingPickler.loads(res)

Thực thi: AMSCO...
  Running AMSCO...
  [MetaController] Initializing Random
  [MetaController] Initializing Bayesian
  [MetaController] Initializing Grid
  [MetaController] UCB scores: {'Random': '2.08', 'Bayesian': '2.02', 'Grid': '1.97'} -> Chose Random
  [MetaController] UCB scores: {'Random': '1.90', 'Bayesian': '2.20', 'Grid': '2.15'} -> Chose Bayesian
  [MetaController] UCB scores: {'Random': '1.99', 'Bayesian': '1.76', 'Grid': '2.28'} -> Chose Grid
  [MetaController] UCB scores: {'Random': '2.06', 'Bayesian': '1.83', 'Grid': '1.84'} -> Chose Random
  [MetaController] UCB scores: {'Random': '1.78', 'Bayesian': '1.89', 'Grid': '1.89'} -> Chose Grid
  [MetaController] UCB scores: {'Random': '1.82', 'Bayesian': '1.93', 'Grid': '1.68'} -> Chose Bayesian
  [MetaController] UCB scores: {'Random': '1.85', 'Bayesian': '1.70', 'Grid': '1.71'} -> Chose Random
/usr/lib/python3.12/multiprocessing/queues.py:122: UserWarning: pkg_resources is deprecated as an API. See https://setuptools.pypa.io/en/latest/pkg_resources.html. The pkg_resources package is slated for removal as early as 2025-11-30. Refrain from using this package or pin to Setuptools<81.
  return _ForkingPickler.loads(res)
/usr/lib/python3.12/multiprocessing/queues.py:122: UserWarning: pkg_resources is deprecated as an API. See https://setuptools.pypa.io/en/latest/pkg_resources.html. The pkg_resources package is slated for removal as early as 2025-11-30. Refrain from using this package or pin to Setuptools<81.
  return _ForkingPickler.loads(res)

============================================================
KẾT QUẢ CHO XGBOOST (Primary metric: accuracy)
============================================================

     Optimizer Accuracy     F1 ROC AUC Time (s)
 Random Search   0.8036 0.5854  0.8481  1410.29
  Optuna (TPE)   0.8059 0.5923  0.8482   731.95
Hyperopt (TPE)   0.8063 0.5934  0.8476   878.08
         AMSCO   0.8046 0.5872  0.8478   910.06

------------------------------------------------------------



============================================================
                    KẾT QUẢ THỬ NGHIỆM TỔNG QUÁT                    
============================================================

ĐIỂM SỐ TRUNG BÌNH THEO DATASET VÀ MÔ HÌNH (PRIMARY SCORE):
------------------------------------------------------------
optimizer                           AMSCO  Hyperopt (TPE)  Optuna (TPE)  Random Search
dataset       model                                                                   
adult         lightgbm             0.8742          0.8743        0.8746         0.8741
              logistic_regression  0.8527          0.8527        0.8527         0.8527
              random_forest        0.8649          0.8647        0.8648         0.8647
              xgboost              0.8737          0.8742        0.8747         0.8743
breast_cancer lightgbm             0.9684          0.9736        0.9719         0.9701
              logistic_regression  0.9754          0.9772        0.9772         0.9772
              random_forest        0.9561          0.9596        0.9596         0.9596
              xgboost              0.9684          0.9684        0.9684         0.9701
telco         lightgbm             0.8052          0.8046        0.8048         0.8042
              logistic_regression  0.8035          0.8036        0.8036         0.8034
              random_forest        0.7873          0.7886        0.7883         0.7845
              xgboost              0.8046          0.8063        0.8059         0.8036


ĐIỂM SỐ TRUNG BÌNH THEO DATASET VÀ MÔ HÌNH (ACCURACY):
------------------------------------------------------------
optimizer                           AMSCO  Hyperopt (TPE)  Optuna (TPE)  Random Search
dataset       model                                                                   
adult         lightgbm             0.8742          0.8743        0.8746         0.8741
              logistic_regression  0.8527          0.8527        0.8527         0.8527
              random_forest        0.8649          0.8647        0.8648         0.8647
              xgboost              0.8737          0.8742        0.8747         0.8743
breast_cancer lightgbm             0.9684          0.9736        0.9719         0.9701
              logistic_regression  0.9754          0.9772        0.9772         0.9772
              random_forest        0.9561          0.9596        0.9596         0.9596
              xgboost              0.9684          0.9684        0.9684         0.9701
telco         lightgbm             0.8052          0.8046        0.8048         0.8042
              logistic_regression  0.8035          0.8036        0.8036         0.8034
              random_forest        0.7873          0.7886        0.7883         0.7845
              xgboost              0.8046          0.8063        0.8059         0.8036


ĐIỂM SỐ TRUNG BÌNH THEO DATASET VÀ MÔ HÌNH (F1):
------------------------------------------------------------
optimizer                           AMSCO  Hyperopt (TPE)  Optuna (TPE)  Random Search
dataset       model                                                                   
adult         lightgbm             0.7146          0.7137        0.7137         0.7113
              logistic_regression  0.6609          0.6609        0.6608         0.6608
              random_forest        0.6825          0.6804        0.6816         0.6819
              xgboost              0.7115          0.7133        0.7156         0.7106
breast_cancer lightgbm             0.9754          0.9795        0.9781         0.9767
              logistic_regression  0.9805          0.9820        0.9820         0.9820
              random_forest        0.9658          0.9685        0.9685         0.9683
              xgboost              0.9752          0.9753        0.9753         0.9767
telco         lightgbm             0.5868          0.5880        0.5847         0.5767
              logistic_regression  0.5804          0.5809        0.5809         0.5808
              random_forest        0.4492          0.4621        0.4614         0.4377
              xgboost              0.5872          0.5934        0.5923         0.5854


ĐIỂM SỐ TRUNG BÌNH THEO DATASET VÀ MÔ HÌNH (ROC_AUC):
------------------------------------------------------------
optimizer                           AMSCO  Hyperopt (TPE)  Optuna (TPE)  Random Search
dataset       model                                                                   
adult         lightgbm             0.9292          0.9295        0.9291         0.9292
              logistic_regression  0.9064          0.9064        0.9064         0.9064
              random_forest        0.9179          0.9174        0.9178         0.9179
              xgboost              0.9278          0.9296        0.9290         0.9289
breast_cancer lightgbm             0.9930          0.9932        0.9934         0.9925
              logistic_regression  0.9933          0.9945        0.9940         0.9945
              random_forest        0.9875          0.9884        0.9886         0.9882
              xgboost              0.9921          0.9916        0.9915         0.9913
telco         lightgbm             0.8468          0.8467        0.8475         0.8472
              logistic_regression  0.8429          0.8430        0.8429         0.8430
              random_forest        0.8348          0.8353        0.8337         0.8315
              xgboost              0.8478          0.8476        0.8482         0.8481


THỜI GIAN CHẠY TRUNG BÌNH (GIÂY):
------------------------------------------------------------
optimizer                            AMSCO  Hyperopt (TPE)  Optuna (TPE)  Random Search
dataset       model                                                                    
adult         lightgbm              479.31          704.36        625.85         590.91
              logistic_regression   221.94          258.89        345.68         121.47
              random_forest        5735.92         8035.13       9177.47        4941.98
              xgboost               358.61          601.67        520.18         520.95
breast_cancer lightgbm               48.92           66.52         60.80          58.71
              logistic_regression     8.82           10.99         11.16          10.41
              random_forest         136.22          244.49        261.73         218.74
              xgboost                59.12           77.94         71.28          86.07
telco         lightgbm              199.74          253.01        246.25         267.40
              logistic_regression   100.55          126.01        129.50         123.21
              random_forest         530.05          528.22        895.29         388.95
              xgboost               910.06          878.08        731.95        1410.29


THỐNG KÊ TỔNG HỢP (Primary metric):
------------------------------------------------------------
     Optimizer  Avg Score  Std Score  Avg Time  Total Time
 Random Search     0.8782     0.0736  728.2576   8739.0917
  Optuna (TPE)     0.8789     0.0729 1089.7634  13077.1605
Hyperopt (TPE)     0.8790     0.0730  982.1095  11785.3146
         AMSCO     0.8779     0.0721  732.4394   8789.2724

Ghi chú:
- Điểm số là mean của StratifiedKFold (3-fold) cho các metric: accuracy, f1, roc_auc
- Tối ưu dựa trên primary metric: accuracy


=======================================================
         KẾT QUẢ THỬ NGHIỆM TỔNG QUÁT
=======================================================
      dataset               model      optimizer primary_metric  primary_score  accuracy       f1  roc_auc        time evaluation
        adult logistic_regression  Random Search       accuracy       0.852688  0.852688 0.660834 0.906414  121.468472   cv_3fold
        adult logistic_regression   Optuna (TPE)       accuracy       0.852709  0.852709 0.660834 0.906419  345.683405   cv_3fold
        adult logistic_regression Hyperopt (TPE)       accuracy       0.852709  0.852709 0.660866 0.906415  258.894696   cv_3fold
        adult logistic_regression          AMSCO       accuracy       0.852729  0.852729 0.660897 0.906419  221.942280   cv_3fold
        adult       random_forest  Random Search       accuracy       0.864707  0.864707 0.681879 0.917943 4941.983183   cv_3fold
        adult       random_forest   Optuna (TPE)       accuracy       0.864809  0.864809 0.681646 0.917754 9177.472682   cv_3fold
        adult       random_forest Hyperopt (TPE)       accuracy       0.864727  0.864727 0.680399 0.917386 8035.125671   cv_3fold
        adult       random_forest          AMSCO       accuracy       0.864870  0.864870 0.682453 0.917910 5735.919685   cv_3fold
        adult            lightgbm  Random Search       accuracy       0.874063  0.874063 0.711270 0.929199  590.909336   cv_3fold
        adult            lightgbm   Optuna (TPE)       accuracy       0.874555  0.874555 0.713678 0.929111  625.850478   cv_3fold
        adult            lightgbm Hyperopt (TPE)       accuracy       0.874268  0.874268 0.713722 0.929451  704.360241   cv_3fold
        adult            lightgbm          AMSCO       accuracy       0.874166  0.874166 0.714640 0.929243  479.312452   cv_3fold
        adult             xgboost  Random Search       accuracy       0.874268  0.874268 0.710573 0.928861  520.953072   cv_3fold
        adult             xgboost   Optuna (TPE)       accuracy       0.874698  0.874698 0.715643 0.929018  520.184186   cv_3fold
        adult             xgboost Hyperopt (TPE)       accuracy       0.874166  0.874166 0.713264 0.929569  601.667873   cv_3fold
        adult             xgboost          AMSCO       accuracy       0.873736  0.873736 0.711514 0.927823  358.607462   cv_3fold
breast_cancer logistic_regression  Random Search       accuracy       0.977174  0.977174 0.982029 0.994469   10.405632   cv_3fold
breast_cancer logistic_regression   Optuna (TPE)       accuracy       0.977184  0.977184 0.982049 0.994035   11.160341   cv_3fold
breast_cancer logistic_regression Hyperopt (TPE)       accuracy       0.977174  0.977174 0.982029 0.994548   10.993008   cv_3fold
breast_cancer logistic_regression          AMSCO       accuracy       0.975429  0.975429 0.980529 0.993325    8.821368   cv_3fold
breast_cancer       random_forest  Random Search       accuracy       0.959593  0.959593 0.968325 0.988230  218.735244   cv_3fold
breast_cancer       random_forest   Optuna (TPE)       accuracy       0.959603  0.959603 0.968493 0.988611  261.734961   cv_3fold
breast_cancer       random_forest Hyperopt (TPE)       accuracy       0.959603  0.959603 0.968493 0.988353  244.493420   cv_3fold
breast_cancer       random_forest          AMSCO       accuracy       0.956094  0.956094 0.965826 0.987474  136.221621   cv_3fold
breast_cancer            lightgbm  Random Search       accuracy       0.970129  0.970129 0.976726 0.992525   58.714373   cv_3fold
breast_cancer            lightgbm   Optuna (TPE)       accuracy       0.971893  0.971893 0.978108 0.993353   60.803868   cv_3fold
breast_cancer            lightgbm Hyperopt (TPE)       accuracy       0.973647  0.973647 0.979503 0.993194   66.517589   cv_3fold
breast_cancer            lightgbm          AMSCO       accuracy       0.968384  0.968384 0.975441 0.992954   48.924394   cv_3fold
breast_cancer             xgboost  Random Search       accuracy       0.970129  0.970129 0.976702 0.991287   86.070306   cv_3fold
breast_cancer             xgboost   Optuna (TPE)       accuracy       0.968375  0.968375 0.975262 0.991462   71.276147   cv_3fold
breast_cancer             xgboost Hyperopt (TPE)       accuracy       0.968375  0.968375 0.975322 0.991568   77.942574   cv_3fold
breast_cancer             xgboost          AMSCO       accuracy       0.968365  0.968365 0.975174 0.992085   59.122626   cv_3fold
        telco logistic_regression  Random Search       accuracy       0.803350  0.803350 0.580779 0.843007  123.211909   cv_3fold
        telco logistic_regression   Optuna (TPE)       accuracy       0.803634  0.803634 0.580897 0.842940  129.496110   cv_3fold
        telco logistic_regression Hyperopt (TPE)       accuracy       0.803634  0.803634 0.580897 0.842953  126.009637   cv_3fold
        telco logistic_regression          AMSCO       accuracy       0.803492  0.803492 0.580450 0.842937  100.553056   cv_3fold
        telco       random_forest  Random Search       accuracy       0.784467  0.784467 0.437662 0.831544  388.952812   cv_3fold
        telco       random_forest   Optuna (TPE)       accuracy       0.788300  0.788300 0.461417 0.833661  895.294910   cv_3fold
        telco       random_forest Hyperopt (TPE)       accuracy       0.788585  0.788585 0.462143 0.835330  528.218143   cv_3fold
        telco       random_forest          AMSCO       accuracy       0.787306  0.787306 0.449229 0.834831  530.052582   cv_3fold
        telco            lightgbm  Random Search       accuracy       0.804203  0.804203 0.576744 0.847174  267.400846   cv_3fold
        telco            lightgbm   Optuna (TPE)       accuracy       0.804771  0.804771 0.584698 0.847483  246.252022   cv_3fold
        telco            lightgbm Hyperopt (TPE)       accuracy       0.804629  0.804629 0.588046 0.846722  253.007436   cv_3fold
        telco            lightgbm          AMSCO       accuracy       0.805197  0.805197 0.586834 0.846781  199.737159   cv_3fold
        telco             xgboost  Random Search       accuracy       0.803635  0.803635 0.585352 0.848111 1410.286475   cv_3fold
        telco             xgboost   Optuna (TPE)       accuracy       0.805906  0.805906 0.592293 0.848196  731.951392   cv_3fold
        telco             xgboost Hyperopt (TPE)       accuracy       0.806332  0.806332 0.593400 0.847564  878.084270   cv_3fold
        telco             xgboost          AMSCO       accuracy       0.804629  0.804629 0.587248 0.847834  910.057674   cv_3fold
