nohup: ignoring input
[INFO] Bắt đầu chạy lúc: 2025-12-08 01:37:36

########## SEED 1 ##########

=======================================================
ĐANG THỬ NGHIỆM TRÊN BỘ DỮ LIỆU: BREAST_CANCER (seed=1)
=======================================================
... Đang tải Breast Cancer (sklearn)

------------------------------------------------------------
Đang tối ưu mô hình: RANDOM_FOREST
------------------------------------------------------------
  [Multi-Objective] Sử dụng f(θ) = 0.4·F1 + 0.4·ROC-AUC - 0.2·time
  [Evaluation] StratifiedKFold (5-fold), Primary metric: accuracy

Thực thi: Optuna (TPE)...
  [Warm-up] Đang chạy 10 trials để tính bounds...
  [Warm-up] Bounds computed: F1[0.9620, 0.9692], AUC[0.9895, 0.9921], Time[0.7311, 2.2470]

Thực thi: AMSCO...
  [Warm-up] Đang chạy 10 trials để tính bounds...
  [Warm-up] Bounds computed: F1[0.9605, 0.9737], AUC[0.9883, 0.9930], Time[0.6809, 2.5009]

============================================================
KẾT QUẢ CHO RANDOM_FOREST (Primary metric: accuracy)
============================================================

   Optimizer Accuracy     F1 ROC AUC Wall Time (s) CPU Time (s) Peak Mem (MB) RSS Mem (MB) Total Trials Iter→Best Conv. Ratio
Optuna (TPE)   0.9578 0.9662  0.9914        437.52       466.47          2.00       230.87           53        33      62.26%
       AMSCO   0.9561 0.9649  0.9917        251.66       270.02          1.31       233.04           21        11      52.38%

------------------------------------------------------------


------------------------------------------------------------
Đang tối ưu mô hình: LOGISTIC_REGRESSION
------------------------------------------------------------
  [Multi-Objective] Sử dụng f(θ) = 0.4·F1 + 0.4·ROC-AUC - 0.2·time
  [Evaluation] StratifiedKFold (5-fold), Primary metric: accuracy

Thực thi: Optuna (TPE)...
  [Warm-up] Đang chạy 10 trials để tính bounds...
  [Warm-up] Bounds computed: F1[0.9619, 0.9803], AUC[0.9876, 0.9960], Time[0.0244, 0.0274]

Thực thi: AMSCO...
  [Warm-up] Đang chạy 10 trials để tính bounds...
  [Warm-up] Bounds computed: F1[0.9578, 0.9818], AUC[0.9876, 0.9962], Time[0.0244, 0.0279]

============================================================
KẾT QUẢ CHO LOGISTIC_REGRESSION (Primary metric: accuracy)
============================================================

   Optimizer Accuracy     F1 ROC AUC Wall Time (s) CPU Time (s) Peak Mem (MB) RSS Mem (MB) Total Trials Iter→Best Conv. Ratio
Optuna (TPE)   0.9754 0.9803  0.9952         10.98        10.98          1.11       233.67           33        13      39.39%
       AMSCO   0.9772 0.9817  0.9958          6.93         6.93          0.83       233.80           18        11      61.11%

------------------------------------------------------------


=======================================================
ĐANG THỬ NGHIỆM TRÊN BỘ DỮ LIỆU: TELCO (seed=1)
=======================================================
... Đang tải Telco Customer Churn

------------------------------------------------------------
Đang tối ưu mô hình: RANDOM_FOREST
------------------------------------------------------------
  [Multi-Objective] Sử dụng f(θ) = 0.4·F1 + 0.4·ROC-AUC - 0.2·time
  [Evaluation] StratifiedKFold (5-fold), Primary metric: accuracy

Thực thi: Optuna (TPE)...
  [Warm-up] Đang chạy 10 trials để tính bounds...
  [Warm-up] Bounds computed: F1[0.4647, 0.6065], AUC[0.6135, 0.8213], Time[1.1281, 3.4137]

Thực thi: AMSCO...
  [Warm-up] Đang chạy 10 trials để tính bounds...
  [Warm-up] Bounds computed: F1[0.4647, 0.6239], AUC[0.6135, 0.8339], Time[1.0776, 3.4602]

============================================================
KẾT QUẢ CHO RANDOM_FOREST (Primary metric: accuracy)
============================================================

   Optimizer Accuracy     F1 ROC AUC Wall Time (s) CPU Time (s) Peak Mem (MB) RSS Mem (MB) Total Trials Iter→Best Conv. Ratio
Optuna (TPE)   0.7405 0.6178  0.8290        713.20       898.44          8.74       265.83           63        43      68.25%
       AMSCO   0.7429 0.6183  0.8302        340.64       423.47          8.42       266.99           21        14      66.67%

------------------------------------------------------------


------------------------------------------------------------
Đang tối ưu mô hình: LOGISTIC_REGRESSION
------------------------------------------------------------
  [Multi-Objective] Sử dụng f(θ) = 0.4·F1 + 0.4·ROC-AUC - 0.2·time
  [Evaluation] StratifiedKFold (5-fold), Primary metric: accuracy

Thực thi: Optuna (TPE)...
  [Warm-up] Đang chạy 10 trials để tính bounds...
  [Warm-up] Bounds computed: F1[0.6147, 0.6318], AUC[0.8411, 0.8446], Time[0.2957, 0.4301]

Thực thi: AMSCO...
  [Warm-up] Đang chạy 10 trials để tính bounds...
  [Warm-up] Bounds computed: F1[0.6140, 0.6340], AUC[0.8407, 0.8446], Time[0.2957, 0.5052]

============================================================
KẾT QUẢ CHO LOGISTIC_REGRESSION (Primary metric: accuracy)
============================================================

   Optimizer Accuracy     F1 ROC AUC Wall Time (s) CPU Time (s) Peak Mem (MB) RSS Mem (MB) Total Trials Iter→Best Conv. Ratio
Optuna (TPE)   0.7635 0.6314  0.8435        121.46       428.38          6.96       268.15           43        23      53.49%
       AMSCO   0.7659 0.6320  0.8436         53.21       182.94          6.56       271.71           14        10      71.43%

------------------------------------------------------------


########## SEED 2 ##########

=======================================================
ĐANG THỬ NGHIỆM TRÊN BỘ DỮ LIỆU: BREAST_CANCER (seed=2)
=======================================================
... Đang tải Breast Cancer (sklearn)

------------------------------------------------------------
Đang tối ưu mô hình: RANDOM_FOREST
------------------------------------------------------------
  [Multi-Objective] Sử dụng f(θ) = 0.4·F1 + 0.4·ROC-AUC - 0.2·time
  [Evaluation] StratifiedKFold (5-fold), Primary metric: accuracy

Thực thi: Optuna (TPE)...
  [Warm-up] Đang chạy 10 trials để tính bounds...
  [Warm-up] Bounds computed: F1[0.9645, 0.9718], AUC[0.9891, 0.9923], Time[0.8371, 2.4163]

Thực thi: AMSCO...
  [Warm-up] Đang chạy 10 trials để tính bounds...
  [Warm-up] Bounds computed: F1[0.9634, 0.9722], AUC[0.9884, 0.9930], Time[0.6616, 2.4474]

============================================================
KẾT QUẢ CHO RANDOM_FOREST (Primary metric: accuracy)
============================================================

   Optimizer Accuracy     F1 ROC AUC Wall Time (s) CPU Time (s) Peak Mem (MB) RSS Mem (MB) Total Trials Iter→Best Conv. Ratio
Optuna (TPE)   0.9543 0.9641  0.9897        386.27       412.55          1.54       271.71           43        23      53.49%
       AMSCO   0.9526 0.9626  0.9899        261.39       279.21          1.38       271.71           24        14      58.33%

------------------------------------------------------------


------------------------------------------------------------
Đang tối ưu mô hình: LOGISTIC_REGRESSION
------------------------------------------------------------
  [Multi-Objective] Sử dụng f(θ) = 0.4·F1 + 0.4·ROC-AUC - 0.2·time
  [Evaluation] StratifiedKFold (5-fold), Primary metric: accuracy

Thực thi: Optuna (TPE)...
  [Warm-up] Đang chạy 10 trials để tính bounds...
  [Warm-up] Bounds computed: F1[0.9705, 0.9803], AUC[0.9931, 0.9955], Time[0.0246, 0.0266]

Thực thi: AMSCO...
  [Warm-up] Đang chạy 10 trials để tính bounds...
  [Warm-up] Bounds computed: F1[0.9607, 0.9818], AUC[0.9872, 0.9962], Time[0.0244, 0.0279]

============================================================
KẾT QUẢ CHO LOGISTIC_REGRESSION (Primary metric: accuracy)
============================================================

   Optimizer Accuracy     F1 ROC AUC Wall Time (s) CPU Time (s) Peak Mem (MB) RSS Mem (MB) Total Trials Iter→Best Conv. Ratio
Optuna (TPE)   0.9772 0.9819  0.9961         23.51        23.50          1.12       271.71           82        62      75.61%
       AMSCO   0.9789 0.9832  0.9950          5.88         5.88          0.77       271.71           14         8      57.14%

------------------------------------------------------------


=======================================================
ĐANG THỬ NGHIỆM TRÊN BỘ DỮ LIỆU: TELCO (seed=2)
=======================================================
... Đang tải Telco Customer Churn

------------------------------------------------------------
Đang tối ưu mô hình: RANDOM_FOREST
------------------------------------------------------------
  [Multi-Objective] Sử dụng f(θ) = 0.4·F1 + 0.4·ROC-AUC - 0.2·time
  [Evaluation] StratifiedKFold (5-fold), Primary metric: accuracy

Thực thi: Optuna (TPE)...
  [Warm-up] Đang chạy 10 trials để tính bounds...
  [Warm-up] Bounds computed: F1[0.5290, 0.6067], AUC[0.7283, 0.8190], Time[1.4767, 3.5010]

Thực thi: AMSCO...
  [Warm-up] Đang chạy 10 trials để tính bounds...
  [Warm-up] Bounds computed: F1[0.4647, 0.6223], AUC[0.6135, 0.8331], Time[1.0860, 3.5010]

============================================================
KẾT QUẢ CHO RANDOM_FOREST (Primary metric: accuracy)
============================================================

   Optimizer Accuracy     F1 ROC AUC Wall Time (s) CPU Time (s) Peak Mem (MB) RSS Mem (MB) Total Trials Iter→Best Conv. Ratio
Optuna (TPE)   0.7282 0.6100  0.8259        607.38       720.06          8.79       271.71           52        32      61.54%
       AMSCO   0.6805 0.5813  0.8025        293.06       317.08          8.20       273.14           14         8      57.14%

------------------------------------------------------------


------------------------------------------------------------
Đang tối ưu mô hình: LOGISTIC_REGRESSION
------------------------------------------------------------
  [Multi-Objective] Sử dụng f(θ) = 0.4·F1 + 0.4·ROC-AUC - 0.2·time
  [Evaluation] StratifiedKFold (5-fold), Primary metric: accuracy

Thực thi: Optuna (TPE)...
  [Warm-up] Đang chạy 10 trials để tính bounds...
  [Warm-up] Bounds computed: F1[0.6222, 0.6289], AUC[0.8414, 0.8445], Time[0.2985, 0.3821]

Thực thi: AMSCO...
  [Warm-up] Đang chạy 10 trials để tính bounds...
  [Warm-up] Bounds computed: F1[0.6140, 0.6336], AUC[0.8410, 0.8446], Time[0.2973, 0.4233]

============================================================
KẾT QUẢ CHO LOGISTIC_REGRESSION (Primary metric: accuracy)
============================================================

   Optimizer Accuracy     F1 ROC AUC Wall Time (s) CPU Time (s) Peak Mem (MB) RSS Mem (MB) Total Trials Iter→Best Conv. Ratio
Optuna (TPE)   0.7636 0.6331  0.8437        118.71       413.59          6.81       274.63           43        23      53.49%
       AMSCO   0.7687 0.6346  0.8437         69.54       247.74          6.58       275.31           21        11      52.38%

------------------------------------------------------------


########## SEED 3 ##########

=======================================================
ĐANG THỬ NGHIỆM TRÊN BỘ DỮ LIỆU: BREAST_CANCER (seed=3)
=======================================================
... Đang tải Breast Cancer (sklearn)

------------------------------------------------------------
Đang tối ưu mô hình: RANDOM_FOREST
------------------------------------------------------------
  [Multi-Objective] Sử dụng f(θ) = 0.4·F1 + 0.4·ROC-AUC - 0.2·time
  [Evaluation] StratifiedKFold (5-fold), Primary metric: accuracy

Thực thi: Optuna (TPE)...
  [Warm-up] Đang chạy 10 trials để tính bounds...
  [Warm-up] Bounds computed: F1[0.9631, 0.9721], AUC[0.9895, 0.9921], Time[0.7693, 2.4450]

Thực thi: AMSCO...
  [Warm-up] Đang chạy 10 trials để tính bounds...
  [Warm-up] Bounds computed: F1[0.9618, 0.9722], AUC[0.9884, 0.9930], Time[0.6616, 2.4608]

============================================================
KẾT QUẢ CHO RANDOM_FOREST (Primary metric: accuracy)
============================================================

   Optimizer Accuracy     F1 ROC AUC Wall Time (s) CPU Time (s) Peak Mem (MB) RSS Mem (MB) Total Trials Iter→Best Conv. Ratio
Optuna (TPE)   0.9596 0.9680  0.9908        404.49       431.17          1.78       275.31           49        29      59.18%
       AMSCO   0.9561 0.9653  0.9914        407.16       435.21          1.68       275.31           42        26      61.90%

------------------------------------------------------------


------------------------------------------------------------
Đang tối ưu mô hình: LOGISTIC_REGRESSION
------------------------------------------------------------
  [Multi-Objective] Sử dụng f(θ) = 0.4·F1 + 0.4·ROC-AUC - 0.2·time
  [Evaluation] StratifiedKFold (5-fold), Primary metric: accuracy

Thực thi: Optuna (TPE)...
  [Warm-up] Đang chạy 10 trials để tính bounds...
  [Warm-up] Bounds computed: F1[0.9607, 0.9818], AUC[0.9883, 0.9954], Time[0.0247, 0.0275]

Thực thi: AMSCO...
  [Warm-up] Đang chạy 10 trials để tính bounds...
  [Warm-up] Bounds computed: F1[0.9607, 0.9818], AUC[0.9881, 0.9961], Time[0.0247, 0.0275]

============================================================
KẾT QUẢ CHO LOGISTIC_REGRESSION (Primary metric: accuracy)
============================================================

   Optimizer Accuracy     F1 ROC AUC Wall Time (s) CPU Time (s) Peak Mem (MB) RSS Mem (MB) Total Trials Iter→Best Conv. Ratio
Optuna (TPE)   0.9754 0.9804  0.9946         11.19        11.19          1.10       275.31           34        14      41.18%
       AMSCO   0.9754 0.9804  0.9947          5.93         5.93          0.76       275.31           14         7      50.00%

------------------------------------------------------------


=======================================================
ĐANG THỬ NGHIỆM TRÊN BỘ DỮ LIỆU: TELCO (seed=3)
=======================================================
... Đang tải Telco Customer Churn

------------------------------------------------------------
Đang tối ưu mô hình: RANDOM_FOREST
------------------------------------------------------------
  [Multi-Objective] Sử dụng f(θ) = 0.4·F1 + 0.4·ROC-AUC - 0.2·time
  [Evaluation] StratifiedKFold (5-fold), Primary metric: accuracy

Thực thi: Optuna (TPE)...
  [Warm-up] Đang chạy 10 trials để tính bounds...
  [Warm-up] Bounds computed: F1[0.5252, 0.6155], AUC[0.7296, 0.8311], Time[1.5659, 3.4194]

Thực thi: AMSCO...
  [Warm-up] Đang chạy 10 trials để tính bounds...
  [Warm-up] Bounds computed: F1[0.4647, 0.6263], AUC[0.6135, 0.8332], Time[1.0810, 3.4194]

============================================================
KẾT QUẢ CHO RANDOM_FOREST (Primary metric: accuracy)
============================================================

   Optimizer Accuracy     F1 ROC AUC Wall Time (s) CPU Time (s) Peak Mem (MB) RSS Mem (MB) Total Trials Iter→Best Conv. Ratio
Optuna (TPE)   0.7493 0.6206  0.8302        616.48       765.70          8.74       275.31           49        29      59.18%
       AMSCO   0.7522 0.6246  0.8317        658.04       772.32          8.71       278.66           47        34      72.34%

------------------------------------------------------------


------------------------------------------------------------
Đang tối ưu mô hình: LOGISTIC_REGRESSION
------------------------------------------------------------
  [Multi-Objective] Sử dụng f(θ) = 0.4·F1 + 0.4·ROC-AUC - 0.2·time
  [Evaluation] StratifiedKFold (5-fold), Primary metric: accuracy

Thực thi: Optuna (TPE)...
  [Warm-up] Đang chạy 10 trials để tính bounds...
  [Warm-up] Bounds computed: F1[0.6247, 0.6295], AUC[0.8420, 0.8445], Time[0.3001, 0.3844]

Thực thi: AMSCO...
  [Warm-up] Đang chạy 10 trials để tính bounds...
  [Warm-up] Bounds computed: F1[0.6140, 0.6336], AUC[0.8410, 0.8446], Time[0.2995, 0.4274]

============================================================
KẾT QUẢ CHO LOGISTIC_REGRESSION (Primary metric: accuracy)
============================================================

   Optimizer Accuracy     F1 ROC AUC Wall Time (s) CPU Time (s) Peak Mem (MB) RSS Mem (MB) Total Trials Iter→Best Conv. Ratio
Optuna (TPE)   0.7642 0.6341  0.8445        119.56       415.77          6.97       280.57           43        23      53.49%
       AMSCO   0.7670 0.6304  0.8447         55.19       200.92          6.59       280.57           14         3      21.43%

------------------------------------------------------------


########## SEED 4 ##########

=======================================================
ĐANG THỬ NGHIỆM TRÊN BỘ DỮ LIỆU: BREAST_CANCER (seed=4)
=======================================================
... Đang tải Breast Cancer (sklearn)

------------------------------------------------------------
Đang tối ưu mô hình: RANDOM_FOREST
------------------------------------------------------------
  [Multi-Objective] Sử dụng f(θ) = 0.4·F1 + 0.4·ROC-AUC - 0.2·time
  [Evaluation] StratifiedKFold (5-fold), Primary metric: accuracy

Thực thi: Optuna (TPE)...
  [Warm-up] Đang chạy 10 trials để tính bounds...
  [Warm-up] Bounds computed: F1[0.9647, 0.9694], AUC[0.9896, 0.9921], Time[0.6742, 2.3800]

Thực thi: AMSCO...
  [Warm-up] Đang chạy 10 trials để tính bounds...
  [Warm-up] Bounds computed: F1[0.9632, 0.9734], AUC[0.9884, 0.9930], Time[0.6723, 2.5091]

============================================================
KẾT QUẢ CHO RANDOM_FOREST (Primary metric: accuracy)
============================================================

   Optimizer Accuracy     F1 ROC AUC Wall Time (s) CPU Time (s) Peak Mem (MB) RSS Mem (MB) Total Trials Iter→Best Conv. Ratio
Optuna (TPE)   0.9596 0.9677  0.9907        392.41       419.62          1.73       280.57           43        23      53.49%
       AMSCO   0.9561 0.9648  0.9906        185.39       198.47          1.32       280.57           14         1       7.14%

------------------------------------------------------------


------------------------------------------------------------
Đang tối ưu mô hình: LOGISTIC_REGRESSION
------------------------------------------------------------
  [Multi-Objective] Sử dụng f(θ) = 0.4·F1 + 0.4·ROC-AUC - 0.2·time
  [Evaluation] StratifiedKFold (5-fold), Primary metric: accuracy

Thực thi: Optuna (TPE)...
  [Warm-up] Đang chạy 10 trials để tính bounds...
  [Warm-up] Bounds computed: F1[0.9705, 0.9804], AUC[0.9908, 0.9958], Time[0.0251, 0.0270]

Thực thi: AMSCO...
  [Warm-up] Đang chạy 10 trials để tính bounds...
  [Warm-up] Bounds computed: F1[0.9607, 0.9818], AUC[0.9872, 0.9961], Time[0.0250, 0.0280]

============================================================
KẾT QUẢ CHO LOGISTIC_REGRESSION (Primary metric: accuracy)
============================================================

   Optimizer Accuracy     F1 ROC AUC Wall Time (s) CPU Time (s) Peak Mem (MB) RSS Mem (MB) Total Trials Iter→Best Conv. Ratio
Optuna (TPE)   0.9807 0.9846  0.9962         13.35        13.35          1.06       280.57           42        22      52.38%
       AMSCO   0.9737 0.9788  0.9954          5.97         5.97          0.79       280.57           14         6      42.86%

------------------------------------------------------------


=======================================================
ĐANG THỬ NGHIỆM TRÊN BỘ DỮ LIỆU: TELCO (seed=4)
=======================================================
... Đang tải Telco Customer Churn

------------------------------------------------------------
Đang tối ưu mô hình: RANDOM_FOREST
------------------------------------------------------------
  [Multi-Objective] Sử dụng f(θ) = 0.4·F1 + 0.4·ROC-AUC - 0.2·time
  [Evaluation] StratifiedKFold (5-fold), Primary metric: accuracy

Thực thi: Optuna (TPE)...
  [Warm-up] Đang chạy 10 trials để tính bounds...
  [Warm-up] Bounds computed: F1[0.4200, 0.6223], AUC[0.5842, 0.8339], Time[1.0584, 3.4113]

Thực thi: AMSCO...
  [Warm-up] Đang chạy 10 trials để tính bounds...
  [Warm-up] Bounds computed: F1[0.4200, 0.6223], AUC[0.5842, 0.8339], Time[1.0584, 3.4113]

============================================================
KẾT QUẢ CHO RANDOM_FOREST (Primary metric: accuracy)
============================================================

   Optimizer Accuracy     F1 ROC AUC Wall Time (s) CPU Time (s) Peak Mem (MB) RSS Mem (MB) Total Trials Iter→Best Conv. Ratio
Optuna (TPE)   0.7123 0.5979  0.8149        647.86       725.04          8.52       283.64           59        39      66.10%
       AMSCO   0.7065 0.5972  0.8120        290.16       323.87          7.95       286.20           14        10      71.43%

------------------------------------------------------------


------------------------------------------------------------
Đang tối ưu mô hình: LOGISTIC_REGRESSION
------------------------------------------------------------
  [Multi-Objective] Sử dụng f(θ) = 0.4·F1 + 0.4·ROC-AUC - 0.2·time
  [Evaluation] StratifiedKFold (5-fold), Primary metric: accuracy

Thực thi: Optuna (TPE)...
  [Warm-up] Đang chạy 10 trials để tính bounds...
  [Warm-up] Bounds computed: F1[0.6199, 0.6325], AUC[0.8410, 0.8444], Time[0.2980, 0.4159]

Thực thi: AMSCO...
  [Warm-up] Đang chạy 10 trials để tính bounds...
  [Warm-up] Bounds computed: F1[0.6145, 0.6327], AUC[0.8410, 0.8446], Time[0.2980, 0.4225]

============================================================
KẾT QUẢ CHO LOGISTIC_REGRESSION (Primary metric: accuracy)
============================================================

   Optimizer Accuracy     F1 ROC AUC Wall Time (s) CPU Time (s) Peak Mem (MB) RSS Mem (MB) Total Trials Iter→Best Conv. Ratio
Optuna (TPE)   0.7652 0.6337  0.8444        102.07       355.71          6.88       287.82           35        15      42.86%
       AMSCO   0.7640 0.6332  0.8444         56.02       205.47          6.56       287.84           14         7      50.00%

------------------------------------------------------------


########## SEED 5 ##########

=======================================================
ĐANG THỬ NGHIỆM TRÊN BỘ DỮ LIỆU: BREAST_CANCER (seed=5)
=======================================================
... Đang tải Breast Cancer (sklearn)

------------------------------------------------------------
Đang tối ưu mô hình: RANDOM_FOREST
------------------------------------------------------------
  [Multi-Objective] Sử dụng f(θ) = 0.4·F1 + 0.4·ROC-AUC - 0.2·time
  [Evaluation] StratifiedKFold (5-fold), Primary metric: accuracy

Thực thi: Optuna (TPE)...
  [Warm-up] Đang chạy 10 trials để tính bounds...
  [Warm-up] Bounds computed: F1[0.9633, 0.9704], AUC[0.9899, 0.9912], Time[0.6678, 2.4726]

Thực thi: AMSCO...
  [Warm-up] Đang chạy 10 trials để tính bounds...
  [Warm-up] Bounds computed: F1[0.9606, 0.9722], AUC[0.9884, 0.9928], Time[0.6678, 2.5330]

============================================================
KẾT QUẢ CHO RANDOM_FOREST (Primary metric: accuracy)
============================================================

   Optimizer Accuracy     F1 ROC AUC Wall Time (s) CPU Time (s) Peak Mem (MB) RSS Mem (MB) Total Trials Iter→Best Conv. Ratio
Optuna (TPE)   0.9596 0.9680  0.9916        290.00       309.31          1.43       287.84           34        14      41.18%
       AMSCO   0.9631 0.9707  0.9931        212.71       228.27          1.38       287.84           14         4      28.57%

------------------------------------------------------------


------------------------------------------------------------
Đang tối ưu mô hình: LOGISTIC_REGRESSION
------------------------------------------------------------
  [Multi-Objective] Sử dụng f(θ) = 0.4·F1 + 0.4·ROC-AUC - 0.2·time
  [Evaluation] StratifiedKFold (5-fold), Primary metric: accuracy

Thực thi: Optuna (TPE)...
  [Warm-up] Đang chạy 10 trials để tính bounds...
  [Warm-up] Bounds computed: F1[0.9678, 0.9803], AUC[0.9877, 0.9957], Time[0.0253, 0.0279]

Thực thi: AMSCO...
  [Warm-up] Đang chạy 10 trials để tính bounds...
  [Warm-up] Bounds computed: F1[0.9607, 0.9818], AUC[0.9872, 0.9962], Time[0.0249, 0.0288]

============================================================
KẾT QUẢ CHO LOGISTIC_REGRESSION (Primary metric: accuracy)
============================================================

   Optimizer Accuracy     F1 ROC AUC Wall Time (s) CPU Time (s) Peak Mem (MB) RSS Mem (MB) Total Trials Iter→Best Conv. Ratio
Optuna (TPE)   0.9789 0.9833  0.9950         17.07        17.07          1.04       287.84           56        36      64.29%
       AMSCO   0.9737 0.9790  0.9942          6.00         6.00          0.78       287.84           14         8      57.14%

------------------------------------------------------------


=======================================================
ĐANG THỬ NGHIỆM TRÊN BỘ DỮ LIỆU: TELCO (seed=5)
=======================================================
... Đang tải Telco Customer Churn

------------------------------------------------------------
Đang tối ưu mô hình: RANDOM_FOREST
------------------------------------------------------------
  [Multi-Objective] Sử dụng f(θ) = 0.4·F1 + 0.4·ROC-AUC - 0.2·time
  [Evaluation] StratifiedKFold (5-fold), Primary metric: accuracy

Thực thi: Optuna (TPE)...
  [Warm-up] Đang chạy 10 trials để tính bounds...
  [Warm-up] Bounds computed: F1[0.5028, 0.6024], AUC[0.6845, 0.8124], Time[1.2144, 3.3716]

Thực thi: AMSCO...
  [Warm-up] Đang chạy 10 trials để tính bounds...
  [Warm-up] Bounds computed: F1[0.4647, 0.6261], AUC[0.6135, 0.8336], Time[1.0658, 3.8629]

============================================================
KẾT QUẢ CHO RANDOM_FOREST (Primary metric: accuracy)
============================================================

   Optimizer Accuracy     F1 ROC AUC Wall Time (s) CPU Time (s) Peak Mem (MB) RSS Mem (MB) Total Trials Iter→Best Conv. Ratio
Optuna (TPE)   0.7500 0.6217  0.8311        888.91      1258.04          9.19       291.46           86        66      76.74%
       AMSCO   0.7112 0.6044  0.8193        624.15       713.11          8.38       293.89           46        38      82.61%

------------------------------------------------------------


------------------------------------------------------------
Đang tối ưu mô hình: LOGISTIC_REGRESSION
------------------------------------------------------------
  [Multi-Objective] Sử dụng f(θ) = 0.4·F1 + 0.4·ROC-AUC - 0.2·time
  [Evaluation] StratifiedKFold (5-fold), Primary metric: accuracy

Thực thi: Optuna (TPE)...
  [Warm-up] Đang chạy 10 trials để tính bounds...
  [Warm-up] Bounds computed: F1[0.6186, 0.6316], AUC[0.8411, 0.8446], Time[0.2973, 0.4238]

Thực thi: AMSCO...
  [Warm-up] Đang chạy 10 trials để tính bounds...
  [Warm-up] Bounds computed: F1[0.6140, 0.6336], AUC[0.8410, 0.8446], Time[0.2973, 0.4255]

============================================================
KẾT QUẢ CHO LOGISTIC_REGRESSION (Primary metric: accuracy)
============================================================

   Optimizer Accuracy     F1 ROC AUC Wall Time (s) CPU Time (s) Peak Mem (MB) RSS Mem (MB) Total Trials Iter→Best Conv. Ratio
Optuna (TPE)   0.7640 0.6340  0.8451        122.21       436.34          6.97       295.55           43        23      53.49%
       AMSCO   0.7558 0.6309  0.8444         56.45       206.57          6.59       295.55           14         1       7.14%

------------------------------------------------------------


########## SEED 6 ##########

=======================================================
ĐANG THỬ NGHIỆM TRÊN BỘ DỮ LIỆU: BREAST_CANCER (seed=6)
=======================================================
... Đang tải Breast Cancer (sklearn)

------------------------------------------------------------
Đang tối ưu mô hình: RANDOM_FOREST
------------------------------------------------------------
  [Multi-Objective] Sử dụng f(θ) = 0.4·F1 + 0.4·ROC-AUC - 0.2·time
  [Evaluation] StratifiedKFold (5-fold), Primary metric: accuracy

Thực thi: Optuna (TPE)...
  [Warm-up] Đang chạy 10 trials để tính bounds...
  [Warm-up] Bounds computed: F1[0.9624, 0.9692], AUC[0.9891, 0.9916], Time[0.6678, 2.5065]

Thực thi: AMSCO...
  [Warm-up] Đang chạy 10 trials để tính bounds...
  [Warm-up] Bounds computed: F1[0.9624, 0.9737], AUC[0.9883, 0.9930], Time[0.6678, 2.5065]

============================================================
KẾT QUẢ CHO RANDOM_FOREST (Primary metric: accuracy)
============================================================

   Optimizer Accuracy     F1 ROC AUC Wall Time (s) CPU Time (s) Peak Mem (MB) RSS Mem (MB) Total Trials Iter→Best Conv. Ratio
Optuna (TPE)   0.9578 0.9662  0.9908        437.60       466.88          1.67       295.55           53        33      62.26%
       AMSCO   0.9560 0.9648  0.9908        300.67       321.73          1.42       295.55           26        15      57.69%

------------------------------------------------------------


------------------------------------------------------------
Đang tối ưu mô hình: LOGISTIC_REGRESSION
------------------------------------------------------------
  [Multi-Objective] Sử dụng f(θ) = 0.4·F1 + 0.4·ROC-AUC - 0.2·time
  [Evaluation] StratifiedKFold (5-fold), Primary metric: accuracy

Thực thi: Optuna (TPE)...
  [Warm-up] Đang chạy 10 trials để tính bounds...
  [Warm-up] Bounds computed: F1[0.9621, 0.9804], AUC[0.9894, 0.9958], Time[0.0251, 0.0272]

Thực thi: AMSCO...
  [Warm-up] Đang chạy 10 trials để tính bounds...
  [Warm-up] Bounds computed: F1[0.9607, 0.9818], AUC[0.9881, 0.9961], Time[0.0244, 0.0276]

============================================================
KẾT QUẢ CHO LOGISTIC_REGRESSION (Primary metric: accuracy)
============================================================

   Optimizer Accuracy     F1 ROC AUC Wall Time (s) CPU Time (s) Peak Mem (MB) RSS Mem (MB) Total Trials Iter→Best Conv. Ratio
Optuna (TPE)   0.9789 0.9831  0.9947         11.43        11.43          1.21       295.55           34        14      41.18%
       AMSCO   0.9789 0.9831  0.9947          6.00         6.00          0.77       295.55           14         3      21.43%

------------------------------------------------------------


=======================================================
ĐANG THỬ NGHIỆM TRÊN BỘ DỮ LIỆU: TELCO (seed=6)
=======================================================
... Đang tải Telco Customer Churn

------------------------------------------------------------
Đang tối ưu mô hình: RANDOM_FOREST
------------------------------------------------------------
  [Multi-Objective] Sử dụng f(θ) = 0.4·F1 + 0.4·ROC-AUC - 0.2·time
  [Evaluation] StratifiedKFold (5-fold), Primary metric: accuracy

Thực thi: Optuna (TPE)...
  [Warm-up] Đang chạy 10 trials để tính bounds...
  [Warm-up] Bounds computed: F1[0.4942, 0.6188], AUC[0.6688, 0.8304], Time[1.2734, 3.2641]

Thực thi: AMSCO...
  [Warm-up] Đang chạy 10 trials để tính bounds...
  [Warm-up] Bounds computed: F1[0.4647, 0.6239], AUC[0.6135, 0.8339], Time[1.0651, 3.4805]

============================================================
KẾT QUẢ CHO RANDOM_FOREST (Primary metric: accuracy)
============================================================

   Optimizer Accuracy     F1 ROC AUC Wall Time (s) CPU Time (s) Peak Mem (MB) RSS Mem (MB) Total Trials Iter→Best Conv. Ratio
Optuna (TPE)   0.7355 0.6149  0.8291        698.40       896.43          8.91       295.55           63        43      68.25%
       AMSCO   0.6970 0.5935  0.8155        270.33       299.92          8.15       296.69           14         8      57.14%

------------------------------------------------------------


------------------------------------------------------------
Đang tối ưu mô hình: LOGISTIC_REGRESSION
------------------------------------------------------------
  [Multi-Objective] Sử dụng f(θ) = 0.4·F1 + 0.4·ROC-AUC - 0.2·time
  [Evaluation] StratifiedKFold (5-fold), Primary metric: accuracy

Thực thi: Optuna (TPE)...
  [Warm-up] Đang chạy 10 trials để tính bounds...
  [Warm-up] Bounds computed: F1[0.6147, 0.6338], AUC[0.8419, 0.8446], Time[0.3018, 1.0621]

Thực thi: AMSCO...
  [Warm-up] Đang chạy 10 trials để tính bounds...
  [Warm-up] Bounds computed: F1[0.6140, 0.6339], AUC[0.8410, 0.8446], Time[0.2921, 1.0621]

============================================================
KẾT QUẢ CHO LOGISTIC_REGRESSION (Primary metric: accuracy)
============================================================

   Optimizer Accuracy     F1 ROC AUC Wall Time (s) CPU Time (s) Peak Mem (MB) RSS Mem (MB) Total Trials Iter→Best Conv. Ratio
Optuna (TPE)   0.7720 0.6331  0.8440        125.89       460.58          6.83       298.41           43        23      53.49%
       AMSCO   0.7683 0.6340  0.8440         55.72       204.59          6.56       298.45           14         6      42.86%

------------------------------------------------------------


########## SEED 7 ##########

=======================================================
ĐANG THỬ NGHIỆM TRÊN BỘ DỮ LIỆU: BREAST_CANCER (seed=7)
=======================================================
... Đang tải Breast Cancer (sklearn)

------------------------------------------------------------
Đang tối ưu mô hình: RANDOM_FOREST
------------------------------------------------------------
  [Multi-Objective] Sử dụng f(θ) = 0.4·F1 + 0.4·ROC-AUC - 0.2·time
  [Evaluation] StratifiedKFold (5-fold), Primary metric: accuracy

Thực thi: Optuna (TPE)...
  [Warm-up] Đang chạy 10 trials để tính bounds...
  [Warm-up] Bounds computed: F1[0.9618, 0.9734], AUC[0.9889, 0.9929], Time[0.7758, 2.4528]

Thực thi: AMSCO...
  [Warm-up] Đang chạy 10 trials để tính bounds...
  [Warm-up] Bounds computed: F1[0.9618, 0.9734], AUC[0.9884, 0.9929], Time[0.6670, 2.4909]

============================================================
KẾT QUẢ CHO RANDOM_FOREST (Primary metric: accuracy)
============================================================

   Optimizer Accuracy     F1 ROC AUC Wall Time (s) CPU Time (s) Peak Mem (MB) RSS Mem (MB) Total Trials Iter→Best Conv. Ratio
Optuna (TPE)   0.9596 0.9678  0.9900        323.63       346.40          1.47       298.45           35        15      42.86%
       AMSCO   0.9579 0.9663  0.9913        188.48       201.63          1.23       298.45           14         1       7.14%

------------------------------------------------------------


------------------------------------------------------------
Đang tối ưu mô hình: LOGISTIC_REGRESSION
------------------------------------------------------------
  [Multi-Objective] Sử dụng f(θ) = 0.4·F1 + 0.4·ROC-AUC - 0.2·time
  [Evaluation] StratifiedKFold (5-fold), Primary metric: accuracy

Thực thi: Optuna (TPE)...
  [Warm-up] Đang chạy 10 trials để tính bounds...
  [Warm-up] Bounds computed: F1[0.9648, 0.9803], AUC[0.9873, 0.9958], Time[0.0249, 0.0286]

Thực thi: AMSCO...
  [Warm-up] Đang chạy 10 trials để tính bounds...
  [Warm-up] Bounds computed: F1[0.9607, 0.9818], AUC[0.9873, 0.9961], Time[0.0249, 0.0287]

============================================================
KẾT QUẢ CHO LOGISTIC_REGRESSION (Primary metric: accuracy)
============================================================

   Optimizer Accuracy     F1 ROC AUC Wall Time (s) CPU Time (s) Peak Mem (MB) RSS Mem (MB) Total Trials Iter→Best Conv. Ratio
Optuna (TPE)   0.9719 0.9776  0.9942         11.45        11.45          0.97       298.45           34        14      41.18%
       AMSCO   0.9789 0.9833  0.9946          6.16         6.16          0.89       298.45           14         6      42.86%

------------------------------------------------------------


=======================================================
ĐANG THỬ NGHIỆM TRÊN BỘ DỮ LIỆU: TELCO (seed=7)
=======================================================
... Đang tải Telco Customer Churn

------------------------------------------------------------
Đang tối ưu mô hình: RANDOM_FOREST
------------------------------------------------------------
  [Multi-Objective] Sử dụng f(θ) = 0.4·F1 + 0.4·ROC-AUC - 0.2·time
  [Evaluation] StratifiedKFold (5-fold), Primary metric: accuracy

Thực thi: Optuna (TPE)...
  [Warm-up] Đang chạy 10 trials để tính bounds...
  [Warm-up] Bounds computed: F1[0.4648, 0.6008], AUC[0.6141, 0.8174], Time[1.1227, 3.3581]

Thực thi: AMSCO...
  [Warm-up] Đang chạy 10 trials để tính bounds...
  [Warm-up] Bounds computed: F1[0.4200, 0.6257], AUC[0.5843, 0.8340], Time[1.0783, 3.7941]

============================================================
KẾT QUẢ CHO RANDOM_FOREST (Primary metric: accuracy)
============================================================

   Optimizer Accuracy     F1 ROC AUC Wall Time (s) CPU Time (s) Peak Mem (MB) RSS Mem (MB) Total Trials Iter→Best Conv. Ratio
Optuna (TPE)   0.7426 0.6117  0.8299        877.49      1205.83          8.93       299.62           85        65      76.47%
       AMSCO   0.7565 0.6222  0.8305        429.94       550.05          8.51       300.43           26        15      57.69%

------------------------------------------------------------


------------------------------------------------------------
Đang tối ưu mô hình: LOGISTIC_REGRESSION
------------------------------------------------------------
  [Multi-Objective] Sử dụng f(θ) = 0.4·F1 + 0.4·ROC-AUC - 0.2·time
  [Evaluation] StratifiedKFold (5-fold), Primary metric: accuracy

Thực thi: Optuna (TPE)...
  [Warm-up] Đang chạy 10 trials để tính bounds...
  [Warm-up] Bounds computed: F1[0.6156, 0.6296], AUC[0.8396, 0.8446], Time[0.2956, 0.4190]

Thực thi: AMSCO...
  [Warm-up] Đang chạy 10 trials để tính bounds...
  [Warm-up] Bounds computed: F1[0.6140, 0.6340], AUC[0.8396, 0.8446], Time[0.2909, 0.4270]

============================================================
KẾT QUẢ CHO LOGISTIC_REGRESSION (Primary metric: accuracy)
============================================================

   Optimizer Accuracy     F1 ROC AUC Wall Time (s) CPU Time (s) Peak Mem (MB) RSS Mem (MB) Total Trials Iter→Best Conv. Ratio
Optuna (TPE)   0.7633 0.6333  0.8443        119.57       418.08          6.93       301.63           43        23      53.49%
       AMSCO   0.7626 0.6334  0.8442         53.15       185.23          6.56       301.63           14         9      64.29%

------------------------------------------------------------


########## SEED 8 ##########

=======================================================
ĐANG THỬ NGHIỆM TRÊN BỘ DỮ LIỆU: BREAST_CANCER (seed=8)
=======================================================
... Đang tải Breast Cancer (sklearn)

------------------------------------------------------------
Đang tối ưu mô hình: RANDOM_FOREST
------------------------------------------------------------
  [Multi-Objective] Sử dụng f(θ) = 0.4·F1 + 0.4·ROC-AUC - 0.2·time
  [Evaluation] StratifiedKFold (5-fold), Primary metric: accuracy

Thực thi: Optuna (TPE)...
  [Warm-up] Đang chạy 10 trials để tính bounds...
  [Warm-up] Bounds computed: F1[0.9621, 0.9690], AUC[0.9894, 0.9915], Time[0.8051, 2.3093]

Thực thi: AMSCO...
  [Warm-up] Đang chạy 10 trials để tính bounds...
  [Warm-up] Bounds computed: F1[0.9609, 0.9722], AUC[0.9884, 0.9930], Time[0.6659, 2.5206]

============================================================
KẾT QUẢ CHO RANDOM_FOREST (Primary metric: accuracy)
============================================================

   Optimizer Accuracy     F1 ROC AUC Wall Time (s) CPU Time (s) Peak Mem (MB) RSS Mem (MB) Total Trials Iter→Best Conv. Ratio
Optuna (TPE)   0.9525 0.9624  0.9880        359.95       384.38          1.65       301.63           43        23      53.49%
       AMSCO   0.9560 0.9649  0.9883        181.99       195.15          1.24       301.63           14         6      42.86%

------------------------------------------------------------


------------------------------------------------------------
Đang tối ưu mô hình: LOGISTIC_REGRESSION
------------------------------------------------------------
  [Multi-Objective] Sử dụng f(θ) = 0.4·F1 + 0.4·ROC-AUC - 0.2·time
  [Evaluation] StratifiedKFold (5-fold), Primary metric: accuracy

Thực thi: Optuna (TPE)...
  [Warm-up] Đang chạy 10 trials để tính bounds...
  [Warm-up] Bounds computed: F1[0.9662, 0.9816], AUC[0.9907, 0.9960], Time[0.0260, 0.0278]

Thực thi: AMSCO...
  [Warm-up] Đang chạy 10 trials để tính bounds...
  [Warm-up] Bounds computed: F1[0.9607, 0.9818], AUC[0.9872, 0.9961], Time[0.0253, 0.0290]

============================================================
KẾT QUẢ CHO LOGISTIC_REGRESSION (Primary metric: accuracy)
============================================================

   Optimizer Accuracy     F1 ROC AUC Wall Time (s) CPU Time (s) Peak Mem (MB) RSS Mem (MB) Total Trials Iter→Best Conv. Ratio
Optuna (TPE)   0.9718 0.9775  0.9947         16.75        16.74          1.02       301.63           54        34      62.96%
       AMSCO   0.9753 0.9802  0.9943          6.07         6.07          0.77       301.63           14         6      42.86%

------------------------------------------------------------


=======================================================
ĐANG THỬ NGHIỆM TRÊN BỘ DỮ LIỆU: TELCO (seed=8)
=======================================================
... Đang tải Telco Customer Churn

------------------------------------------------------------
Đang tối ưu mô hình: RANDOM_FOREST
------------------------------------------------------------
  [Multi-Objective] Sử dụng f(θ) = 0.4·F1 + 0.4·ROC-AUC - 0.2·time
  [Evaluation] StratifiedKFold (5-fold), Primary metric: accuracy

Thực thi: Optuna (TPE)...
  [Warm-up] Đang chạy 10 trials để tính bounds...
  [Warm-up] Bounds computed: F1[0.4648, 0.6194], AUC[0.6141, 0.8309], Time[1.2308, 3.0988]

Thực thi: AMSCO...
  [Warm-up] Đang chạy 10 trials để tính bounds...
  [Warm-up] Bounds computed: F1[0.4206, 0.6194], AUC[0.5847, 0.8309], Time[1.0630, 3.5013]

============================================================
KẾT QUẢ CHO RANDOM_FOREST (Primary metric: accuracy)
============================================================

   Optimizer Accuracy     F1 ROC AUC Wall Time (s) CPU Time (s) Peak Mem (MB) RSS Mem (MB) Total Trials Iter→Best Conv. Ratio
Optuna (TPE)   0.7331 0.6122  0.8277        611.37       682.46          8.35       301.63           56        36      64.29%
       AMSCO   0.7227 0.6078  0.8255        547.61       628.82          8.87       303.65           35        16      45.71%

------------------------------------------------------------


------------------------------------------------------------
Đang tối ưu mô hình: LOGISTIC_REGRESSION
------------------------------------------------------------
  [Multi-Objective] Sử dụng f(θ) = 0.4·F1 + 0.4·ROC-AUC - 0.2·time
  [Evaluation] StratifiedKFold (5-fold), Primary metric: accuracy

Thực thi: Optuna (TPE)...
  [Warm-up] Đang chạy 10 trials để tính bounds...
  [Warm-up] Bounds computed: F1[0.6177, 0.6328], AUC[0.8406, 0.8444], Time[0.3007, 0.4127]

Thực thi: AMSCO...
  [Warm-up] Đang chạy 10 trials để tính bounds...
  [Warm-up] Bounds computed: F1[0.6140, 0.6336], AUC[0.8406, 0.8446], Time[0.3002, 0.4302]

============================================================
KẾT QUẢ CHO LOGISTIC_REGRESSION (Primary metric: accuracy)
============================================================

   Optimizer Accuracy     F1 ROC AUC Wall Time (s) CPU Time (s) Peak Mem (MB) RSS Mem (MB) Total Trials Iter→Best Conv. Ratio
Optuna (TPE)   0.7617 0.6315  0.8436        120.58       419.20          6.81       304.86           43        23      53.49%
       AMSCO   0.7687 0.6348  0.8436         54.43       193.23          6.58       305.53           14         2      14.29%

------------------------------------------------------------


########## SEED 9 ##########

=======================================================
ĐANG THỬ NGHIỆM TRÊN BỘ DỮ LIỆU: BREAST_CANCER (seed=9)
=======================================================
... Đang tải Breast Cancer (sklearn)

------------------------------------------------------------
Đang tối ưu mô hình: RANDOM_FOREST
------------------------------------------------------------
  [Multi-Objective] Sử dụng f(θ) = 0.4·F1 + 0.4·ROC-AUC - 0.2·time
  [Evaluation] StratifiedKFold (5-fold), Primary metric: accuracy

Thực thi: Optuna (TPE)...
  [Warm-up] Đang chạy 10 trials để tính bounds...
  [Warm-up] Bounds computed: F1[0.9643, 0.9708], AUC[0.9890, 0.9914], Time[0.8188, 2.2550]

Thực thi: AMSCO...
  [Warm-up] Đang chạy 10 trials để tính bounds...
  [Warm-up] Bounds computed: F1[0.9618, 0.9737], AUC[0.9883, 0.9930], Time[0.6639, 2.5008]

============================================================
KẾT QUẢ CHO RANDOM_FOREST (Primary metric: accuracy)
============================================================

   Optimizer Accuracy     F1 ROC AUC Wall Time (s) CPU Time (s) Peak Mem (MB) RSS Mem (MB) Total Trials Iter→Best Conv. Ratio
Optuna (TPE)   0.9613 0.9693  0.9914        427.45       456.02          1.73       305.53           53        33      62.26%
       AMSCO   0.9613 0.9692  0.9910        192.18       206.13          1.22       305.53           14         8      57.14%

------------------------------------------------------------


------------------------------------------------------------
Đang tối ưu mô hình: LOGISTIC_REGRESSION
------------------------------------------------------------
  [Multi-Objective] Sử dụng f(θ) = 0.4·F1 + 0.4·ROC-AUC - 0.2·time
  [Evaluation] StratifiedKFold (5-fold), Primary metric: accuracy

Thực thi: Optuna (TPE)...
  [Warm-up] Đang chạy 10 trials để tính bounds...
  [Warm-up] Bounds computed: F1[0.9619, 0.9816], AUC[0.9904, 0.9961], Time[0.0251, 0.0269]

Thực thi: AMSCO...
  [Warm-up] Đang chạy 10 trials để tính bounds...
  [Warm-up] Bounds computed: F1[0.9607, 0.9818], AUC[0.9872, 0.9962], Time[0.0250, 0.0285]

============================================================
KẾT QUẢ CHO LOGISTIC_REGRESSION (Primary metric: accuracy)
============================================================

   Optimizer Accuracy     F1 ROC AUC Wall Time (s) CPU Time (s) Peak Mem (MB) RSS Mem (MB) Total Trials Iter→Best Conv. Ratio
Optuna (TPE)   0.9789 0.9832  0.9958         14.55        14.54          1.14       305.53           46        26      56.52%
       AMSCO   0.9789 0.9832  0.9958          6.15         6.15          1.03       305.53           14         8      57.14%

------------------------------------------------------------


=======================================================
ĐANG THỬ NGHIỆM TRÊN BỘ DỮ LIỆU: TELCO (seed=9)
=======================================================
... Đang tải Telco Customer Churn

------------------------------------------------------------
Đang tối ưu mô hình: RANDOM_FOREST
------------------------------------------------------------
  [Multi-Objective] Sử dụng f(θ) = 0.4·F1 + 0.4·ROC-AUC - 0.2·time
  [Evaluation] StratifiedKFold (5-fold), Primary metric: accuracy

Thực thi: Optuna (TPE)...
  [Warm-up] Đang chạy 10 trials để tính bounds...
  [Warm-up] Bounds computed: F1[0.4647, 0.6070], AUC[0.6135, 0.8227], Time[1.0785, 3.2383]

Thực thi: AMSCO...
  [Warm-up] Đang chạy 10 trials để tính bounds...
  [Warm-up] Bounds computed: F1[0.4647, 0.6239], AUC[0.6135, 0.8339], Time[1.0776, 3.4307]

============================================================
KẾT QUẢ CHO RANDOM_FOREST (Primary metric: accuracy)
============================================================

   Optimizer Accuracy     F1 ROC AUC Wall Time (s) CPU Time (s) Peak Mem (MB) RSS Mem (MB) Total Trials Iter→Best Conv. Ratio
Optuna (TPE)   0.7400 0.6173  0.8282        683.78       866.44          8.92       305.53           63        43      68.25%
       AMSCO   0.7094 0.6008  0.8150        289.08       315.71          7.71       306.62           14         1       7.14%

------------------------------------------------------------


------------------------------------------------------------
Đang tối ưu mô hình: LOGISTIC_REGRESSION
------------------------------------------------------------
  [Multi-Objective] Sử dụng f(θ) = 0.4·F1 + 0.4·ROC-AUC - 0.2·time
  [Evaluation] StratifiedKFold (5-fold), Primary metric: accuracy

Thực thi: Optuna (TPE)...
  [Warm-up] Đang chạy 10 trials để tính bounds...
  [Warm-up] Bounds computed: F1[0.6162, 0.6322], AUC[0.8422, 0.8444], Time[0.2991, 0.4334]

Thực thi: AMSCO...
  [Warm-up] Đang chạy 10 trials để tính bounds...
  [Warm-up] Bounds computed: F1[0.6140, 0.6338], AUC[0.8409, 0.8446], Time[0.2974, 0.4441]

============================================================
KẾT QUẢ CHO LOGISTIC_REGRESSION (Primary metric: accuracy)
============================================================

   Optimizer Accuracy     F1 ROC AUC Wall Time (s) CPU Time (s) Peak Mem (MB) RSS Mem (MB) Total Trials Iter→Best Conv. Ratio
Optuna (TPE)   0.7730 0.6346  0.8453        152.48       550.26          6.89       308.37           55        35      63.64%
       AMSCO   0.7633 0.6333  0.8450         55.31       198.70          6.70       308.37           14         6      42.86%

------------------------------------------------------------


########## SEED 10 ##########

=======================================================
ĐANG THỬ NGHIỆM TRÊN BỘ DỮ LIỆU: BREAST_CANCER (seed=10)
=======================================================
... Đang tải Breast Cancer (sklearn)

------------------------------------------------------------
Đang tối ưu mô hình: RANDOM_FOREST
------------------------------------------------------------
  [Multi-Objective] Sử dụng f(θ) = 0.4·F1 + 0.4·ROC-AUC - 0.2·time
  [Evaluation] StratifiedKFold (5-fold), Primary metric: accuracy

Thực thi: Optuna (TPE)...
  [Warm-up] Đang chạy 10 trials để tính bounds...
  [Warm-up] Bounds computed: F1[0.9631, 0.9705], AUC[0.9893, 0.9919], Time[0.7737, 2.5085]

Thực thi: AMSCO...
  [Warm-up] Đang chạy 10 trials để tính bounds...
  [Warm-up] Bounds computed: F1[0.9631, 0.9737], AUC[0.9883, 0.9930], Time[0.6793, 2.5085]

============================================================
KẾT QUẢ CHO RANDOM_FOREST (Primary metric: accuracy)
============================================================

   Optimizer Accuracy     F1 ROC AUC Wall Time (s) CPU Time (s) Peak Mem (MB) RSS Mem (MB) Total Trials Iter→Best Conv. Ratio
Optuna (TPE)   0.9508 0.9609  0.9898        432.14       461.07          1.57       308.37           53        33      62.26%
       AMSCO   0.9508 0.9609  0.9910        224.77       241.14          1.27       308.37           14         1       7.14%

------------------------------------------------------------


------------------------------------------------------------
Đang tối ưu mô hình: LOGISTIC_REGRESSION
------------------------------------------------------------
  [Multi-Objective] Sử dụng f(θ) = 0.4·F1 + 0.4·ROC-AUC - 0.2·time
  [Evaluation] StratifiedKFold (5-fold), Primary metric: accuracy

Thực thi: Optuna (TPE)...
  [Warm-up] Đang chạy 10 trials để tính bounds...
  [Warm-up] Bounds computed: F1[0.9678, 0.9789], AUC[0.9875, 0.9961], Time[0.0262, 0.0288]

Thực thi: AMSCO...
  [Warm-up] Đang chạy 10 trials để tính bounds...
  [Warm-up] Bounds computed: F1[0.9607, 0.9818], AUC[0.9872, 0.9962], Time[0.0253, 0.0293]

============================================================
KẾT QUẢ CHO LOGISTIC_REGRESSION (Primary metric: accuracy)
============================================================

   Optimizer Accuracy     F1 ROC AUC Wall Time (s) CPU Time (s) Peak Mem (MB) RSS Mem (MB) Total Trials Iter→Best Conv. Ratio
Optuna (TPE)   0.9789 0.9832  0.9945         24.53        24.53          1.09       308.37           82        62      75.61%
       AMSCO   0.9789 0.9832  0.9945          6.12         6.12          0.76       308.37           14         3      21.43%

------------------------------------------------------------


=======================================================
ĐANG THỬ NGHIỆM TRÊN BỘ DỮ LIỆU: TELCO (seed=10)
=======================================================
... Đang tải Telco Customer Churn

------------------------------------------------------------
Đang tối ưu mô hình: RANDOM_FOREST
------------------------------------------------------------
  [Multi-Objective] Sử dụng f(θ) = 0.4·F1 + 0.4·ROC-AUC - 0.2·time
  [Evaluation] StratifiedKFold (5-fold), Primary metric: accuracy

Thực thi: Optuna (TPE)...
  [Warm-up] Đang chạy 10 trials để tính bounds...
  [Warm-up] Bounds computed: F1[0.5254, 0.6130], AUC[0.7297, 0.8284], Time[1.9085, 3.5083]

Thực thi: AMSCO...
  [Warm-up] Đang chạy 10 trials để tính bounds...
  [Warm-up] Bounds computed: F1[0.4647, 0.6264], AUC[0.6135, 0.8336], Time[1.0679, 3.7070]

============================================================
KẾT QUẢ CHO RANDOM_FOREST (Primary metric: accuracy)
============================================================

   Optimizer Accuracy     F1 ROC AUC Wall Time (s) CPU Time (s) Peak Mem (MB) RSS Mem (MB) Total Trials Iter→Best Conv. Ratio
Optuna (TPE)   0.7495 0.6197  0.8320       1016.52      1468.13          9.15       309.04          100        93      93.00%
       AMSCO   0.7463 0.6205  0.8325        301.79       387.65          8.30       314.19           14         7      50.00%

------------------------------------------------------------


------------------------------------------------------------
Đang tối ưu mô hình: LOGISTIC_REGRESSION
------------------------------------------------------------
  [Multi-Objective] Sử dụng f(θ) = 0.4·F1 + 0.4·ROC-AUC - 0.2·time
  [Evaluation] StratifiedKFold (5-fold), Primary metric: accuracy

Thực thi: Optuna (TPE)...
  [Warm-up] Đang chạy 10 trials để tính bounds...
  [Warm-up] Bounds computed: F1[0.6186, 0.6272], AUC[0.8395, 0.8444], Time[0.2959, 0.4317]

Thực thi: AMSCO...
  [Warm-up] Đang chạy 10 trials để tính bounds...
  [Warm-up] Bounds computed: F1[0.6140, 0.6336], AUC[0.8395, 0.8446], Time[0.2959, 0.4317]

============================================================
KẾT QUẢ CHO LOGISTIC_REGRESSION (Primary metric: accuracy)
============================================================

   Optimizer Accuracy     F1 ROC AUC Wall Time (s) CPU Time (s) Peak Mem (MB) RSS Mem (MB) Total Trials Iter→Best Conv. Ratio
Optuna (TPE)   0.7627 0.6326  0.8441        122.52       433.03          7.04       315.93           43        23      53.49%
       AMSCO   0.7623 0.6328  0.8441         54.38       188.21          6.58       316.22           14         7      50.00%

------------------------------------------------------------



============================================================
                    KẾT QUẢ THỬ NGHIỆM TỔNG QUÁT                    
============================================================


KẾT QUẢ LẶP THEO SEED - OPTUNA (TPE):
 Seed       Dataset               Model Primary Score F1-score ROC AUC Exec Time (s)
    1 breast_cancer logistic_regression        0.7488   0.9803  0.9952         10.98
    2 breast_cancer logistic_regression        0.8818   0.9819  0.9961         23.51
    3 breast_cancer logistic_regression        0.7981   0.9804  0.9946         11.19
    4 breast_cancer logistic_regression        0.8045   0.9846  0.9962         13.35
    5 breast_cancer logistic_regression        0.8212   0.9833  0.9950         17.07
    6 breast_cancer logistic_regression        0.7551   0.9831  0.9947         11.43
    7 breast_cancer logistic_regression        0.7682   0.9776  0.9942         11.45
    8 breast_cancer logistic_regression        0.7895   0.9775  0.9947         16.75
    9 breast_cancer logistic_regression        0.7183   0.9832  0.9958         14.55
   10 breast_cancer logistic_regression        0.8754   0.9832  0.9945         24.53
    1 breast_cancer       random_forest        0.9851   0.9662  0.9914        437.52
    2 breast_cancer       random_forest        0.7040   0.9641  0.9897        386.27
    3 breast_cancer       random_forest        0.8542   0.9680  0.9908        404.49
    4 breast_cancer       random_forest        0.8705   0.9677  0.9907        392.41
    5 breast_cancer       random_forest        1.1151   0.9680  0.9916        290.00
    6 breast_cancer       random_forest        1.0915   0.9662  0.9908        437.60
    7 breast_cancer       random_forest        0.7648   0.9678  0.9900        323.63
    8 breast_cancer       random_forest        1.0475   0.9624  0.9880        359.95
    9 breast_cancer       random_forest        1.0641   0.9693  0.9914        427.45
   10 breast_cancer       random_forest        0.9659   0.9609  0.9898        432.14
    1         telco logistic_regression        0.7256   0.6314  0.8435        121.46
    2         telco logistic_regression        0.9517   0.6331  0.8437        118.71
    3         telco logistic_regression        0.9890   0.6341  0.8445        119.56
    4         telco logistic_regression        0.7115   0.6337  0.8444        102.07
    5         telco logistic_regression        0.7453   0.6340  0.8451        122.21
    6         telco logistic_regression        0.7705   0.6331  0.8440        125.89
    7         telco logistic_regression        0.8070   0.6333  0.8443        119.57
    8         telco logistic_regression        0.7156   0.6315  0.8436        120.58
    9         telco logistic_regression        0.7796   0.6346  0.8453        152.48
   10         telco logistic_regression        1.0128   0.6326  0.8441        122.52
    1         telco       random_forest        0.8565   0.6178  0.8290        713.20
    2         telco       random_forest        0.9568   0.6100  0.8259        607.38
    3         telco       random_forest        0.8716   0.6206  0.8302        616.48
    4         telco       random_forest        0.7235   0.5979  0.8149        647.86
    5         telco       random_forest        0.9612   0.6217  0.8311        888.91
    6         telco       random_forest        0.8199   0.6149  0.8291        698.40
    7         telco       random_forest        0.8872   0.6117  0.8299        877.49
    8         telco       random_forest        0.7751   0.6122  0.8277        611.37
    9         telco       random_forest        0.8444   0.6173  0.8282        683.78
   10         telco       random_forest        0.9614   0.6197  0.8320       1016.52

Thống kê mô tả (OPTUNA (TPE)):
       Metric   Mean    Std  n
Primary Score 0.8572 0.1155 40
     F1-score 0.7988 0.1775 40
      ROC AUC 0.9144 0.0796 40
Exec Time (s) 315.82 290.97 40

KẾT QUẢ LẶP THEO SEED - AMSCO:
 Seed       Dataset               Model Primary Score F1-score ROC AUC Exec Time (s)
    1 breast_cancer logistic_regression        0.7364   0.9817  0.9958          6.93
    2 breast_cancer logistic_regression        0.7084   0.9832  0.9950          5.88
    3 breast_cancer logistic_regression        0.7633   0.9804  0.9947          5.93
    4 breast_cancer logistic_regression        0.7442   0.9788  0.9954          5.97
    5 breast_cancer logistic_regression        0.7236   0.9790  0.9942          6.00
    6 breast_cancer logistic_regression        0.6953   0.9831  0.9947          6.00
    7 breast_cancer logistic_regression        0.6857   0.9833  0.9946          6.16
    8 breast_cancer logistic_regression        0.7499   0.9802  0.9943          6.07
    9 breast_cancer logistic_regression        0.7086   0.9832  0.9958          6.15
   10 breast_cancer logistic_regression        0.7225   0.9832  0.9945          6.12
    1 breast_cancer       random_forest        0.6041   0.9649  0.9917        251.66
    2 breast_cancer       random_forest        0.5476   0.9626  0.9899        261.39
    3 breast_cancer       random_forest        0.6046   0.9653  0.9914        407.16
    4 breast_cancer       random_forest        0.6175   0.9648  0.9906        185.39
    5 breast_cancer       random_forest        0.5677   0.9707  0.9931        212.71
    6 breast_cancer       random_forest        0.4902   0.9648  0.9908        300.67
    7 breast_cancer       random_forest        0.6496   0.9663  0.9913        188.48
    8 breast_cancer       random_forest        0.4610   0.9649  0.9883        181.99
    9 breast_cancer       random_forest        0.7172   0.9692  0.9910        192.18
   10 breast_cancer       random_forest        0.3570   0.9609  0.9910        224.77
    1         telco logistic_regression        0.6715   0.6320  0.8436         53.21
    2         telco logistic_regression        0.6690   0.6346  0.8437         69.54
    3         telco logistic_regression        0.6828   0.6304  0.8447         55.19
    4         telco logistic_regression        0.7022   0.6332  0.8444         56.02
    5         telco logistic_regression        0.5374   0.6309  0.8444         56.45
    6         telco logistic_regression        0.7482   0.6340  0.8440         55.72
    7         telco logistic_regression        0.6589   0.6334  0.8442         53.15
    8         telco logistic_regression        0.6921   0.6348  0.8436         54.43
    9         telco logistic_regression        0.6921   0.6333  0.8450         55.31
   10         telco logistic_regression        0.6792   0.6328  0.8441         54.38
    1         telco       random_forest        0.7663   0.6183  0.8302        340.64
    2         telco       random_forest        0.6333   0.5813  0.8025        293.06
    3         telco       random_forest        0.7811   0.6246  0.8317        658.04
    4         telco       random_forest        0.6656   0.5972  0.8120        290.16
    5         telco       random_forest        0.7308   0.6044  0.8193        624.15
    6         telco       random_forest        0.6261   0.5935  0.8155        270.33
    7         telco       random_forest        0.7803   0.6222  0.8305        429.94
    8         telco       random_forest        0.7776   0.6078  0.8255        547.61
    9         telco       random_forest        0.6819   0.6008  0.8150        289.08
   10         telco       random_forest        0.7130   0.6205  0.8325        301.79

Thống kê mô tả (AMSCO):
       Metric   Mean    Std  n
Primary Score 0.6686 0.0917 40
     F1-score 0.7968 0.1795 40
      ROC AUC 0.9129 0.0816 40
Exec Time (s) 176.90 178.69 40

KIỂM ĐỊNH THỐNG KÊ GIỮA OPTUNA (TPE) VÀ AMSCO:
       Metric           Test Statistic p-value #Pairs
     F1-score  Paired t-test    1.7704  0.0845     40
      ROC AUC  Paired t-test    1.9293  0.0610     40
Exec Time (s) Mann-Whitney U 1044.0000  0.0191  40/40

BẢNG TÓM TẮT (Dataset, Method, Mean Accuracy, Std Dev, Mean Time (s), Convergence Speed):
------------------------------------------------------------
      Dataset       Method Mean Accuracy Std Dev Mean Time (s) Convergence Speed
breast_cancer        AMSCO        0.9668  0.0109        123.38          0.007836
breast_cancer Optuna (TPE)        0.9671  0.0105        202.31          0.004780
        telco        AMSCO        0.7436  0.0281        230.41          0.003227
        telco Optuna (TPE)        0.7517  0.0163        429.32          0.001751


BẢNG HIỆU NĂNG TỐI ƯU HÓA (Time / Iterations / Resource):
----------------------------------------------------------------------
      Dataset       Method Mean Wall Time (s) Mean CPU Time (s) Mean Peak Mem (MB) Mean Total Trials Mean Iter→Best Mean Conv. Ratio
breast_cancer        AMSCO             123.38            131.91               1.08              17.1            7.7           41.71%
breast_cancer Optuna (TPE)             202.31            215.43               1.37              47.8           27.8           55.15%
        telco        AMSCO             230.41            337.28               7.45              19.6           10.7           49.23%
        telco Optuna (TPE)             429.32            690.88               7.87              55.5           36.1           61.82%



================================================================================
BẢNG 4.3: So sánh Bias và Variance trung bình trên 4 datasets
================================================================================
    Phương pháp Est. Acc. True Test Acc. Avg Bias Avg Std Dev   Min-Max Std
Standard 5-Fold    0.8573         0.8589  -0.0016    ± 0.1118 0.0843-0.1768


==========================================================================================
BẢNG 4.4: Chi tiết Bias và Variance theo từng Dataset (Độ lệch giữa CV và Test)
==========================================================================================
      Dataset          Method Est. Acc. True Test Acc.    Bias  Std Dev
Breast Cancer Standard 5-Fold    0.9669         0.9721 -0.0052 ± 0.0106
Breast Cancer       Nested CV    0.9697         0.9721 -0.0024 ± 0.0031
        Telco Standard 5-Fold    0.7476         0.7456 +0.0020 ± 0.0231
        Telco       Nested CV    0.7718         0.7456 +0.0261 ± 0.0012

Nhận xét nhanh:
- Bias Dương (+): Phương pháp đánh giá đang 'lạc quan' quá mức (Overestimation).
- Bias gần 0: Phương pháp đánh giá trung thực, sát thực tế.


================================================================================
BẢNG 4.5: Tốc độ Hội tụ và Thời gian Thực thi (5 outer folds)
================================================================================
      Dataset Method Time (s) Trials to Best Speedup F1-Score AUC-ROC P-value
Breast Cancer Optuna      202             27       -   0.9738  0.9928       -
Breast Cancer  AMSCO      123              7   1.64x   0.9735  0.9929   0.012
        Telco Optuna      429             36       -   0.6238  0.8360       -
        Telco  AMSCO      230             10   1.86x   0.6200  0.8328   0.012

Ghi chú: Speedup = Thời gian Optuna / Thời gian AMSCO.
'Trials to Best' = Số trial để đạt được best score.
P-value được tính bằng Mann-Whitney U test (cần nhiều seeds để có ý nghĩa thống kê).


================================================================================
BẢNG 4.6: Điểm Hàm Mục tiêu Toàn diện
================================================================================
      Dataset Method       F1-Score        AUC-ROC         Time  f(θ)  Rank
Breast Cancer Optuna 0.9738 (1.000) 0.9928 (1.000) 202s (1.000) 0.600  2 ()
Breast Cancer  AMSCO 0.9735 (1.000) 0.9929 (1.000) 123s (0.610) 0.678 1 (⋆)
        Telco Optuna 0.6238 (1.000) 0.8360 (1.000) 429s (1.000) 0.600  2 ()
        Telco  AMSCO 0.6200 (0.994) 0.8328 (0.996) 230s (0.537) 0.689 1 (⋆)

Ghi chú: f(θ) = 0.4·F1 + 0.4·AUC-ROC - 0.2·Time (chuẩn hóa). ⋆ = Phương pháp tốt nhất.


================================================================================
BẢNG 4.7: So sánh Variance của F1-Score qua 5 Outer Folds
================================================================================
      Dataset Optuna Var AMSCO Var Reduction Levene p-value
Breast Cancer   0.000069  0.000074    ✗ 7.3%          0.663
        Telco   0.000117  0.000274  ✗ 135.0%          0.255

Ghi chú: Improvement = (Optuna Var - AMSCO Var) / Optuna Var × 100%
Levene's test kiểm định sự khác biệt phương sai giữa hai nhóm (Optuna vs AMSCO).
P-value cao khi có ít seeds (cần >= 5 seeds để có ý nghĩa thống kê).

BẢNG SO SÁNH CV (Method, Without CV, With K-Fold (k=5), With Nested CV, Improvement (%)):
------------------------------------------------------------
      Method Without CV With K-Fold (k=5) With Nested CV Improvement (%)
       AMSCO     0.8574            0.8552              -           -0.26
Optuna (TPE)     0.8603            0.8594              -           -0.11


[WARN] Không thể tạo bảng đánh giá theo định dạng yêu cầu: 'accuracy'
BẢNG SO SÁNH THỐNG KÊ (TÀI NGUYÊN TỐI ƯU HÓA – AMSCO vs BASELINES):
--------------------------------------------------------------------------------
           Metric            Comparison Mean AMSCO Mean Baseline Δ (Baseline-AMSCO) U-statistic p-value Significant (α=0.05) Cohen's d Effect Size    Preferred  Sample Size
    Wall Time (s) AMSCO vs Optuna (TPE)    176.895       315.818            138.923     556.000  0.0191                  Yes    -0.854       Large        AMSCO           40
     CPU Time (s) AMSCO vs Optuna (TPE)    234.594       453.154            218.561     415.000  0.0002                  Yes    -0.951       Large        AMSCO           40
     Total Trials AMSCO vs Optuna (TPE)     18.325        51.650             33.325      53.000  0.0000                  Yes    -2.021  Very Large        AMSCO           40
        Iter→Best AMSCO vs Optuna (TPE)      9.150        31.975             22.825     103.000  0.0000                  Yes    -1.347  Very Large        AMSCO           40
Convergence Ratio AMSCO vs Optuna (TPE)      0.455         0.585              0.130     517.000  0.0064                  Yes    -0.618      Medium        AMSCO           40
 Peak Memory (MB) AMSCO vs Optuna (TPE)      4.267         4.619              0.351     618.000  0.0807                   No    -1.278  Very Large        AMSCO           40
  RSS Memory (MB) AMSCO vs Optuna (TPE)    289.461       288.744             -0.718     823.000  0.8283                   No     0.585      Medium Optuna (TPE)           40



BẢNG TỔNG HỢP THEO OPTIMIZER (HÀNG = METRIC):
------------------------------------------------------------
               Metric  AMSCO Optuna (TPE) Hyperopt (TPE) Random Search
      Accuracy (CV=5) 0.8552       0.8594            nan           nan
     Precision (CV=5) 0.7442       0.7479            nan           nan
        Recall (CV=5) 0.8793       0.8749            nan           nan
 F1-score (CV metric) 0.7968       0.7988            nan           nan
  AUC-ROC (CV metric) 0.9129       0.9144            nan           nan
  Balanced Acc (CV=5) 0.8605       0.8615            nan           nan
Optimization Time (s) 176.90       315.82            nan           nan


[INFO] Đã lưu optuna_seed_results.csv
