nohup: ignoring input
[INFO] Bắt đầu chạy lúc: 2025-12-08 17:06:32

########## SEED 1 ##########

=======================================================
ĐANG THỬ NGHIỆM TRÊN BỘ DỮ LIỆU: BREAST_CANCER (seed=1)
=======================================================
... Đang tải Breast Cancer (sklearn)

------------------------------------------------------------
Đang tối ưu mô hình: RANDOM_FOREST
------------------------------------------------------------
  [Multi-Objective] Sử dụng f(θ) = 0.4·F1 + 0.4·ROC-AUC - 0.2·time
  [Evaluation] StratifiedKFold (5-fold), Primary metric: accuracy

Thực thi: Optuna (TPE)...
  [Warm-up] Đang chạy 10 trials để tính bounds...
  [Warm-up] Bounds computed: F1[0.9620, 0.9692], AUC[0.9895, 0.9921], Time[0.7498, 2.3262]

Thực thi: AMSCO...
  [Warm-up] Đang chạy 10 trials để tính bounds...
  [Warm-up] Bounds computed: F1[0.9605, 0.9737], AUC[0.9883, 0.9930], Time[0.6855, 2.5381]

============================================================
KẾT QUẢ CHO RANDOM_FOREST (Primary metric: accuracy)
============================================================

   Optimizer Accuracy     F1 ROC AUC Wall Time (s) CPU Time (s) Peak Mem (MB) RSS Mem (MB) Total Trials Iter→Best Conv. Ratio
Optuna (TPE)   0.9578 0.9662  0.9914        446.64       476.92          2.14       242.61           53        33      62.26%
       AMSCO   0.9561 0.9649  0.9917        259.18       278.22          1.56       245.26           21        11      52.38%

------------------------------------------------------------


------------------------------------------------------------
Đang tối ưu mô hình: LOGISTIC_REGRESSION
------------------------------------------------------------
  [Multi-Objective] Sử dụng f(θ) = 0.4·F1 + 0.4·ROC-AUC - 0.2·time
  [Evaluation] StratifiedKFold (5-fold), Primary metric: accuracy

Thực thi: Optuna (TPE)...
  [Warm-up] Đang chạy 10 trials để tính bounds...
  [Warm-up] Bounds computed: F1[0.9619, 0.9803], AUC[0.9876, 0.9960], Time[0.0261, 0.0294]

Thực thi: AMSCO...
  [Warm-up] Đang chạy 10 trials để tính bounds...
  [Warm-up] Bounds computed: F1[0.9578, 0.9818], AUC[0.9876, 0.9962], Time[0.0253, 0.0294]

============================================================
KẾT QUẢ CHO LOGISTIC_REGRESSION (Primary metric: accuracy)
============================================================

   Optimizer Accuracy     F1 ROC AUC Wall Time (s) CPU Time (s) Peak Mem (MB) RSS Mem (MB) Total Trials Iter→Best Conv. Ratio
Optuna (TPE)   0.9754 0.9803  0.9957         14.94        14.94          1.02       245.61           46        26      56.52%
       AMSCO   0.9772 0.9817  0.9958          6.16         6.16          0.78       245.61           14         1       7.14%

------------------------------------------------------------


=======================================================
ĐANG THỬ NGHIỆM TRÊN BỘ DỮ LIỆU: TELCO (seed=1)
=======================================================
... Đang tải Telco Customer Churn

------------------------------------------------------------
Đang tối ưu mô hình: RANDOM_FOREST
------------------------------------------------------------
  [Multi-Objective] Sử dụng f(θ) = 0.4·F1 + 0.4·ROC-AUC - 0.2·time
  [Evaluation] StratifiedKFold (5-fold), Primary metric: accuracy

Thực thi: Optuna (TPE)...
  [Warm-up] Đang chạy 10 trials để tính bounds...
  [Warm-up] Bounds computed: F1[0.4647, 0.6062], AUC[0.6135, 0.8186], Time[1.1524, 3.0962]

Thực thi: AMSCO...
  [Warm-up] Đang chạy 10 trials để tính bounds...
  [Warm-up] Bounds computed: F1[0.4647, 0.6229], AUC[0.6135, 0.8334], Time[1.1047, 3.4689]

============================================================
KẾT QUẢ CHO RANDOM_FOREST (Primary metric: accuracy)
============================================================

   Optimizer Accuracy     F1 ROC AUC Wall Time (s) CPU Time (s) Peak Mem (MB) RSS Mem (MB) Total Trials Iter→Best Conv. Ratio
Optuna (TPE)   0.7478 0.6199  0.8323        532.89       674.87          8.85       273.76           44        24      54.55%
       AMSCO   0.7429 0.6183  0.8302        348.05       431.62          8.68       279.99           21        14      66.67%

------------------------------------------------------------


------------------------------------------------------------
Đang tối ưu mô hình: LOGISTIC_REGRESSION
------------------------------------------------------------
  [Multi-Objective] Sử dụng f(θ) = 0.4·F1 + 0.4·ROC-AUC - 0.2·time
  [Evaluation] StratifiedKFold (5-fold), Primary metric: accuracy

Thực thi: Optuna (TPE)...
  [Warm-up] Đang chạy 10 trials để tính bounds...
  [Warm-up] Bounds computed: F1[0.6147, 0.6318], AUC[0.8411, 0.8446], Time[0.2990, 0.4337]

Thực thi: AMSCO...
  [Warm-up] Đang chạy 10 trials để tính bounds...
  [Warm-up] Bounds computed: F1[0.6140, 0.6340], AUC[0.8407, 0.8446], Time[0.2990, 0.7680]

============================================================
KẾT QUẢ CHO LOGISTIC_REGRESSION (Primary metric: accuracy)
============================================================

   Optimizer Accuracy     F1 ROC AUC Wall Time (s) CPU Time (s) Peak Mem (MB) RSS Mem (MB) Total Trials Iter→Best Conv. Ratio
Optuna (TPE)   0.7635 0.6314  0.8435        125.44       451.91          6.92       281.51           43        23      53.49%
       AMSCO   0.7659 0.6320  0.8436         53.48       183.64          6.56       284.20           14        10      71.43%

------------------------------------------------------------


########## SEED 2 ##########

=======================================================
ĐANG THỬ NGHIỆM TRÊN BỘ DỮ LIỆU: BREAST_CANCER (seed=2)
=======================================================
... Đang tải Breast Cancer (sklearn)

------------------------------------------------------------
Đang tối ưu mô hình: RANDOM_FOREST
------------------------------------------------------------
  [Multi-Objective] Sử dụng f(θ) = 0.4·F1 + 0.4·ROC-AUC - 0.2·time
  [Evaluation] StratifiedKFold (5-fold), Primary metric: accuracy

Thực thi: Optuna (TPE)...
  [Warm-up] Đang chạy 10 trials để tính bounds...
  [Warm-up] Bounds computed: F1[0.9645, 0.9718], AUC[0.9891, 0.9923], Time[0.8315, 2.4432]

Thực thi: AMSCO...
  [Warm-up] Đang chạy 10 trials để tính bounds...
  [Warm-up] Bounds computed: F1[0.9634, 0.9737], AUC[0.9884, 0.9930], Time[0.6794, 2.4933]

============================================================
KẾT QUẢ CHO RANDOM_FOREST (Primary metric: accuracy)
============================================================

   Optimizer Accuracy     F1 ROC AUC Wall Time (s) CPU Time (s) Peak Mem (MB) RSS Mem (MB) Total Trials Iter→Best Conv. Ratio
Optuna (TPE)   0.9508 0.9614  0.9893        461.32       492.96          1.88       284.20           53        33      62.26%
       AMSCO   0.9526 0.9626  0.9899        268.59       287.46          1.58       284.20           24        14      58.33%

------------------------------------------------------------


------------------------------------------------------------
Đang tối ưu mô hình: LOGISTIC_REGRESSION
------------------------------------------------------------
  [Multi-Objective] Sử dụng f(θ) = 0.4·F1 + 0.4·ROC-AUC - 0.2·time
  [Evaluation] StratifiedKFold (5-fold), Primary metric: accuracy

Thực thi: Optuna (TPE)...
  [Warm-up] Đang chạy 10 trials để tính bounds...
  [Warm-up] Bounds computed: F1[0.9705, 0.9803], AUC[0.9931, 0.9955], Time[0.0251, 0.0265]

Thực thi: AMSCO...
  [Warm-up] Đang chạy 10 trials để tính bounds...
  [Warm-up] Bounds computed: F1[0.9607, 0.9818], AUC[0.9881, 0.9962], Time[0.0249, 0.0276]

============================================================
KẾT QUẢ CHO LOGISTIC_REGRESSION (Primary metric: accuracy)
============================================================

   Optimizer Accuracy     F1 ROC AUC Wall Time (s) CPU Time (s) Peak Mem (MB) RSS Mem (MB) Total Trials Iter→Best Conv. Ratio
Optuna (TPE)   0.9772 0.9819  0.9956         11.32        11.32          0.95       284.20           34        14      41.18%
       AMSCO   0.9789 0.9832  0.9950          6.03         6.03          0.77       284.20           14         8      57.14%

------------------------------------------------------------


=======================================================
ĐANG THỬ NGHIỆM TRÊN BỘ DỮ LIỆU: TELCO (seed=2)
=======================================================
... Đang tải Telco Customer Churn

------------------------------------------------------------
Đang tối ưu mô hình: RANDOM_FOREST
------------------------------------------------------------
  [Multi-Objective] Sử dụng f(θ) = 0.4·F1 + 0.4·ROC-AUC - 0.2·time
  [Evaluation] StratifiedKFold (5-fold), Primary metric: accuracy

Thực thi: Optuna (TPE)...
  [Warm-up] Đang chạy 10 trials để tính bounds...
  [Warm-up] Bounds computed: F1[0.5290, 0.6067], AUC[0.7283, 0.8190], Time[1.4984, 3.5798]

Thực thi: AMSCO...
  [Warm-up] Đang chạy 10 trials để tính bounds...
  [Warm-up] Bounds computed: F1[0.4647, 0.6223], AUC[0.6135, 0.8331], Time[1.0922, 3.5798]

============================================================
KẾT QUẢ CHO RANDOM_FOREST (Primary metric: accuracy)
============================================================

   Optimizer Accuracy     F1 ROC AUC Wall Time (s) CPU Time (s) Peak Mem (MB) RSS Mem (MB) Total Trials Iter→Best Conv. Ratio
Optuna (TPE)   0.7282 0.6100  0.8259        614.46       728.49          8.76       284.46           52        32      61.54%
       AMSCO   0.6805 0.5813  0.8025        296.33       321.21          8.11       286.16           14         8      57.14%

------------------------------------------------------------


------------------------------------------------------------
Đang tối ưu mô hình: LOGISTIC_REGRESSION
------------------------------------------------------------
  [Multi-Objective] Sử dụng f(θ) = 0.4·F1 + 0.4·ROC-AUC - 0.2·time
  [Evaluation] StratifiedKFold (5-fold), Primary metric: accuracy

Thực thi: Optuna (TPE)...
  [Warm-up] Đang chạy 10 trials để tính bounds...
  [Warm-up] Bounds computed: F1[0.6222, 0.6289], AUC[0.8414, 0.8445], Time[0.3026, 0.3865]

Thực thi: AMSCO...
  [Warm-up] Đang chạy 10 trials để tính bounds...
  [Warm-up] Bounds computed: F1[0.6140, 0.6336], AUC[0.8410, 0.8446], Time[0.3005, 0.4287]

============================================================
KẾT QUẢ CHO LOGISTIC_REGRESSION (Primary metric: accuracy)
============================================================

   Optimizer Accuracy     F1 ROC AUC Wall Time (s) CPU Time (s) Peak Mem (MB) RSS Mem (MB) Total Trials Iter→Best Conv. Ratio
Optuna (TPE)   0.7636 0.6331  0.8437        120.32       416.04          6.80       287.88           43        23      53.49%
       AMSCO   0.7687 0.6346  0.8437         70.69       249.68          6.58       288.12           21        11      52.38%

------------------------------------------------------------


########## SEED 3 ##########

=======================================================
ĐANG THỬ NGHIỆM TRÊN BỘ DỮ LIỆU: BREAST_CANCER (seed=3)
=======================================================
... Đang tải Breast Cancer (sklearn)

------------------------------------------------------------
Đang tối ưu mô hình: RANDOM_FOREST
------------------------------------------------------------
  [Multi-Objective] Sử dụng f(θ) = 0.4·F1 + 0.4·ROC-AUC - 0.2·time
  [Evaluation] StratifiedKFold (5-fold), Primary metric: accuracy

Thực thi: Optuna (TPE)...
  [Warm-up] Đang chạy 10 trials để tính bounds...
  [Warm-up] Bounds computed: F1[0.9631, 0.9721], AUC[0.9895, 0.9921], Time[0.7832, 2.5204]

Thực thi: AMSCO...
  [Warm-up] Đang chạy 10 trials để tính bounds...
  [Warm-up] Bounds computed: F1[0.9618, 0.9722], AUC[0.9884, 0.9930], Time[0.6717, 2.5204]

============================================================
KẾT QUẢ CHO RANDOM_FOREST (Primary metric: accuracy)
============================================================

   Optimizer Accuracy     F1 ROC AUC Wall Time (s) CPU Time (s) Peak Mem (MB) RSS Mem (MB) Total Trials Iter→Best Conv. Ratio
Optuna (TPE)   0.9596 0.9680  0.9908        411.27       439.48          1.58       288.12           49        29      59.18%
       AMSCO   0.9561 0.9653  0.9914        411.61       440.96          1.56       288.12           42        26      61.90%

------------------------------------------------------------


------------------------------------------------------------
Đang tối ưu mô hình: LOGISTIC_REGRESSION
------------------------------------------------------------
  [Multi-Objective] Sử dụng f(θ) = 0.4·F1 + 0.4·ROC-AUC - 0.2·time
  [Evaluation] StratifiedKFold (5-fold), Primary metric: accuracy

Thực thi: Optuna (TPE)...
  [Warm-up] Đang chạy 10 trials để tính bounds...
  [Warm-up] Bounds computed: F1[0.9607, 0.9818], AUC[0.9883, 0.9954], Time[0.0255, 0.0281]

Thực thi: AMSCO...
  [Warm-up] Đang chạy 10 trials để tính bounds...
  [Warm-up] Bounds computed: F1[0.9607, 0.9818], AUC[0.9881, 0.9961], Time[0.0253, 0.0433]

============================================================
KẾT QUẢ CHO LOGISTIC_REGRESSION (Primary metric: accuracy)
============================================================

   Optimizer Accuracy     F1 ROC AUC Wall Time (s) CPU Time (s) Peak Mem (MB) RSS Mem (MB) Total Trials Iter→Best Conv. Ratio
Optuna (TPE)   0.9754 0.9804  0.9947         11.33        11.33          1.12       288.12           33        13      39.39%
       AMSCO   0.9807 0.9846  0.9952          6.11         6.10          0.83       288.12           14         9      64.29%

------------------------------------------------------------


=======================================================
ĐANG THỬ NGHIỆM TRÊN BỘ DỮ LIỆU: TELCO (seed=3)
=======================================================
... Đang tải Telco Customer Churn

------------------------------------------------------------
Đang tối ưu mô hình: RANDOM_FOREST
------------------------------------------------------------
  [Multi-Objective] Sử dụng f(θ) = 0.4·F1 + 0.4·ROC-AUC - 0.2·time
  [Evaluation] StratifiedKFold (5-fold), Primary metric: accuracy

Thực thi: Optuna (TPE)...
  [Warm-up] Đang chạy 10 trials để tính bounds...
  [Warm-up] Bounds computed: F1[0.5252, 0.6155], AUC[0.7296, 0.8311], Time[1.5830, 3.4840]

Thực thi: AMSCO...
  [Warm-up] Đang chạy 10 trials để tính bounds...
  [Warm-up] Bounds computed: F1[0.4647, 0.6225], AUC[0.6135, 0.8340], Time[1.1088, 3.5788]

============================================================
KẾT QUẢ CHO RANDOM_FOREST (Primary metric: accuracy)
============================================================

   Optimizer Accuracy     F1 ROC AUC Wall Time (s) CPU Time (s) Peak Mem (MB) RSS Mem (MB) Total Trials Iter→Best Conv. Ratio
Optuna (TPE)   0.7527 0.6241  0.8318       1021.26      1335.91          9.16       288.12          100        99      99.00%
       AMSCO   0.7522 0.6246  0.8317        663.48       778.53          8.60       292.38           47        34      72.34%

------------------------------------------------------------


------------------------------------------------------------
Đang tối ưu mô hình: LOGISTIC_REGRESSION
------------------------------------------------------------
  [Multi-Objective] Sử dụng f(θ) = 0.4·F1 + 0.4·ROC-AUC - 0.2·time
  [Evaluation] StratifiedKFold (5-fold), Primary metric: accuracy

Thực thi: Optuna (TPE)...
  [Warm-up] Đang chạy 10 trials để tính bounds...
  [Warm-up] Bounds computed: F1[0.6247, 0.6295], AUC[0.8420, 0.8445], Time[0.3034, 0.3847]

Thực thi: AMSCO...
  [Warm-up] Đang chạy 10 trials để tính bounds...
  [Warm-up] Bounds computed: F1[0.6140, 0.6336], AUC[0.8410, 0.8446], Time[0.3007, 0.4273]

============================================================
KẾT QUẢ CHO LOGISTIC_REGRESSION (Primary metric: accuracy)
============================================================

   Optimizer Accuracy     F1 ROC AUC Wall Time (s) CPU Time (s) Peak Mem (MB) RSS Mem (MB) Total Trials Iter→Best Conv. Ratio
Optuna (TPE)   0.7642 0.6341  0.8445        120.37       417.00          6.82       294.14           43        23      53.49%
       AMSCO   0.7669 0.6316  0.8447         76.37       275.19          6.57       294.14           23        12      52.17%

------------------------------------------------------------


########## SEED 4 ##########

=======================================================
ĐANG THỬ NGHIỆM TRÊN BỘ DỮ LIỆU: BREAST_CANCER (seed=4)
=======================================================
... Đang tải Breast Cancer (sklearn)

------------------------------------------------------------
Đang tối ưu mô hình: RANDOM_FOREST
------------------------------------------------------------
  [Multi-Objective] Sử dụng f(θ) = 0.4·F1 + 0.4·ROC-AUC - 0.2·time
  [Evaluation] StratifiedKFold (5-fold), Primary metric: accuracy

Thực thi: Optuna (TPE)...
  [Warm-up] Đang chạy 10 trials để tính bounds...
  [Warm-up] Bounds computed: F1[0.9647, 0.9694], AUC[0.9896, 0.9921], Time[0.6789, 2.3715]

Thực thi: AMSCO...
  [Warm-up] Đang chạy 10 trials để tính bounds...
  [Warm-up] Bounds computed: F1[0.9632, 0.9734], AUC[0.9884, 0.9930], Time[0.6739, 2.4683]

============================================================
KẾT QUẢ CHO RANDOM_FOREST (Primary metric: accuracy)
============================================================

   Optimizer Accuracy     F1 ROC AUC Wall Time (s) CPU Time (s) Peak Mem (MB) RSS Mem (MB) Total Trials Iter→Best Conv. Ratio
Optuna (TPE)   0.9596 0.9677  0.9907        389.72       416.14          1.77       294.14           43        23      53.49%
       AMSCO   0.9561 0.9648  0.9906        186.64       199.77          1.33       294.14           14         1       7.14%

------------------------------------------------------------


------------------------------------------------------------
Đang tối ưu mô hình: LOGISTIC_REGRESSION
------------------------------------------------------------
  [Multi-Objective] Sử dụng f(θ) = 0.4·F1 + 0.4·ROC-AUC - 0.2·time
  [Evaluation] StratifiedKFold (5-fold), Primary metric: accuracy

Thực thi: Optuna (TPE)...
  [Warm-up] Đang chạy 10 trials để tính bounds...
  [Warm-up] Bounds computed: F1[0.9705, 0.9804], AUC[0.9908, 0.9958], Time[0.0256, 0.0277]

Thực thi: AMSCO...
  [Warm-up] Đang chạy 10 trials để tính bounds...
  [Warm-up] Bounds computed: F1[0.9607, 0.9818], AUC[0.9872, 0.9962], Time[0.0252, 0.0287]

============================================================
KẾT QUẢ CHO LOGISTIC_REGRESSION (Primary metric: accuracy)
============================================================

   Optimizer Accuracy     F1 ROC AUC Wall Time (s) CPU Time (s) Peak Mem (MB) RSS Mem (MB) Total Trials Iter→Best Conv. Ratio
Optuna (TPE)   0.9807 0.9846  0.9963         16.23        16.23          1.09       294.14           52        32      61.54%
       AMSCO   0.9807 0.9846  0.9960          6.07         6.07          0.77       294.14           14         4      28.57%

------------------------------------------------------------


=======================================================
ĐANG THỬ NGHIỆM TRÊN BỘ DỮ LIỆU: TELCO (seed=4)
=======================================================
... Đang tải Telco Customer Churn

------------------------------------------------------------
Đang tối ưu mô hình: RANDOM_FOREST
------------------------------------------------------------
  [Multi-Objective] Sử dụng f(θ) = 0.4·F1 + 0.4·ROC-AUC - 0.2·time
  [Evaluation] StratifiedKFold (5-fold), Primary metric: accuracy

Thực thi: Optuna (TPE)...
  [Warm-up] Đang chạy 10 trials để tính bounds...
  [Warm-up] Bounds computed: F1[0.4200, 0.6223], AUC[0.5842, 0.8339], Time[1.0903, 3.4922]

Thực thi: AMSCO...
  [Warm-up] Đang chạy 10 trials để tính bounds...
  [Warm-up] Bounds computed: F1[0.4200, 0.6260], AUC[0.5842, 0.8343], Time[1.0789, 3.4922]

============================================================
KẾT QUẢ CHO RANDOM_FOREST (Primary metric: accuracy)
============================================================

   Optimizer Accuracy     F1 ROC AUC Wall Time (s) CPU Time (s) Peak Mem (MB) RSS Mem (MB) Total Trials Iter→Best Conv. Ratio
Optuna (TPE)   0.7520 0.6219  0.8333       1005.67      1395.03          9.25       294.96          100        98      98.00%
       AMSCO   0.7065 0.5972  0.8120        294.14       328.41          8.04       297.02           14        10      71.43%

------------------------------------------------------------


------------------------------------------------------------
Đang tối ưu mô hình: LOGISTIC_REGRESSION
------------------------------------------------------------
  [Multi-Objective] Sử dụng f(θ) = 0.4·F1 + 0.4·ROC-AUC - 0.2·time
  [Evaluation] StratifiedKFold (5-fold), Primary metric: accuracy

Thực thi: Optuna (TPE)...
  [Warm-up] Đang chạy 10 trials để tính bounds...
  [Warm-up] Bounds computed: F1[0.6199, 0.6325], AUC[0.8410, 0.8444], Time[0.3034, 0.4217]

Thực thi: AMSCO...
  [Warm-up] Đang chạy 10 trials để tính bounds...
  [Warm-up] Bounds computed: F1[0.6140, 0.6336], AUC[0.8410, 0.8446], Time[0.3025, 0.4294]

============================================================
KẾT QUẢ CHO LOGISTIC_REGRESSION (Primary metric: accuracy)
============================================================

   Optimizer Accuracy     F1 ROC AUC Wall Time (s) CPU Time (s) Peak Mem (MB) RSS Mem (MB) Total Trials Iter→Best Conv. Ratio
Optuna (TPE)   0.7626 0.6328  0.8443        121.65       421.88          6.99       298.66           43        23      53.49%
       AMSCO   0.7723 0.6339  0.8446         56.68       206.63          6.57       298.97           14         1       7.14%

------------------------------------------------------------


########## SEED 5 ##########

=======================================================
ĐANG THỬ NGHIỆM TRÊN BỘ DỮ LIỆU: BREAST_CANCER (seed=5)
=======================================================
... Đang tải Breast Cancer (sklearn)

------------------------------------------------------------
Đang tối ưu mô hình: RANDOM_FOREST
------------------------------------------------------------
  [Multi-Objective] Sử dụng f(θ) = 0.4·F1 + 0.4·ROC-AUC - 0.2·time
  [Evaluation] StratifiedKFold (5-fold), Primary metric: accuracy

Thực thi: Optuna (TPE)...
  [Warm-up] Đang chạy 10 trials để tính bounds...
  [Warm-up] Bounds computed: F1[0.9633, 0.9704], AUC[0.9899, 0.9912], Time[0.6754, 2.5059]

Thực thi: AMSCO...
  [Warm-up] Đang chạy 10 trials để tính bounds...
  [Warm-up] Bounds computed: F1[0.9595, 0.9722], AUC[0.9884, 0.9930], Time[0.6681, 2.5377]

============================================================
KẾT QUẢ CHO RANDOM_FOREST (Primary metric: accuracy)
============================================================

   Optimizer Accuracy     F1 ROC AUC Wall Time (s) CPU Time (s) Peak Mem (MB) RSS Mem (MB) Total Trials Iter→Best Conv. Ratio
Optuna (TPE)   0.9508 0.9608  0.9918        397.48       424.32          1.64       298.97           52        32      61.54%
       AMSCO   0.9631 0.9707  0.9931        215.26       231.29          1.39       298.97           14         4      28.57%

------------------------------------------------------------


------------------------------------------------------------
Đang tối ưu mô hình: LOGISTIC_REGRESSION
------------------------------------------------------------
  [Multi-Objective] Sử dụng f(θ) = 0.4·F1 + 0.4·ROC-AUC - 0.2·time
  [Evaluation] StratifiedKFold (5-fold), Primary metric: accuracy

Thực thi: Optuna (TPE)...
  [Warm-up] Đang chạy 10 trials để tính bounds...
  [Warm-up] Bounds computed: F1[0.9678, 0.9803], AUC[0.9877, 0.9957], Time[0.0254, 0.0279]

Thực thi: AMSCO...
  [Warm-up] Đang chạy 10 trials để tính bounds...
  [Warm-up] Bounds computed: F1[0.9607, 0.9818], AUC[0.9872, 0.9961], Time[0.0250, 0.0283]

============================================================
KẾT QUẢ CHO LOGISTIC_REGRESSION (Primary metric: accuracy)
============================================================

   Optimizer Accuracy     F1 ROC AUC Wall Time (s) CPU Time (s) Peak Mem (MB) RSS Mem (MB) Total Trials Iter→Best Conv. Ratio
Optuna (TPE)   0.9789 0.9833  0.9950         16.21        16.20          1.01       298.97           52        32      61.54%
       AMSCO   0.9737 0.9790  0.9942          6.03         6.02          0.78       298.97           14         8      57.14%

------------------------------------------------------------


=======================================================
ĐANG THỬ NGHIỆM TRÊN BỘ DỮ LIỆU: TELCO (seed=5)
=======================================================
... Đang tải Telco Customer Churn

------------------------------------------------------------
Đang tối ưu mô hình: RANDOM_FOREST
------------------------------------------------------------
  [Multi-Objective] Sử dụng f(θ) = 0.4·F1 + 0.4·ROC-AUC - 0.2·time
  [Evaluation] StratifiedKFold (5-fold), Primary metric: accuracy

Thực thi: Optuna (TPE)...
  [Warm-up] Đang chạy 10 trials để tính bounds...
  [Warm-up] Bounds computed: F1[0.5028, 0.6024], AUC[0.6845, 0.8124], Time[1.2178, 3.4318]

Thực thi: AMSCO...
  [Warm-up] Đang chạy 10 trials để tính bounds...
  [Warm-up] Bounds computed: F1[0.4647, 0.6263], AUC[0.6135, 0.8332], Time[1.0733, 3.4393]

============================================================
KẾT QUẢ CHO RANDOM_FOREST (Primary metric: accuracy)
============================================================

   Optimizer Accuracy     F1 ROC AUC Wall Time (s) CPU Time (s) Peak Mem (MB) RSS Mem (MB) Total Trials Iter→Best Conv. Ratio
Optuna (TPE)   0.7491 0.6214  0.8317        596.31       737.98          9.03       298.97           49        29      59.18%
       AMSCO   0.7112 0.6044  0.8193        627.14       716.60          8.52       301.93           46        38      82.61%

------------------------------------------------------------


------------------------------------------------------------
Đang tối ưu mô hình: LOGISTIC_REGRESSION
------------------------------------------------------------
  [Multi-Objective] Sử dụng f(θ) = 0.4·F1 + 0.4·ROC-AUC - 0.2·time
  [Evaluation] StratifiedKFold (5-fold), Primary metric: accuracy

Thực thi: Optuna (TPE)...
  [Warm-up] Đang chạy 10 trials để tính bounds...
  [Warm-up] Bounds computed: F1[0.6186, 0.6316], AUC[0.8411, 0.8446], Time[0.2993, 0.4227]

Thực thi: AMSCO...
  [Warm-up] Đang chạy 10 trials để tính bounds...
  [Warm-up] Bounds computed: F1[0.6140, 0.6336], AUC[0.8410, 0.8446], Time[0.2993, 0.4292]

============================================================
KẾT QUẢ CHO LOGISTIC_REGRESSION (Primary metric: accuracy)
============================================================

   Optimizer Accuracy     F1 ROC AUC Wall Time (s) CPU Time (s) Peak Mem (MB) RSS Mem (MB) Total Trials Iter→Best Conv. Ratio
Optuna (TPE)   0.7640 0.6340  0.8451        123.36       438.40          6.78       303.34           43        23      53.49%
       AMSCO   0.7592 0.6315  0.8448         53.71       184.65          6.56       303.34           14         6      42.86%

------------------------------------------------------------


########## SEED 6 ##########

=======================================================
ĐANG THỬ NGHIỆM TRÊN BỘ DỮ LIỆU: BREAST_CANCER (seed=6)
=======================================================
... Đang tải Breast Cancer (sklearn)

------------------------------------------------------------
Đang tối ưu mô hình: RANDOM_FOREST
------------------------------------------------------------
  [Multi-Objective] Sử dụng f(θ) = 0.4·F1 + 0.4·ROC-AUC - 0.2·time
  [Evaluation] StratifiedKFold (5-fold), Primary metric: accuracy

Thực thi: Optuna (TPE)...
  [Warm-up] Đang chạy 10 trials để tính bounds...
  [Warm-up] Bounds computed: F1[0.9624, 0.9692], AUC[0.9891, 0.9916], Time[0.6777, 2.5222]

Thực thi: AMSCO...
  [Warm-up] Đang chạy 10 trials để tính bounds...
  [Warm-up] Bounds computed: F1[0.9624, 0.9737], AUC[0.9883, 0.9930], Time[0.6777, 2.5222]

============================================================
KẾT QUẢ CHO RANDOM_FOREST (Primary metric: accuracy)
============================================================

   Optimizer Accuracy     F1 ROC AUC Wall Time (s) CPU Time (s) Peak Mem (MB) RSS Mem (MB) Total Trials Iter→Best Conv. Ratio
Optuna (TPE)   0.9578 0.9662  0.9908        443.99       474.16          1.79       303.34           53        33      62.26%
       AMSCO   0.9560 0.9648  0.9908        303.52       324.78          1.51       303.34           26        15      57.69%

------------------------------------------------------------


------------------------------------------------------------
Đang tối ưu mô hình: LOGISTIC_REGRESSION
------------------------------------------------------------
  [Multi-Objective] Sử dụng f(θ) = 0.4·F1 + 0.4·ROC-AUC - 0.2·time
  [Evaluation] StratifiedKFold (5-fold), Primary metric: accuracy

Thực thi: Optuna (TPE)...
  [Warm-up] Đang chạy 10 trials để tính bounds...
  [Warm-up] Bounds computed: F1[0.9621, 0.9804], AUC[0.9894, 0.9958], Time[0.0254, 0.0279]

Thực thi: AMSCO...
  [Warm-up] Đang chạy 10 trials để tính bounds...
  [Warm-up] Bounds computed: F1[0.9607, 0.9818], AUC[0.9872, 0.9962], Time[0.0252, 0.0289]

============================================================
KẾT QUẢ CHO LOGISTIC_REGRESSION (Primary metric: accuracy)
============================================================

   Optimizer Accuracy     F1 ROC AUC Wall Time (s) CPU Time (s) Peak Mem (MB) RSS Mem (MB) Total Trials Iter→Best Conv. Ratio
Optuna (TPE)   0.9789 0.9831  0.9953         18.96        18.95          1.20       303.34           62        42      67.74%
       AMSCO   0.9772 0.9817  0.9954          6.00         6.00          0.78       303.34           14         7      50.00%

------------------------------------------------------------


=======================================================
ĐANG THỬ NGHIỆM TRÊN BỘ DỮ LIỆU: TELCO (seed=6)
=======================================================
... Đang tải Telco Customer Churn

------------------------------------------------------------
Đang tối ưu mô hình: RANDOM_FOREST
------------------------------------------------------------
  [Multi-Objective] Sử dụng f(θ) = 0.4·F1 + 0.4·ROC-AUC - 0.2·time
  [Evaluation] StratifiedKFold (5-fold), Primary metric: accuracy

Thực thi: Optuna (TPE)...
  [Warm-up] Đang chạy 10 trials để tính bounds...
  [Warm-up] Bounds computed: F1[0.4942, 0.6188], AUC[0.6688, 0.8304], Time[1.2942, 3.2570]

Thực thi: AMSCO...
  [Warm-up] Đang chạy 10 trials để tính bounds...
  [Warm-up] Bounds computed: F1[0.4647, 0.6239], AUC[0.6135, 0.8339], Time[1.0891, 3.5497]

============================================================
KẾT QUẢ CHO RANDOM_FOREST (Primary metric: accuracy)
============================================================

   Optimizer Accuracy     F1 ROC AUC Wall Time (s) CPU Time (s) Peak Mem (MB) RSS Mem (MB) Total Trials Iter→Best Conv. Ratio
Optuna (TPE)   0.7355 0.6149  0.8291        711.81       914.69          8.93       304.36           63        43      68.25%
       AMSCO   0.6970 0.5935  0.8155        271.96       301.89          7.90       307.51           14         8      57.14%

------------------------------------------------------------


------------------------------------------------------------
Đang tối ưu mô hình: LOGISTIC_REGRESSION
------------------------------------------------------------
  [Multi-Objective] Sử dụng f(θ) = 0.4·F1 + 0.4·ROC-AUC - 0.2·time
  [Evaluation] StratifiedKFold (5-fold), Primary metric: accuracy

Thực thi: Optuna (TPE)...
  [Warm-up] Đang chạy 10 trials để tính bounds...
  [Warm-up] Bounds computed: F1[0.6147, 0.6338], AUC[0.8419, 0.8446], Time[0.3014, 0.4279]

Thực thi: AMSCO...
  [Warm-up] Đang chạy 10 trials để tính bounds...
  [Warm-up] Bounds computed: F1[0.6140, 0.6338], AUC[0.8410, 0.8446], Time[0.2960, 0.9796]

============================================================
KẾT QUẢ CHO LOGISTIC_REGRESSION (Primary metric: accuracy)
============================================================

   Optimizer Accuracy     F1 ROC AUC Wall Time (s) CPU Time (s) Peak Mem (MB) RSS Mem (MB) Total Trials Iter→Best Conv. Ratio
Optuna (TPE)   0.7679 0.6343  0.8440        158.19       569.93          7.02       309.49           57        37      64.91%
       AMSCO   0.7683 0.6340  0.8440         56.10       204.90          6.59       309.69           14         6      42.86%

------------------------------------------------------------


########## SEED 7 ##########

=======================================================
ĐANG THỬ NGHIỆM TRÊN BỘ DỮ LIỆU: BREAST_CANCER (seed=7)
=======================================================
... Đang tải Breast Cancer (sklearn)

------------------------------------------------------------
Đang tối ưu mô hình: RANDOM_FOREST
------------------------------------------------------------
  [Multi-Objective] Sử dụng f(θ) = 0.4·F1 + 0.4·ROC-AUC - 0.2·time
  [Evaluation] StratifiedKFold (5-fold), Primary metric: accuracy

Thực thi: Optuna (TPE)...
  [Warm-up] Đang chạy 10 trials để tính bounds...
  [Warm-up] Bounds computed: F1[0.9618, 0.9734], AUC[0.9889, 0.9929], Time[0.7855, 2.4678]

Thực thi: AMSCO...
  [Warm-up] Đang chạy 10 trials để tính bounds...
  [Warm-up] Bounds computed: F1[0.9618, 0.9734], AUC[0.9884, 0.9929], Time[0.6670, 2.4838]

============================================================
KẾT QUẢ CHO RANDOM_FOREST (Primary metric: accuracy)
============================================================

   Optimizer Accuracy     F1 ROC AUC Wall Time (s) CPU Time (s) Peak Mem (MB) RSS Mem (MB) Total Trials Iter→Best Conv. Ratio
Optuna (TPE)   0.9596 0.9678  0.9900        324.51       347.35          1.47       309.69           35        15      42.86%
       AMSCO   0.9579 0.9663  0.9913        188.10       200.77          1.41       309.69           14         1       7.14%

------------------------------------------------------------


------------------------------------------------------------
Đang tối ưu mô hình: LOGISTIC_REGRESSION
------------------------------------------------------------
  [Multi-Objective] Sử dụng f(θ) = 0.4·F1 + 0.4·ROC-AUC - 0.2·time
  [Evaluation] StratifiedKFold (5-fold), Primary metric: accuracy

Thực thi: Optuna (TPE)...
  [Warm-up] Đang chạy 10 trials để tính bounds...
  [Warm-up] Bounds computed: F1[0.9648, 0.9803], AUC[0.9873, 0.9958], Time[0.0249, 0.0287]

Thực thi: AMSCO...
  [Warm-up] Đang chạy 10 trials để tính bounds...
  [Warm-up] Bounds computed: F1[0.9607, 0.9816], AUC[0.9872, 0.9962], Time[0.0249, 0.0287]

============================================================
KẾT QUẢ CHO LOGISTIC_REGRESSION (Primary metric: accuracy)
============================================================

   Optimizer Accuracy     F1 ROC AUC Wall Time (s) CPU Time (s) Peak Mem (MB) RSS Mem (MB) Total Trials Iter→Best Conv. Ratio
Optuna (TPE)   0.9789 0.9833  0.9946         13.99        13.99          1.00       309.69           44        24      54.55%
       AMSCO   0.9789 0.9833  0.9946          6.10         6.10          0.79       309.69           14         6      42.86%

------------------------------------------------------------


=======================================================
ĐANG THỬ NGHIỆM TRÊN BỘ DỮ LIỆU: TELCO (seed=7)
=======================================================
... Đang tải Telco Customer Churn

------------------------------------------------------------
Đang tối ưu mô hình: RANDOM_FOREST
------------------------------------------------------------
  [Multi-Objective] Sử dụng f(θ) = 0.4·F1 + 0.4·ROC-AUC - 0.2·time
  [Evaluation] StratifiedKFold (5-fold), Primary metric: accuracy

Thực thi: Optuna (TPE)...
  [Warm-up] Đang chạy 10 trials để tính bounds...
  [Warm-up] Bounds computed: F1[0.4648, 0.6008], AUC[0.6141, 0.8174], Time[1.1089, 3.3574]

Thực thi: AMSCO...
  [Warm-up] Đang chạy 10 trials để tính bounds...
  [Warm-up] Bounds computed: F1[0.4647, 0.6239], AUC[0.6135, 0.8339], Time[1.0768, 3.4542]

============================================================
KẾT QUẢ CHO RANDOM_FOREST (Primary metric: accuracy)
============================================================

   Optimizer Accuracy     F1 ROC AUC Wall Time (s) CPU Time (s) Peak Mem (MB) RSS Mem (MB) Total Trials Iter→Best Conv. Ratio
Optuna (TPE)   0.7386 0.6159  0.8270        701.23       883.93          9.08       310.81           63        43      68.25%
       AMSCO   0.7565 0.6222  0.8305        430.73       551.51          8.68       310.81           26        15      57.69%

------------------------------------------------------------


------------------------------------------------------------
Đang tối ưu mô hình: LOGISTIC_REGRESSION
------------------------------------------------------------
  [Multi-Objective] Sử dụng f(θ) = 0.4·F1 + 0.4·ROC-AUC - 0.2·time
  [Evaluation] StratifiedKFold (5-fold), Primary metric: accuracy

Thực thi: Optuna (TPE)...
  [Warm-up] Đang chạy 10 trials để tính bounds...
  [Warm-up] Bounds computed: F1[0.6156, 0.6296], AUC[0.8396, 0.8446], Time[0.2944, 0.4188]

Thực thi: AMSCO...
  [Warm-up] Đang chạy 10 trials để tính bounds...
  [Warm-up] Bounds computed: F1[0.6140, 0.6340], AUC[0.8396, 0.8446], Time[0.2923, 0.4328]

============================================================
KẾT QUẢ CHO LOGISTIC_REGRESSION (Primary metric: accuracy)
============================================================

   Optimizer Accuracy     F1 ROC AUC Wall Time (s) CPU Time (s) Peak Mem (MB) RSS Mem (MB) Total Trials Iter→Best Conv. Ratio
Optuna (TPE)   0.7633 0.6333  0.8443        120.32       419.76          6.83       312.14           43        23      53.49%
       AMSCO   0.7626 0.6334  0.8442         53.60       186.13          6.56       312.14           14         9      64.29%

------------------------------------------------------------


########## SEED 8 ##########

=======================================================
ĐANG THỬ NGHIỆM TRÊN BỘ DỮ LIỆU: BREAST_CANCER (seed=8)
=======================================================
... Đang tải Breast Cancer (sklearn)

------------------------------------------------------------
Đang tối ưu mô hình: RANDOM_FOREST
------------------------------------------------------------
  [Multi-Objective] Sử dụng f(θ) = 0.4·F1 + 0.4·ROC-AUC - 0.2·time
  [Evaluation] StratifiedKFold (5-fold), Primary metric: accuracy

Thực thi: Optuna (TPE)...
  [Warm-up] Đang chạy 10 trials để tính bounds...
  [Warm-up] Bounds computed: F1[0.9621, 0.9690], AUC[0.9894, 0.9915], Time[0.8040, 2.3070]

Thực thi: AMSCO...
  [Warm-up] Đang chạy 10 trials để tính bounds...
  [Warm-up] Bounds computed: F1[0.9621, 0.9722], AUC[0.9884, 0.9930], Time[0.6747, 2.4698]

============================================================
KẾT QUẢ CHO RANDOM_FOREST (Primary metric: accuracy)
============================================================

   Optimizer Accuracy     F1 ROC AUC Wall Time (s) CPU Time (s) Peak Mem (MB) RSS Mem (MB) Total Trials Iter→Best Conv. Ratio
Optuna (TPE)   0.9595 0.9679  0.9881        393.91       420.29          1.65       312.14           49        29      59.18%
       AMSCO   0.9560 0.9649  0.9883        183.25       196.64          1.38       312.14           14         6      42.86%

------------------------------------------------------------


------------------------------------------------------------
Đang tối ưu mô hình: LOGISTIC_REGRESSION
------------------------------------------------------------
  [Multi-Objective] Sử dụng f(θ) = 0.4·F1 + 0.4·ROC-AUC - 0.2·time
  [Evaluation] StratifiedKFold (5-fold), Primary metric: accuracy

Thực thi: Optuna (TPE)...
  [Warm-up] Đang chạy 10 trials để tính bounds...
  [Warm-up] Bounds computed: F1[0.9662, 0.9816], AUC[0.9907, 0.9960], Time[0.0256, 0.0277]

Thực thi: AMSCO...
  [Warm-up] Đang chạy 10 trials để tính bounds...
  [Warm-up] Bounds computed: F1[0.9607, 0.9818], AUC[0.9877, 0.9962], Time[0.0256, 0.0288]

============================================================
KẾT QUẢ CHO LOGISTIC_REGRESSION (Primary metric: accuracy)
============================================================

   Optimizer Accuracy     F1 ROC AUC Wall Time (s) CPU Time (s) Peak Mem (MB) RSS Mem (MB) Total Trials Iter→Best Conv. Ratio
Optuna (TPE)   0.9753 0.9802  0.9941         11.35        11.35          0.98       312.14           33        13      39.39%
       AMSCO   0.9736 0.9788  0.9944          6.18         6.18          0.78       312.14           14         9      64.29%

------------------------------------------------------------


=======================================================
ĐANG THỬ NGHIỆM TRÊN BỘ DỮ LIỆU: TELCO (seed=8)
=======================================================
... Đang tải Telco Customer Churn

------------------------------------------------------------
Đang tối ưu mô hình: RANDOM_FOREST
------------------------------------------------------------
  [Multi-Objective] Sử dụng f(θ) = 0.4·F1 + 0.4·ROC-AUC - 0.2·time
  [Evaluation] StratifiedKFold (5-fold), Primary metric: accuracy

Thực thi: Optuna (TPE)...
  [Warm-up] Đang chạy 10 trials để tính bounds...
  [Warm-up] Bounds computed: F1[0.4648, 0.6194], AUC[0.6141, 0.8309], Time[1.2323, 3.1530]

Thực thi: AMSCO...
  [Warm-up] Đang chạy 10 trials để tính bounds...
  [Warm-up] Bounds computed: F1[0.4647, 0.6231], AUC[0.6135, 0.8338], Time[1.1127, 3.5283]

============================================================
KẾT QUẢ CHO RANDOM_FOREST (Primary metric: accuracy)
============================================================

   Optimizer Accuracy     F1 ROC AUC Wall Time (s) CPU Time (s) Peak Mem (MB) RSS Mem (MB) Total Trials Iter→Best Conv. Ratio
Optuna (TPE)   0.7449 0.6184  0.8303        543.81       692.49          8.95       312.14           46        26      56.52%
       AMSCO   0.7227 0.6078  0.8255        550.46       632.32          8.40       313.80           35        16      45.71%

------------------------------------------------------------


------------------------------------------------------------
Đang tối ưu mô hình: LOGISTIC_REGRESSION
------------------------------------------------------------
  [Multi-Objective] Sử dụng f(θ) = 0.4·F1 + 0.4·ROC-AUC - 0.2·time
  [Evaluation] StratifiedKFold (5-fold), Primary metric: accuracy

Thực thi: Optuna (TPE)...
  [Warm-up] Đang chạy 10 trials để tính bounds...
  [Warm-up] Bounds computed: F1[0.6177, 0.6328], AUC[0.8406, 0.8444], Time[0.3027, 0.4173]

Thực thi: AMSCO...
  [Warm-up] Đang chạy 10 trials để tính bounds...
  [Warm-up] Bounds computed: F1[0.6140, 0.6336], AUC[0.8406, 0.8446], Time[0.3005, 0.4269]

============================================================
KẾT QUẢ CHO LOGISTIC_REGRESSION (Primary metric: accuracy)
============================================================

   Optimizer Accuracy     F1 ROC AUC Wall Time (s) CPU Time (s) Peak Mem (MB) RSS Mem (MB) Total Trials Iter→Best Conv. Ratio
Optuna (TPE)   0.7617 0.6315  0.8436        120.77       419.61          6.95       315.20           43        23      53.49%
       AMSCO   0.7687 0.6348  0.8436         54.69       193.72          6.58       315.52           14         2      14.29%

------------------------------------------------------------


########## SEED 9 ##########

=======================================================
ĐANG THỬ NGHIỆM TRÊN BỘ DỮ LIỆU: BREAST_CANCER (seed=9)
=======================================================
... Đang tải Breast Cancer (sklearn)

------------------------------------------------------------
Đang tối ưu mô hình: RANDOM_FOREST
------------------------------------------------------------
  [Multi-Objective] Sử dụng f(θ) = 0.4·F1 + 0.4·ROC-AUC - 0.2·time
  [Evaluation] StratifiedKFold (5-fold), Primary metric: accuracy

Thực thi: Optuna (TPE)...
  [Warm-up] Đang chạy 10 trials để tính bounds...
  [Warm-up] Bounds computed: F1[0.9643, 0.9708], AUC[0.9890, 0.9914], Time[0.8041, 2.2532]

Thực thi: AMSCO...
  [Warm-up] Đang chạy 10 trials để tính bounds...
  [Warm-up] Bounds computed: F1[0.9618, 0.9737], AUC[0.9883, 0.9930], Time[0.6736, 2.4844]

============================================================
KẾT QUẢ CHO RANDOM_FOREST (Primary metric: accuracy)
============================================================

   Optimizer Accuracy     F1 ROC AUC Wall Time (s) CPU Time (s) Peak Mem (MB) RSS Mem (MB) Total Trials Iter→Best Conv. Ratio
Optuna (TPE)   0.9613 0.9693  0.9914        430.85       459.57          1.85       315.52           53        33      62.26%
       AMSCO   0.9613 0.9692  0.9910        192.93       206.77          1.33       315.52           14         8      57.14%

------------------------------------------------------------


------------------------------------------------------------
Đang tối ưu mô hình: LOGISTIC_REGRESSION
------------------------------------------------------------
  [Multi-Objective] Sử dụng f(θ) = 0.4·F1 + 0.4·ROC-AUC - 0.2·time
  [Evaluation] StratifiedKFold (5-fold), Primary metric: accuracy

Thực thi: Optuna (TPE)...
  [Warm-up] Đang chạy 10 trials để tính bounds...
  [Warm-up] Bounds computed: F1[0.9619, 0.9816], AUC[0.9904, 0.9961], Time[0.0254, 0.0272]

Thực thi: AMSCO...
  [Warm-up] Đang chạy 10 trials để tính bounds...
  [Warm-up] Bounds computed: F1[0.9593, 0.9818], AUC[0.9881, 0.9961], Time[0.0254, 0.0291]

============================================================
KẾT QUẢ CHO LOGISTIC_REGRESSION (Primary metric: accuracy)
============================================================

   Optimizer Accuracy     F1 ROC AUC Wall Time (s) CPU Time (s) Peak Mem (MB) RSS Mem (MB) Total Trials Iter→Best Conv. Ratio
Optuna (TPE)   0.9771 0.9818  0.9955          8.12         8.12          0.87       315.52           21         1       4.76%
       AMSCO   0.9789 0.9832  0.9958          6.09         6.09          0.77       315.52           14         8      57.14%

------------------------------------------------------------


=======================================================
ĐANG THỬ NGHIỆM TRÊN BỘ DỮ LIỆU: TELCO (seed=9)
=======================================================
... Đang tải Telco Customer Churn

------------------------------------------------------------
Đang tối ưu mô hình: RANDOM_FOREST
------------------------------------------------------------
  [Multi-Objective] Sử dụng f(θ) = 0.4·F1 + 0.4·ROC-AUC - 0.2·time
  [Evaluation] StratifiedKFold (5-fold), Primary metric: accuracy

Thực thi: Optuna (TPE)...
  [Warm-up] Đang chạy 10 trials để tính bounds...
  [Warm-up] Bounds computed: F1[0.4647, 0.6070], AUC[0.6135, 0.8227], Time[1.0896, 3.2478]

Thực thi: AMSCO...
  [Warm-up] Đang chạy 10 trials để tính bounds...
  [Warm-up] Bounds computed: F1[0.4647, 0.6239], AUC[0.6135, 0.8339], Time[1.0798, 3.4650]

============================================================
KẾT QUẢ CHO RANDOM_FOREST (Primary metric: accuracy)
============================================================

   Optimizer Accuracy     F1 ROC AUC Wall Time (s) CPU Time (s) Peak Mem (MB) RSS Mem (MB) Total Trials Iter→Best Conv. Ratio
Optuna (TPE)   0.7400 0.6173  0.8282        682.81       865.74          8.95       315.88           63        43      68.25%
       AMSCO   0.7094 0.6008  0.8150        292.64       319.90          7.85       316.80           14         1       7.14%

------------------------------------------------------------


------------------------------------------------------------
Đang tối ưu mô hình: LOGISTIC_REGRESSION
------------------------------------------------------------
  [Multi-Objective] Sử dụng f(θ) = 0.4·F1 + 0.4·ROC-AUC - 0.2·time
  [Evaluation] StratifiedKFold (5-fold), Primary metric: accuracy

Thực thi: Optuna (TPE)...
  [Warm-up] Đang chạy 10 trials để tính bounds...
  [Warm-up] Bounds computed: F1[0.6162, 0.6322], AUC[0.8422, 0.8444], Time[0.3020, 0.4199]

Thực thi: AMSCO...
  [Warm-up] Đang chạy 10 trials để tính bounds...
  [Warm-up] Bounds computed: F1[0.6145, 0.6331], AUC[0.8409, 0.8446], Time[0.3005, 0.4348]

============================================================
KẾT QUẢ CHO LOGISTIC_REGRESSION (Primary metric: accuracy)
============================================================

   Optimizer Accuracy     F1 ROC AUC Wall Time (s) CPU Time (s) Peak Mem (MB) RSS Mem (MB) Total Trials Iter→Best Conv. Ratio
Optuna (TPE)   0.7683 0.6348  0.8452        133.48       477.04          6.89       318.07           47        27      57.45%
       AMSCO   0.7633 0.6333  0.8450         55.40       199.04          6.56       318.07           14         6      42.86%

------------------------------------------------------------


########## SEED 10 ##########

=======================================================
ĐANG THỬ NGHIỆM TRÊN BỘ DỮ LIỆU: BREAST_CANCER (seed=10)
=======================================================
... Đang tải Breast Cancer (sklearn)

------------------------------------------------------------
Đang tối ưu mô hình: RANDOM_FOREST
------------------------------------------------------------
  [Multi-Objective] Sử dụng f(θ) = 0.4·F1 + 0.4·ROC-AUC - 0.2·time
  [Evaluation] StratifiedKFold (5-fold), Primary metric: accuracy

Thực thi: Optuna (TPE)...
  [Warm-up] Đang chạy 10 trials để tính bounds...
  [Warm-up] Bounds computed: F1[0.9631, 0.9705], AUC[0.9893, 0.9919], Time[0.7580, 2.4387]

Thực thi: AMSCO...
  [Warm-up] Đang chạy 10 trials để tính bounds...
  [Warm-up] Bounds computed: F1[0.9631, 0.9737], AUC[0.9883, 0.9930], Time[0.6744, 2.4695]

============================================================
KẾT QUẢ CHO RANDOM_FOREST (Primary metric: accuracy)
============================================================

   Optimizer Accuracy     F1 ROC AUC Wall Time (s) CPU Time (s) Peak Mem (MB) RSS Mem (MB) Total Trials Iter→Best Conv. Ratio
Optuna (TPE)   0.9508 0.9609  0.9898        427.31       455.83          1.69       318.07           53        33      62.26%
       AMSCO   0.9508 0.9609  0.9910        224.08       240.28          1.49       318.07           14         1       7.14%

------------------------------------------------------------


------------------------------------------------------------
Đang tối ưu mô hình: LOGISTIC_REGRESSION
------------------------------------------------------------
  [Multi-Objective] Sử dụng f(θ) = 0.4·F1 + 0.4·ROC-AUC - 0.2·time
  [Evaluation] StratifiedKFold (5-fold), Primary metric: accuracy

Thực thi: Optuna (TPE)...
  [Warm-up] Đang chạy 10 trials để tính bounds...
  [Warm-up] Bounds computed: F1[0.9678, 0.9789], AUC[0.9875, 0.9961], Time[0.0258, 0.0285]

Thực thi: AMSCO...
  [Warm-up] Đang chạy 10 trials để tính bounds...
  [Warm-up] Bounds computed: F1[0.9619, 0.9818], AUC[0.9875, 0.9962], Time[0.0255, 0.0285]

============================================================
KẾT QUẢ CHO LOGISTIC_REGRESSION (Primary metric: accuracy)
============================================================

   Optimizer Accuracy     F1 ROC AUC Wall Time (s) CPU Time (s) Peak Mem (MB) RSS Mem (MB) Total Trials Iter→Best Conv. Ratio
Optuna (TPE)   0.9771 0.9818  0.9941         11.63        11.63          0.97       318.07           34        14      41.18%
       AMSCO   0.9789 0.9832  0.9945          6.17         6.17          0.91       318.07           14         3      21.43%

------------------------------------------------------------


=======================================================
ĐANG THỬ NGHIỆM TRÊN BỘ DỮ LIỆU: TELCO (seed=10)
=======================================================
... Đang tải Telco Customer Churn

------------------------------------------------------------
Đang tối ưu mô hình: RANDOM_FOREST
------------------------------------------------------------
  [Multi-Objective] Sử dụng f(θ) = 0.4·F1 + 0.4·ROC-AUC - 0.2·time
  [Evaluation] StratifiedKFold (5-fold), Primary metric: accuracy

Thực thi: Optuna (TPE)...
  [Warm-up] Đang chạy 10 trials để tính bounds...
  [Warm-up] Bounds computed: F1[0.5254, 0.6130], AUC[0.7297, 0.8284], Time[1.9084, 3.5274]

Thực thi: AMSCO...
  [Warm-up] Đang chạy 10 trials để tính bounds...
  [Warm-up] Bounds computed: F1[0.4647, 0.6281], AUC[0.6135, 0.8338], Time[1.0794, 3.6163]

============================================================
KẾT QUẢ CHO RANDOM_FOREST (Primary metric: accuracy)
============================================================

   Optimizer Accuracy     F1 ROC AUC Wall Time (s) CPU Time (s) Peak Mem (MB) RSS Mem (MB) Total Trials Iter→Best Conv. Ratio
Optuna (TPE)   0.7508 0.6223  0.8320       1017.95      1426.63          9.09       318.07          100        95      95.00%
       AMSCO   0.7463 0.6205  0.8325        301.24       386.71          8.39       327.93           14         7      50.00%

------------------------------------------------------------


------------------------------------------------------------
Đang tối ưu mô hình: LOGISTIC_REGRESSION
------------------------------------------------------------
  [Multi-Objective] Sử dụng f(θ) = 0.4·F1 + 0.4·ROC-AUC - 0.2·time
  [Evaluation] StratifiedKFold (5-fold), Primary metric: accuracy

Thực thi: Optuna (TPE)...
  [Warm-up] Đang chạy 10 trials để tính bounds...
  [Warm-up] Bounds computed: F1[0.6186, 0.6272], AUC[0.8395, 0.8444], Time[0.2958, 0.4198]

Thực thi: AMSCO...
  [Warm-up] Đang chạy 10 trials để tính bounds...
  [Warm-up] Bounds computed: F1[0.6140, 0.6336], AUC[0.8395, 0.8446], Time[0.2958, 0.7559]

============================================================
KẾT QUẢ CHO LOGISTIC_REGRESSION (Primary metric: accuracy)
============================================================

   Optimizer Accuracy     F1 ROC AUC Wall Time (s) CPU Time (s) Peak Mem (MB) RSS Mem (MB) Total Trials Iter→Best Conv. Ratio
Optuna (TPE)   0.7627 0.6326  0.8441        125.28       454.53          6.95       329.35           43        23      53.49%
       AMSCO   0.7623 0.6328  0.8441         54.04       188.19          6.62       329.56           14         7      50.00%

------------------------------------------------------------



============================================================
                    KẾT QUẢ THỬ NGHIỆM TỔNG QUÁT                    
============================================================

[INFO] Đã lưu Hình 4.2: figure_4_2_boxplot_time.png

KẾT QUẢ LẶP THEO SEED - OPTUNA (TPE):
 Seed       Dataset               Model Primary Score F1-score ROC AUC Exec Time (s)
    1 breast_cancer logistic_regression        0.8043   0.9803  0.9957         14.94
    2 breast_cancer logistic_regression        0.8583   0.9819  0.9956         11.32
    3 breast_cancer logistic_regression        0.7649   0.9804  0.9947         11.33
    4 breast_cancer logistic_regression        0.8286   0.9846  0.9963         16.23
    5 breast_cancer logistic_regression        0.8430   0.9833  0.9950         16.21
    6 breast_cancer logistic_regression        0.7550   0.9831  0.9953         18.96
    7 breast_cancer logistic_regression        0.7823   0.9833  0.9946         13.99
    8 breast_cancer logistic_regression        0.7080   0.9802  0.9941         11.35
    9 breast_cancer logistic_regression        0.6310   0.9818  0.9955          8.12
   10 breast_cancer logistic_regression        0.8005   0.9818  0.9941         11.63
    1 breast_cancer       random_forest        0.9861   0.9662  0.9914        446.64
    2 breast_cancer       random_forest        0.8277   0.9614  0.9893        461.32
    3 breast_cancer       random_forest        0.8525   0.9680  0.9908        411.27
    4 breast_cancer       random_forest        0.8726   0.9677  0.9907        389.72
    5 breast_cancer       random_forest        1.2077   0.9608  0.9918        397.48
    6 breast_cancer       random_forest        1.0894   0.9662  0.9908        443.99
    7 breast_cancer       random_forest        0.7660   0.9678  0.9900        324.51
    8 breast_cancer       random_forest        1.1830   0.9679  0.9881        393.91
    9 breast_cancer       random_forest        1.0601   0.9693  0.9914        430.85
   10 breast_cancer       random_forest        0.9655   0.9609  0.9898        427.31
    1         telco logistic_regression        0.7287   0.6314  0.8435        125.44
    2         telco logistic_regression        0.9459   0.6331  0.8437        120.32
    3         telco logistic_regression        0.9926   0.6341  0.8445        120.37
    4         telco logistic_regression        0.7404   0.6328  0.8443        121.65
    5         telco logistic_regression        0.7449   0.6340  0.8451        123.36
    6         telco logistic_regression        0.6851   0.6343  0.8440        158.19
    7         telco logistic_regression        0.8025   0.6333  0.8443        120.32
    8         telco logistic_regression        0.7226   0.6315  0.8436        120.77
    9         telco logistic_regression        0.7490   0.6348  0.8452        133.48
   10         telco logistic_regression        1.0071   0.6326  0.8441        125.28
    1         telco       random_forest        0.8696   0.6199  0.8323        532.89
    2         telco       random_forest        0.9562   0.6100  0.8259        614.46
    3         telco       random_forest        0.8768   0.6241  0.8318       1021.26
    4         telco       random_forest        0.7840   0.6219  0.8333       1005.67
    5         telco       random_forest        0.9454   0.6214  0.8317        596.31
    6         telco       random_forest        0.8187   0.6149  0.8291        711.81
    7         telco       random_forest        0.8813   0.6159  0.8270        701.23
    8         telco       random_forest        0.8112   0.6184  0.8303        543.81
    9         telco       random_forest        0.8470   0.6173  0.8282        682.81
   10         telco       random_forest        0.9626   0.6223  0.8320       1017.95

Thống kê mô tả (OPTUNA (TPE)):
       Metric   Mean    Std  n
Primary Score 0.8615 0.1300 40
     F1-score 0.7999 0.1764 40
      ROC AUC 0.9150 0.0790 40
Exec Time (s) 323.96 301.76 40

KẾT QUẢ LẶP THEO SEED - AMSCO:
 Seed       Dataset               Model Primary Score F1-score ROC AUC Exec Time (s)
    1 breast_cancer logistic_regression        0.7272   0.9817  0.9958          6.16
    2 breast_cancer logistic_regression        0.6797   0.9832  0.9950          6.03
    3 breast_cancer logistic_regression        0.7654   0.9846  0.9952          6.11
    4 breast_cancer logistic_regression        0.6827   0.9846  0.9960          6.07
    5 breast_cancer logistic_regression        0.7252   0.9790  0.9942          6.03
    6 breast_cancer logistic_regression        0.7500   0.9817  0.9954          6.00
    7 breast_cancer logistic_regression        0.6898   0.9833  0.9946          6.10
    8 breast_cancer logistic_regression        0.6928   0.9788  0.9944          6.18
    9 breast_cancer logistic_regression        0.7168   0.9832  0.9958          6.09
   10 breast_cancer logistic_regression        0.7398   0.9832  0.9945          6.17
    1 breast_cancer       random_forest        0.6015   0.9649  0.9917        259.18
    2 breast_cancer       random_forest        0.4987   0.9626  0.9899        268.59
    3 breast_cancer       random_forest        0.6048   0.9653  0.9914        411.61
    4 breast_cancer       random_forest        0.6160   0.9648  0.9906        186.64
    5 breast_cancer       random_forest        0.5520   0.9707  0.9931        215.26
    6 breast_cancer       random_forest        0.4908   0.9648  0.9908        303.52
    7 breast_cancer       random_forest        0.6502   0.9663  0.9913        188.10
    8 breast_cancer       random_forest        0.4397   0.9649  0.9883        183.25
    9 breast_cancer       random_forest        0.7172   0.9692  0.9910        192.93
   10 breast_cancer       random_forest        0.3575   0.9609  0.9910        224.08
    1         telco logistic_regression        0.6966   0.6320  0.8436         53.48
    2         telco logistic_regression        0.6701   0.6346  0.8437         70.69
    3         telco logistic_regression        0.6825   0.6316  0.8447         76.37
    4         telco logistic_regression        0.6853   0.6339  0.8446         56.68
    5         telco logistic_regression        0.5536   0.6315  0.8448         53.71
    6         telco logistic_regression        0.7488   0.6340  0.8440         56.10
    7         telco logistic_regression        0.6521   0.6334  0.8442         53.60
    8         telco logistic_regression        0.6860   0.6348  0.8436         54.69
    9         telco logistic_regression        0.7061   0.6333  0.8450         55.40
   10         telco logistic_regression        0.7305   0.6328  0.8441         54.04
    1         telco       random_forest        0.7719   0.6183  0.8302        348.05
    2         telco       random_forest        0.6344   0.5813  0.8025        296.33
    3         telco       random_forest        0.7919   0.6246  0.8317        663.48
    4         telco       random_forest        0.6603   0.5972  0.8120        294.14
    5         telco       random_forest        0.7328   0.6044  0.8193        627.14
    6         telco       random_forest        0.6298   0.5935  0.8155        271.96
    7         telco       random_forest        0.7792   0.6222  0.8305        430.73
    8         telco       random_forest        0.7628   0.6078  0.8255        550.46
    9         telco       random_forest        0.6818   0.6008  0.8150        292.64
   10         telco       random_forest        0.7066   0.6205  0.8325        301.24

Thống kê mô tả (AMSCO):
       Metric   Mean    Std  n
Primary Score 0.6665 0.0948 40
     F1-score 0.7970 0.1796 40
      ROC AUC 0.9129 0.0817 40
Exec Time (s) 178.88 179.86 40

KIỂM ĐỊNH THỐNG KÊ GIỮA OPTUNA (TPE) VÀ AMSCO:
       Metric           Test Statistic p-value #Pairs
     F1-score  Paired t-test    2.2626  0.0293     40
      ROC AUC  Paired t-test    2.1665  0.0364     40
Exec Time (s) Mann-Whitney U 1048.0000  0.0172  40/40

BẢNG TÓM TẮT (Dataset, Method, Mean Accuracy, Std Dev, Mean Time (s), Convergence Speed):
------------------------------------------------------------
      Dataset       Method Mean Accuracy Std Dev Mean Time (s) Convergence Speed
breast_cancer        AMSCO        0.9672  0.0113        124.70          0.007756
breast_cancer Optuna (TPE)        0.9671  0.0111        213.05          0.004539
        telco        AMSCO        0.7442  0.0286        233.05          0.003193
        telco Optuna (TPE)        0.7541  0.0119        434.87          0.001734


BẢNG HIỆU NĂNG TỐI ƯU HÓA (Time / Iterations / Resource):
----------------------------------------------------------------------
      Dataset       Method Mean Wall Time (s) Mean CPU Time (s) Mean Peak Mem (MB) Mean Total Trials Mean Iter→Best Mean Conv. Ratio
breast_cancer        AMSCO             124.70            133.39               1.13              16.9            7.5           41.52%
breast_cancer Optuna (TPE)             213.05            227.05               1.38              45.2           25.2           52.77%
        telco        AMSCO             233.05            342.02               7.45              20.1           11.1           50.41%
        telco Optuna (TPE)             434.87            707.09               7.95              56.4           39.0           63.94%



================================================================================
BẢNG 4.3: So sánh Bias và Variance trung bình trên 4 datasets
================================================================================
     Phương pháp Est. Acc. True Test Acc. Avg Bias Avg Std Dev   Min-Max Std
Hold-out (70/30)    0.8601         0.8707  -0.0106    ± 0.1594 0.1127-0.1127
 Standard 5-Fold    0.8582         0.8707  -0.0126    ± 0.1542 0.1090-0.1090
 Nested CV (5x3)    0.8707         0.8707  +0.0000    ± 0.1400 0.0990-0.0990


==========================================================================================
BẢNG 4.4: Chi tiết Bias và Variance theo từng Dataset (Độ lệch giữa CV và Test)
==========================================================================================
      Dataset          Method Est. Acc. True Test Acc.    Bias  Std Dev
Breast Cancer Standard 5-Fold    0.9672         0.9697 -0.0025 ± 0.0111
Breast Cancer       Nested CV    0.9697         0.9697 +0.0000 ± 0.0031
        Telco Standard 5-Fold    0.7491         0.7718 -0.0226 ± 0.0222
        Telco       Nested CV    0.7718         0.7718 +0.0000 ± 0.0012

Nhận xét nhanh:
- Bias Dương (+): Phương pháp đánh giá đang 'lạc quan' quá mức (Overestimation).
- Bias gần 0: Phương pháp đánh giá trung thực, sát thực tế.


================================================================================
BẢNG 4.5: Tốc độ Hội tụ và Thời gian Thực thi (5 outer folds)
================================================================================
      Dataset Method Time (s) Trials to Best Speedup F1-Score AUC-ROC P-value
Breast Cancer Optuna      213             25       -   0.9738  0.9928       -
Breast Cancer  AMSCO      124              7   1.71x   0.9739  0.9930   0.011
        Telco Optuna      434             39       -   0.6259  0.8372       -
        Telco  AMSCO      233             11   1.87x   0.6201  0.8329   0.015

Ghi chú: Speedup = Thời gian Optuna / Thời gian AMSCO.
'Trials to Best' = Số trial để đạt được best score.
P-value được tính bằng Mann-Whitney U test (cần nhiều seeds để có ý nghĩa thống kê).


================================================================================
BẢNG 4.6: Điểm Hàm Mục tiêu Toàn diện
================================================================================
      Dataset Method       F1-Score        AUC-ROC         Time  f(θ)  Rank
Breast Cancer Optuna 0.9738 (1.000) 0.9928 (1.000) 213s (1.000) 0.600  2 ()
Breast Cancer  AMSCO 0.9739 (1.000) 0.9930 (1.000) 124s (0.585) 0.683 1 (⋆)
        Telco Optuna 0.6259 (1.000) 0.8372 (1.000) 434s (1.000) 0.600  2 ()
        Telco  AMSCO 0.6201 (0.991) 0.8329 (0.995) 233s (0.536) 0.687 1 (⋆)

Ghi chú: f(θ) = 0.4·F1 + 0.4·AUC-ROC - 0.2·Time (chuẩn hóa). ⋆ = Phương pháp tốt nhất.


================================================================================
BẢNG 4.7: So sánh Variance của F1-Score qua 5 Outer Folds
================================================================================
      Dataset Optuna Var AMSCO Var Reduction Levene p-value
Breast Cancer   0.000077  0.000081    ✗ 4.6%          0.790
        Telco   0.000065  0.000277  ✗ 326.2%          0.059

Ghi chú: Improvement = (Optuna Var - AMSCO Var) / Optuna Var × 100%
Levene's test kiểm định sự khác biệt phương sai giữa hai nhóm (Optuna vs AMSCO).
P-value cao khi có ít seeds (cần >= 5 seeds để có ý nghĩa thống kê).

BẢNG SO SÁNH CV (Method, Without CV, With K-Fold (k=5), With Nested CV, Improvement (%)):
------------------------------------------------------------
      Method Without CV With K-Fold (k=5) With Nested CV Improvement (%)
       AMSCO     0.8578            0.8557              -           -0.24
Optuna (TPE)     0.8624            0.8606              -           -0.21


[WARN] Không thể tạo bảng đánh giá theo định dạng yêu cầu: 'accuracy'
BẢNG SO SÁNH THỐNG KÊ (TÀI NGUYÊN TỐI ƯU HÓA – AMSCO vs BASELINES):
--------------------------------------------------------------------------------
           Metric            Comparison Mean AMSCO Mean Baseline Δ (Baseline-AMSCO) U-statistic p-value Significant (α=0.05) Cohen's d Effect Size    Preferred  Sample Size
    Wall Time (s) AMSCO vs Optuna (TPE)    178.875       323.962            145.086     552.000  0.0172                  Yes    -0.814       Large        AMSCO           40
     CPU Time (s) AMSCO vs Optuna (TPE)    237.709       467.074            229.365     406.000  0.0002                  Yes    -0.919       Large        AMSCO           40
     Total Trials AMSCO vs Optuna (TPE)     18.450        50.800             32.350      54.500  0.0000                  Yes    -1.909  Very Large        AMSCO           40
        Iter→Best AMSCO vs Optuna (TPE)      9.275        32.100             22.825     137.000  0.0000                  Yes    -1.141       Large        AMSCO           40
Convergence Ratio AMSCO vs Optuna (TPE)      0.460         0.584              0.124     557.500  0.0197                  Yes    -0.503      Medium        AMSCO           40
 Peak Memory (MB) AMSCO vs Optuna (TPE)      4.286         4.667              0.382     607.000  0.0640                   No    -1.437  Very Large        AMSCO           40
  RSS Memory (MB) AMSCO vs Optuna (TPE)    300.683       299.697             -0.986     819.000  0.8585                   No     0.488       Small Optuna (TPE)           40



BẢNG TỔNG HỢP THEO OPTIMIZER (HÀNG = METRIC):
------------------------------------------------------------
               Metric  AMSCO Optuna (TPE) Hyperopt (TPE) Random Search
      Accuracy (CV=5) 0.8557       0.8606            nan           nan
     Precision (CV=5) 0.7447       0.7494            nan           nan
        Recall (CV=5) 0.8788       0.8747            nan           nan
 F1-score (CV metric) 0.7970       0.7999            nan           nan
  AUC-ROC (CV metric) 0.9129       0.9150            nan           nan
  Balanced Acc (CV=5) 0.8606       0.8625            nan           nan
Optimization Time (s) 178.88       323.96            nan           nan


[INFO] Đã lưu optuna_seed_results.csv
[INFO] Đã lưu convergence_history.csv
