nohup: ignoring input
[INFO] Bắt đầu chạy lúc: 2025-12-08 08:02:19

########## SEED 1 ##########

=======================================================
ĐANG THỬ NGHIỆM TRÊN BỘ DỮ LIỆU: BREAST_CANCER (seed=1)
=======================================================
... Đang tải Breast Cancer (sklearn)

------------------------------------------------------------
Đang tối ưu mô hình: RANDOM_FOREST
------------------------------------------------------------
  [Multi-Objective] Sử dụng f(θ) = 0.4·F1 + 0.4·ROC-AUC - 0.2·time
  [Evaluation] StratifiedKFold (5-fold), Primary metric: accuracy

Thực thi: Optuna (TPE)...
  [Warm-up] Đang chạy 10 trials để tính bounds...
  [Warm-up] Bounds computed: F1[0.9620, 0.9692], AUC[0.9895, 0.9921], Time[0.7245, 2.2602]

Thực thi: AMSCO...
  [Warm-up] Đang chạy 10 trials để tính bounds...
  [Warm-up] Bounds computed: F1[0.9605, 0.9737], AUC[0.9883, 0.9930], Time[0.6707, 2.4707]

============================================================
KẾT QUẢ CHO RANDOM_FOREST (Primary metric: accuracy)
============================================================

   Optimizer Accuracy     F1 ROC AUC Wall Time (s) CPU Time (s) Peak Mem (MB) RSS Mem (MB) Total Trials Iter→Best Conv. Ratio
Optuna (TPE)   0.9578 0.9662  0.9914        435.65       464.17          2.05       230.88           53        33      62.26%
       AMSCO   0.9561 0.9649  0.9917        254.53       272.94          1.30       233.35           21        11      52.38%

------------------------------------------------------------


------------------------------------------------------------
Đang tối ưu mô hình: LOGISTIC_REGRESSION
------------------------------------------------------------
  [Multi-Objective] Sử dụng f(θ) = 0.4·F1 + 0.4·ROC-AUC - 0.2·time
  [Evaluation] StratifiedKFold (5-fold), Primary metric: accuracy

Thực thi: Optuna (TPE)...
  [Warm-up] Đang chạy 10 trials để tính bounds...
  [Warm-up] Bounds computed: F1[0.9619, 0.9803], AUC[0.9876, 0.9960], Time[0.0244, 0.0280]

Thực thi: AMSCO...
  [Warm-up] Đang chạy 10 trials để tính bounds...
  [Warm-up] Bounds computed: F1[0.9578, 0.9818], AUC[0.9872, 0.9962], Time[0.0244, 0.0423]

============================================================
KẾT QUẢ CHO LOGISTIC_REGRESSION (Primary metric: accuracy)
============================================================

   Optimizer Accuracy     F1 ROC AUC Wall Time (s) CPU Time (s) Peak Mem (MB) RSS Mem (MB) Total Trials Iter→Best Conv. Ratio
Optuna (TPE)   0.9754 0.9803  0.9952         18.68        18.67          1.40       233.85           62        42      67.74%
       AMSCO   0.9772 0.9817  0.9958          6.98         6.98          0.82       233.85           18        11      61.11%

------------------------------------------------------------


=======================================================
ĐANG THỬ NGHIỆM TRÊN BỘ DỮ LIỆU: TELCO (seed=1)
=======================================================
... Đang tải Telco Customer Churn

------------------------------------------------------------
Đang tối ưu mô hình: RANDOM_FOREST
------------------------------------------------------------
  [Multi-Objective] Sử dụng f(θ) = 0.4·F1 + 0.4·ROC-AUC - 0.2·time
  [Evaluation] StratifiedKFold (5-fold), Primary metric: accuracy

Thực thi: Optuna (TPE)...
  [Warm-up] Đang chạy 10 trials để tính bounds...
  [Warm-up] Bounds computed: F1[0.4647, 0.6065], AUC[0.6135, 0.8213], Time[1.1093, 3.3776]

Thực thi: AMSCO...
  [Warm-up] Đang chạy 10 trials để tính bounds...
  [Warm-up] Bounds computed: F1[0.4647, 0.6239], AUC[0.6135, 0.8339], Time[1.0677, 3.4094]

============================================================
KẾT QUẢ CHO RANDOM_FOREST (Primary metric: accuracy)
============================================================

   Optimizer Accuracy     F1 ROC AUC Wall Time (s) CPU Time (s) Peak Mem (MB) RSS Mem (MB) Total Trials Iter→Best Conv. Ratio
Optuna (TPE)   0.7405 0.6178  0.8290        710.47       896.24          8.91       265.82           63        43      68.25%
       AMSCO   0.7429 0.6183  0.8302        336.72       418.76          8.37       266.91           21        14      66.67%

------------------------------------------------------------


------------------------------------------------------------
Đang tối ưu mô hình: LOGISTIC_REGRESSION
------------------------------------------------------------
  [Multi-Objective] Sử dụng f(θ) = 0.4·F1 + 0.4·ROC-AUC - 0.2·time
  [Evaluation] StratifiedKFold (5-fold), Primary metric: accuracy

Thực thi: Optuna (TPE)...
  [Warm-up] Đang chạy 10 trials để tính bounds...
  [Warm-up] Bounds computed: F1[0.6147, 0.6318], AUC[0.8411, 0.8446], Time[0.2939, 0.4281]

Thực thi: AMSCO...
  [Warm-up] Đang chạy 10 trials để tính bounds...
  [Warm-up] Bounds computed: F1[0.6140, 0.6340], AUC[0.8407, 0.8446], Time[0.2909, 1.6018]

============================================================
KẾT QUẢ CHO LOGISTIC_REGRESSION (Primary metric: accuracy)
============================================================

   Optimizer Accuracy     F1 ROC AUC Wall Time (s) CPU Time (s) Peak Mem (MB) RSS Mem (MB) Total Trials Iter→Best Conv. Ratio
Optuna (TPE)   0.7635 0.6314  0.8435        119.75       422.67          6.97       269.02           43        23      53.49%
       AMSCO   0.7659 0.6320  0.8436         77.43       325.18          6.57       271.90           14        10      71.43%

------------------------------------------------------------


########## SEED 2 ##########

=======================================================
ĐANG THỬ NGHIỆM TRÊN BỘ DỮ LIỆU: BREAST_CANCER (seed=2)
=======================================================
... Đang tải Breast Cancer (sklearn)

------------------------------------------------------------
Đang tối ưu mô hình: RANDOM_FOREST
------------------------------------------------------------
  [Multi-Objective] Sử dụng f(θ) = 0.4·F1 + 0.4·ROC-AUC - 0.2·time
  [Evaluation] StratifiedKFold (5-fold), Primary metric: accuracy

Thực thi: Optuna (TPE)...
  [Warm-up] Đang chạy 10 trials để tính bounds...
  [Warm-up] Bounds computed: F1[0.9645, 0.9718], AUC[0.9891, 0.9923], Time[0.8352, 2.4603]

Thực thi: AMSCO...
  [Warm-up] Đang chạy 10 trials để tính bounds...
  [Warm-up] Bounds computed: F1[0.9634, 0.9722], AUC[0.9884, 0.9930], Time[0.6659, 2.4603]

============================================================
KẾT QUẢ CHO RANDOM_FOREST (Primary metric: accuracy)
============================================================

   Optimizer Accuracy     F1 ROC AUC Wall Time (s) CPU Time (s) Peak Mem (MB) RSS Mem (MB) Total Trials Iter→Best Conv. Ratio
Optuna (TPE)   0.9543 0.9641  0.9897        388.27       414.88          1.58       271.90           43        23      53.49%
       AMSCO   0.9526 0.9626  0.9899        261.26       278.97          1.35       271.90           24        14      58.33%

------------------------------------------------------------


------------------------------------------------------------
Đang tối ưu mô hình: LOGISTIC_REGRESSION
------------------------------------------------------------
  [Multi-Objective] Sử dụng f(θ) = 0.4·F1 + 0.4·ROC-AUC - 0.2·time
  [Evaluation] StratifiedKFold (5-fold), Primary metric: accuracy

Thực thi: Optuna (TPE)...
  [Warm-up] Đang chạy 10 trials để tính bounds...
  [Warm-up] Bounds computed: F1[0.9705, 0.9803], AUC[0.9931, 0.9955], Time[0.0245, 0.0260]

Thực thi: AMSCO...
  [Warm-up] Đang chạy 10 trials để tính bounds...
  [Warm-up] Bounds computed: F1[0.9607, 0.9818], AUC[0.9881, 0.9961], Time[0.0245, 0.0276]

============================================================
KẾT QUẢ CHO LOGISTIC_REGRESSION (Primary metric: accuracy)
============================================================

   Optimizer Accuracy     F1 ROC AUC Wall Time (s) CPU Time (s) Peak Mem (MB) RSS Mem (MB) Total Trials Iter→Best Conv. Ratio
Optuna (TPE)   0.9772 0.9819  0.9956         11.21        11.20          0.96       271.90           34        14      41.18%
       AMSCO   0.9789 0.9832  0.9951          5.93         5.93          0.76       271.90           14         2      14.29%

------------------------------------------------------------


=======================================================
ĐANG THỬ NGHIỆM TRÊN BỘ DỮ LIỆU: TELCO (seed=2)
=======================================================
... Đang tải Telco Customer Churn

------------------------------------------------------------
Đang tối ưu mô hình: RANDOM_FOREST
------------------------------------------------------------
  [Multi-Objective] Sử dụng f(θ) = 0.4·F1 + 0.4·ROC-AUC - 0.2·time
  [Evaluation] StratifiedKFold (5-fold), Primary metric: accuracy

Thực thi: Optuna (TPE)...
  [Warm-up] Đang chạy 10 trials để tính bounds...
  [Warm-up] Bounds computed: F1[0.5290, 0.6067], AUC[0.7283, 0.8190], Time[1.4813, 3.4935]

Thực thi: AMSCO...
  [Warm-up] Đang chạy 10 trials để tính bounds...
  [Warm-up] Bounds computed: F1[0.4647, 0.6223], AUC[0.6135, 0.8331], Time[1.0860, 3.4935]

============================================================
KẾT QUẢ CHO RANDOM_FOREST (Primary metric: accuracy)
============================================================

   Optimizer Accuracy     F1 ROC AUC Wall Time (s) CPU Time (s) Peak Mem (MB) RSS Mem (MB) Total Trials Iter→Best Conv. Ratio
Optuna (TPE)   0.7282 0.6100  0.8259        606.39       718.87          8.80       272.94           52        32      61.54%
       AMSCO   0.6805 0.5813  0.8025        295.87       320.34          7.90       275.02           14         8      57.14%

------------------------------------------------------------


------------------------------------------------------------
Đang tối ưu mô hình: LOGISTIC_REGRESSION
------------------------------------------------------------
  [Multi-Objective] Sử dụng f(θ) = 0.4·F1 + 0.4·ROC-AUC - 0.2·time
  [Evaluation] StratifiedKFold (5-fold), Primary metric: accuracy

Thực thi: Optuna (TPE)...
  [Warm-up] Đang chạy 10 trials để tính bounds...
  [Warm-up] Bounds computed: F1[0.6222, 0.6289], AUC[0.8414, 0.8445], Time[0.2956, 0.3796]

Thực thi: AMSCO...
  [Warm-up] Đang chạy 10 trials để tính bounds...
  [Warm-up] Bounds computed: F1[0.6140, 0.6336], AUC[0.8410, 0.8446], Time[0.2950, 0.4217]

============================================================
KẾT QUẢ CHO LOGISTIC_REGRESSION (Primary metric: accuracy)
============================================================

   Optimizer Accuracy     F1 ROC AUC Wall Time (s) CPU Time (s) Peak Mem (MB) RSS Mem (MB) Total Trials Iter→Best Conv. Ratio
Optuna (TPE)   0.7636 0.6331  0.8437        118.25       413.25          6.82       277.28           43        23      53.49%
       AMSCO   0.7687 0.6346  0.8437         71.52       262.74          6.57       277.28           21        11      52.38%

------------------------------------------------------------


########## SEED 3 ##########

=======================================================
ĐANG THỬ NGHIỆM TRÊN BỘ DỮ LIỆU: BREAST_CANCER (seed=3)
=======================================================
... Đang tải Breast Cancer (sklearn)

------------------------------------------------------------
Đang tối ưu mô hình: RANDOM_FOREST
------------------------------------------------------------
  [Multi-Objective] Sử dụng f(θ) = 0.4·F1 + 0.4·ROC-AUC - 0.2·time
  [Evaluation] StratifiedKFold (5-fold), Primary metric: accuracy

Thực thi: Optuna (TPE)...
  [Warm-up] Đang chạy 10 trials để tính bounds...
  [Warm-up] Bounds computed: F1[0.9631, 0.9721], AUC[0.9895, 0.9921], Time[0.7741, 2.4618]

Thực thi: AMSCO...
  [Warm-up] Đang chạy 10 trials để tính bounds...
  [Warm-up] Bounds computed: F1[0.9618, 0.9722], AUC[0.9884, 0.9930], Time[0.6737, 2.4817]

============================================================
KẾT QUẢ CHO RANDOM_FOREST (Primary metric: accuracy)
============================================================

   Optimizer Accuracy     F1 ROC AUC Wall Time (s) CPU Time (s) Peak Mem (MB) RSS Mem (MB) Total Trials Iter→Best Conv. Ratio
Optuna (TPE)   0.9596 0.9680  0.9908        406.32       433.31          1.75       277.28           49        29      59.18%
       AMSCO   0.9561 0.9653  0.9914        408.14       436.38          1.66       277.28           42        26      61.90%

------------------------------------------------------------


------------------------------------------------------------
Đang tối ưu mô hình: LOGISTIC_REGRESSION
------------------------------------------------------------
  [Multi-Objective] Sử dụng f(θ) = 0.4·F1 + 0.4·ROC-AUC - 0.2·time
  [Evaluation] StratifiedKFold (5-fold), Primary metric: accuracy

Thực thi: Optuna (TPE)...
  [Warm-up] Đang chạy 10 trials để tính bounds...
  [Warm-up] Bounds computed: F1[0.9607, 0.9818], AUC[0.9883, 0.9954], Time[0.0254, 0.0280]

Thực thi: AMSCO...
  [Warm-up] Đang chạy 10 trials để tính bounds...
  [Warm-up] Bounds computed: F1[0.9607, 0.9818], AUC[0.9881, 0.9962], Time[0.0254, 0.0280]

============================================================
KẾT QUẢ CHO LOGISTIC_REGRESSION (Primary metric: accuracy)
============================================================

   Optimizer Accuracy     F1 ROC AUC Wall Time (s) CPU Time (s) Peak Mem (MB) RSS Mem (MB) Total Trials Iter→Best Conv. Ratio
Optuna (TPE)   0.9754 0.9804  0.9946         11.47        11.47          1.10       277.28           34        14      41.18%
       AMSCO   0.9754 0.9804  0.9947          6.03         6.03          0.76       277.28           14         7      50.00%

------------------------------------------------------------


=======================================================
ĐANG THỬ NGHIỆM TRÊN BỘ DỮ LIỆU: TELCO (seed=3)
=======================================================
... Đang tải Telco Customer Churn

------------------------------------------------------------
Đang tối ưu mô hình: RANDOM_FOREST
------------------------------------------------------------
  [Multi-Objective] Sử dụng f(θ) = 0.4·F1 + 0.4·ROC-AUC - 0.2·time
  [Evaluation] StratifiedKFold (5-fold), Primary metric: accuracy

Thực thi: Optuna (TPE)...
  [Warm-up] Đang chạy 10 trials để tính bounds...
  [Warm-up] Bounds computed: F1[0.5252, 0.6155], AUC[0.7296, 0.8311], Time[1.5621, 3.4165]

Thực thi: AMSCO...
  [Warm-up] Đang chạy 10 trials để tính bounds...
  [Warm-up] Bounds computed: F1[0.4647, 0.6263], AUC[0.6135, 0.8332], Time[1.0713, 3.4385]

============================================================
KẾT QUẢ CHO RANDOM_FOREST (Primary metric: accuracy)
============================================================

   Optimizer Accuracy     F1 ROC AUC Wall Time (s) CPU Time (s) Peak Mem (MB) RSS Mem (MB) Total Trials Iter→Best Conv. Ratio
Optuna (TPE)   0.7493 0.6206  0.8302        606.65       764.19          8.90       280.14           49        29      59.18%
       AMSCO   0.7446 0.6194  0.8299        472.95       566.45          8.52       285.23           32        16      50.00%

------------------------------------------------------------


------------------------------------------------------------
Đang tối ưu mô hình: LOGISTIC_REGRESSION
------------------------------------------------------------
  [Multi-Objective] Sử dụng f(θ) = 0.4·F1 + 0.4·ROC-AUC - 0.2·time
  [Evaluation] StratifiedKFold (5-fold), Primary metric: accuracy

Thực thi: Optuna (TPE)...
  [Warm-up] Đang chạy 10 trials để tính bounds...
  [Warm-up] Bounds computed: F1[0.6213, 0.6320], AUC[0.8414, 0.8444], Time[0.2966, 0.3971]

Thực thi: AMSCO...
  [Warm-up] Đang chạy 10 trials để tính bounds...
  [Warm-up] Bounds computed: F1[0.6140, 0.6336], AUC[0.8410, 0.8446], Time[0.2946, 0.4249]

============================================================
KẾT QUẢ CHO LOGISTIC_REGRESSION (Primary metric: accuracy)
============================================================

   Optimizer Accuracy     F1 ROC AUC Wall Time (s) CPU Time (s) Peak Mem (MB) RSS Mem (MB) Total Trials Iter→Best Conv. Ratio
Optuna (TPE)   0.7642 0.6341  0.8445        118.99       419.54          6.87       285.23           43        23      53.49%
       AMSCO   0.7669 0.6316  0.8447         73.19       267.46          6.79       286.77           22        12      54.55%

------------------------------------------------------------


########## SEED 4 ##########

=======================================================
ĐANG THỬ NGHIỆM TRÊN BỘ DỮ LIỆU: BREAST_CANCER (seed=4)
=======================================================
... Đang tải Breast Cancer (sklearn)

------------------------------------------------------------
Đang tối ưu mô hình: RANDOM_FOREST
------------------------------------------------------------
  [Multi-Objective] Sử dụng f(θ) = 0.4·F1 + 0.4·ROC-AUC - 0.2·time
  [Evaluation] StratifiedKFold (5-fold), Primary metric: accuracy

Thực thi: Optuna (TPE)...
  [Warm-up] Đang chạy 10 trials để tính bounds...
  [Warm-up] Bounds computed: F1[0.9647, 0.9694], AUC[0.9896, 0.9921], Time[0.6736, 2.3630]

Thực thi: AMSCO...
  [Warm-up] Đang chạy 10 trials để tính bounds...
  [Warm-up] Bounds computed: F1[0.9632, 0.9734], AUC[0.9884, 0.9930], Time[0.6548, 2.4431]

============================================================
KẾT QUẢ CHO RANDOM_FOREST (Primary metric: accuracy)
============================================================

   Optimizer Accuracy     F1 ROC AUC Wall Time (s) CPU Time (s) Peak Mem (MB) RSS Mem (MB) Total Trials Iter→Best Conv. Ratio
Optuna (TPE)   0.9579 0.9661  0.9903        859.72       917.55          1.98       286.77          100        89      89.00%
       AMSCO   0.9561 0.9648  0.9906        183.56       196.16          1.27       286.77           14         1       7.14%

------------------------------------------------------------


------------------------------------------------------------
Đang tối ưu mô hình: LOGISTIC_REGRESSION
------------------------------------------------------------
  [Multi-Objective] Sử dụng f(θ) = 0.4·F1 + 0.4·ROC-AUC - 0.2·time
  [Evaluation] StratifiedKFold (5-fold), Primary metric: accuracy

Thực thi: Optuna (TPE)...
  [Warm-up] Đang chạy 10 trials để tính bounds...
  [Warm-up] Bounds computed: F1[0.9705, 0.9804], AUC[0.9908, 0.9958], Time[0.0247, 0.0266]

Thực thi: AMSCO...
  [Warm-up] Đang chạy 10 trials để tính bounds...
  [Warm-up] Bounds computed: F1[0.9607, 0.9818], AUC[0.9872, 0.9962], Time[0.0245, 0.0280]

============================================================
KẾT QUẢ CHO LOGISTIC_REGRESSION (Primary metric: accuracy)
============================================================

   Optimizer Accuracy     F1 ROC AUC Wall Time (s) CPU Time (s) Peak Mem (MB) RSS Mem (MB) Total Trials Iter→Best Conv. Ratio
Optuna (TPE)   0.9824 0.9860  0.9963         15.59        15.59          1.04       286.77           51        31      60.78%
       AMSCO   0.9737 0.9788  0.9954          5.87         5.86          0.80       286.77           14         6      42.86%

------------------------------------------------------------


=======================================================
ĐANG THỬ NGHIỆM TRÊN BỘ DỮ LIỆU: TELCO (seed=4)
=======================================================
... Đang tải Telco Customer Churn

------------------------------------------------------------
Đang tối ưu mô hình: RANDOM_FOREST
------------------------------------------------------------
  [Multi-Objective] Sử dụng f(θ) = 0.4·F1 + 0.4·ROC-AUC - 0.2·time
  [Evaluation] StratifiedKFold (5-fold), Primary metric: accuracy

Thực thi: Optuna (TPE)...
  [Warm-up] Đang chạy 10 trials để tính bounds...
  [Warm-up] Bounds computed: F1[0.4200, 0.6223], AUC[0.5842, 0.8339], Time[1.0580, 3.4042]

Thực thi: AMSCO...
  [Warm-up] Đang chạy 10 trials để tính bounds...
  [Warm-up] Bounds computed: F1[0.4200, 0.6223], AUC[0.5842, 0.8339], Time[1.0580, 3.4042]

============================================================
KẾT QUẢ CHO RANDOM_FOREST (Primary metric: accuracy)
============================================================

   Optimizer Accuracy     F1 ROC AUC Wall Time (s) CPU Time (s) Peak Mem (MB) RSS Mem (MB) Total Trials Iter→Best Conv. Ratio
Optuna (TPE)   0.7153 0.5979  0.8127        774.87       866.04          8.49       286.77           77        58      75.32%
       AMSCO   0.7065 0.5972  0.8120        287.06       320.18          7.97       288.23           14        10      71.43%

------------------------------------------------------------


------------------------------------------------------------
Đang tối ưu mô hình: LOGISTIC_REGRESSION
------------------------------------------------------------
  [Multi-Objective] Sử dụng f(θ) = 0.4·F1 + 0.4·ROC-AUC - 0.2·time
  [Evaluation] StratifiedKFold (5-fold), Primary metric: accuracy

Thực thi: Optuna (TPE)...
  [Warm-up] Đang chạy 10 trials để tính bounds...
  [Warm-up] Bounds computed: F1[0.6199, 0.6325], AUC[0.8410, 0.8444], Time[0.2954, 0.4147]

Thực thi: AMSCO...
  [Warm-up] Đang chạy 10 trials để tính bounds...
  [Warm-up] Bounds computed: F1[0.6140, 0.6336], AUC[0.8410, 0.8446], Time[0.2954, 0.4292]

============================================================
KẾT QUẢ CHO LOGISTIC_REGRESSION (Primary metric: accuracy)
============================================================

   Optimizer Accuracy     F1 ROC AUC Wall Time (s) CPU Time (s) Peak Mem (MB) RSS Mem (MB) Total Trials Iter→Best Conv. Ratio
Optuna (TPE)   0.7626 0.6328  0.8443        119.75       420.07          6.79       290.36           43        23      53.49%
       AMSCO   0.7723 0.6339  0.8446         55.42       204.98          6.58       290.36           14         1       7.14%

------------------------------------------------------------


########## SEED 5 ##########

=======================================================
ĐANG THỬ NGHIỆM TRÊN BỘ DỮ LIỆU: BREAST_CANCER (seed=5)
=======================================================
... Đang tải Breast Cancer (sklearn)

------------------------------------------------------------
Đang tối ưu mô hình: RANDOM_FOREST
------------------------------------------------------------
  [Multi-Objective] Sử dụng f(θ) = 0.4·F1 + 0.4·ROC-AUC - 0.2·time
  [Evaluation] StratifiedKFold (5-fold), Primary metric: accuracy

Thực thi: Optuna (TPE)...
  [Warm-up] Đang chạy 10 trials để tính bounds...
  [Warm-up] Bounds computed: F1[0.9633, 0.9704], AUC[0.9899, 0.9912], Time[0.6601, 2.4308]

Thực thi: AMSCO...
  [Warm-up] Đang chạy 10 trials để tính bounds...
  [Warm-up] Bounds computed: F1[0.9597, 0.9722], AUC[0.9884, 0.9924], Time[0.6513, 2.4833]

============================================================
KẾT QUẢ CHO RANDOM_FOREST (Primary metric: accuracy)
============================================================

   Optimizer Accuracy     F1 ROC AUC Wall Time (s) CPU Time (s) Peak Mem (MB) RSS Mem (MB) Total Trials Iter→Best Conv. Ratio
Optuna (TPE)   0.9596 0.9680  0.9916        283.81       302.59          1.43       290.36           34        14      41.18%
       AMSCO   0.9631 0.9707  0.9931        211.05       226.52          1.48       290.36           14         4      28.57%

------------------------------------------------------------


------------------------------------------------------------
Đang tối ưu mô hình: LOGISTIC_REGRESSION
------------------------------------------------------------
  [Multi-Objective] Sử dụng f(θ) = 0.4·F1 + 0.4·ROC-AUC - 0.2·time
  [Evaluation] StratifiedKFold (5-fold), Primary metric: accuracy

Thực thi: Optuna (TPE)...
  [Warm-up] Đang chạy 10 trials để tính bounds...
  [Warm-up] Bounds computed: F1[0.9678, 0.9803], AUC[0.9877, 0.9957], Time[0.0248, 0.0275]

Thực thi: AMSCO...
  [Warm-up] Đang chạy 10 trials để tính bounds...
  [Warm-up] Bounds computed: F1[0.9607, 0.9818], AUC[0.9877, 0.9961], Time[0.0248, 0.0276]

============================================================
KẾT QUẢ CHO LOGISTIC_REGRESSION (Primary metric: accuracy)
============================================================

   Optimizer Accuracy     F1 ROC AUC Wall Time (s) CPU Time (s) Peak Mem (MB) RSS Mem (MB) Total Trials Iter→Best Conv. Ratio
Optuna (TPE)   0.9789 0.9833  0.9946         10.99        10.98          1.11       290.36           33        13      39.39%
       AMSCO   0.9737 0.9790  0.9942          5.93         5.93          0.79       290.36           14         8      57.14%

------------------------------------------------------------


=======================================================
ĐANG THỬ NGHIỆM TRÊN BỘ DỮ LIỆU: TELCO (seed=5)
=======================================================
... Đang tải Telco Customer Churn

------------------------------------------------------------
Đang tối ưu mô hình: RANDOM_FOREST
------------------------------------------------------------
  [Multi-Objective] Sử dụng f(θ) = 0.4·F1 + 0.4·ROC-AUC - 0.2·time
  [Evaluation] StratifiedKFold (5-fold), Primary metric: accuracy

Thực thi: Optuna (TPE)...
  [Warm-up] Đang chạy 10 trials để tính bounds...
  [Warm-up] Bounds computed: F1[0.5028, 0.6024], AUC[0.6845, 0.8124], Time[1.2065, 3.4229]

Thực thi: AMSCO...
  [Warm-up] Đang chạy 10 trials để tính bounds...
  [Warm-up] Bounds computed: F1[0.4647, 0.6263], AUC[0.6135, 0.8332], Time[1.0754, 3.4229]

============================================================
KẾT QUẢ CHO RANDOM_FOREST (Primary metric: accuracy)
============================================================

   Optimizer Accuracy     F1 ROC AUC Wall Time (s) CPU Time (s) Peak Mem (MB) RSS Mem (MB) Total Trials Iter→Best Conv. Ratio
Optuna (TPE)   0.7491 0.6214  0.8317        588.29       727.65          8.82       290.36           49        29      59.18%
       AMSCO   0.7112 0.6044  0.8193        617.93       706.10          8.22       292.78           46        38      82.61%

------------------------------------------------------------


------------------------------------------------------------
Đang tối ưu mô hình: LOGISTIC_REGRESSION
------------------------------------------------------------
  [Multi-Objective] Sử dụng f(θ) = 0.4·F1 + 0.4·ROC-AUC - 0.2·time
  [Evaluation] StratifiedKFold (5-fold), Primary metric: accuracy

Thực thi: Optuna (TPE)...
  [Warm-up] Đang chạy 10 trials để tính bounds...
  [Warm-up] Bounds computed: F1[0.6186, 0.6316], AUC[0.8411, 0.8446], Time[0.2926, 0.4302]

Thực thi: AMSCO...
  [Warm-up] Đang chạy 10 trials để tính bounds...
  [Warm-up] Bounds computed: F1[0.6140, 0.6336], AUC[0.8410, 0.8446], Time[0.2926, 0.4302]

============================================================
KẾT QUẢ CHO LOGISTIC_REGRESSION (Primary metric: accuracy)
============================================================

   Optimizer Accuracy     F1 ROC AUC Wall Time (s) CPU Time (s) Peak Mem (MB) RSS Mem (MB) Total Trials Iter→Best Conv. Ratio
Optuna (TPE)   0.7640 0.6340  0.8451        121.28       435.41          7.02       293.90           43        23      53.49%
       AMSCO   0.7592 0.6315  0.8448         53.02       184.14          6.57       293.90           14         6      42.86%

------------------------------------------------------------


########## SEED 6 ##########

=======================================================
ĐANG THỬ NGHIỆM TRÊN BỘ DỮ LIỆU: BREAST_CANCER (seed=6)
=======================================================
... Đang tải Breast Cancer (sklearn)

------------------------------------------------------------
Đang tối ưu mô hình: RANDOM_FOREST
------------------------------------------------------------
  [Multi-Objective] Sử dụng f(θ) = 0.4·F1 + 0.4·ROC-AUC - 0.2·time
  [Evaluation] StratifiedKFold (5-fold), Primary metric: accuracy

Thực thi: Optuna (TPE)...
  [Warm-up] Đang chạy 10 trials để tính bounds...
  [Warm-up] Bounds computed: F1[0.9624, 0.9692], AUC[0.9891, 0.9916], Time[0.6687, 2.5072]

Thực thi: AMSCO...
  [Warm-up] Đang chạy 10 trials để tính bounds...
  [Warm-up] Bounds computed: F1[0.9624, 0.9737], AUC[0.9883, 0.9930], Time[0.6559, 2.5072]

============================================================
KẾT QUẢ CHO RANDOM_FOREST (Primary metric: accuracy)
============================================================

   Optimizer Accuracy     F1 ROC AUC Wall Time (s) CPU Time (s) Peak Mem (MB) RSS Mem (MB) Total Trials Iter→Best Conv. Ratio
Optuna (TPE)   0.9578 0.9662  0.9908        433.37       462.21          1.60       293.90           53        33      62.26%
       AMSCO   0.9560 0.9648  0.9908        297.54       318.29          1.39       293.90           26        15      57.69%

------------------------------------------------------------


------------------------------------------------------------
Đang tối ưu mô hình: LOGISTIC_REGRESSION
------------------------------------------------------------
  [Multi-Objective] Sử dụng f(θ) = 0.4·F1 + 0.4·ROC-AUC - 0.2·time
  [Evaluation] StratifiedKFold (5-fold), Primary metric: accuracy

Thực thi: Optuna (TPE)...
  [Warm-up] Đang chạy 10 trials để tính bounds...
  [Warm-up] Bounds computed: F1[0.9621, 0.9804], AUC[0.9894, 0.9958], Time[0.0246, 0.0426]

Thực thi: AMSCO...
  [Warm-up] Đang chạy 10 trials để tính bounds...
  [Warm-up] Bounds computed: F1[0.9607, 0.9818], AUC[0.9872, 0.9962], Time[0.0246, 0.0426]

============================================================
KẾT QUẢ CHO LOGISTIC_REGRESSION (Primary metric: accuracy)
============================================================

   Optimizer Accuracy     F1 ROC AUC Wall Time (s) CPU Time (s) Peak Mem (MB) RSS Mem (MB) Total Trials Iter→Best Conv. Ratio
Optuna (TPE)   0.9789 0.9831  0.9955         18.80        18.80          1.27       293.90           62        42      67.74%
       AMSCO   0.9789 0.9831  0.9947          6.00         6.00          0.81       293.90           14         3      21.43%

------------------------------------------------------------


=======================================================
ĐANG THỬ NGHIỆM TRÊN BỘ DỮ LIỆU: TELCO (seed=6)
=======================================================
... Đang tải Telco Customer Churn

------------------------------------------------------------
Đang tối ưu mô hình: RANDOM_FOREST
------------------------------------------------------------
  [Multi-Objective] Sử dụng f(θ) = 0.4·F1 + 0.4·ROC-AUC - 0.2·time
  [Evaluation] StratifiedKFold (5-fold), Primary metric: accuracy

Thực thi: Optuna (TPE)...
  [Warm-up] Đang chạy 10 trials để tính bounds...
  [Warm-up] Bounds computed: F1[0.4942, 0.6188], AUC[0.6688, 0.8304], Time[1.2772, 3.2129]

Thực thi: AMSCO...
  [Warm-up] Đang chạy 10 trials để tính bounds...
  [Warm-up] Bounds computed: F1[0.4647, 0.6239], AUC[0.6135, 0.8339], Time[1.0714, 3.4692]

============================================================
KẾT QUẢ CHO RANDOM_FOREST (Primary metric: accuracy)
============================================================

   Optimizer Accuracy     F1 ROC AUC Wall Time (s) CPU Time (s) Peak Mem (MB) RSS Mem (MB) Total Trials Iter→Best Conv. Ratio
Optuna (TPE)   0.7355 0.6149  0.8291        693.44       892.23          9.05       293.90           63        43      68.25%
       AMSCO   0.6970 0.5935  0.8155        269.46       298.80          7.98       296.10           14         8      57.14%

------------------------------------------------------------


------------------------------------------------------------
Đang tối ưu mô hình: LOGISTIC_REGRESSION
------------------------------------------------------------
  [Multi-Objective] Sử dụng f(θ) = 0.4·F1 + 0.4·ROC-AUC - 0.2·time
  [Evaluation] StratifiedKFold (5-fold), Primary metric: accuracy

Thực thi: Optuna (TPE)...
  [Warm-up] Đang chạy 10 trials để tính bounds...
  [Warm-up] Bounds computed: F1[0.6147, 0.6338], AUC[0.8419, 0.8446], Time[0.3017, 0.4274]

Thực thi: AMSCO...
  [Warm-up] Đang chạy 10 trials để tính bounds...
  [Warm-up] Bounds computed: F1[0.6145, 0.6338], AUC[0.8410, 0.8446], Time[0.2920, 0.4274]

============================================================
KẾT QUẢ CHO LOGISTIC_REGRESSION (Primary metric: accuracy)
============================================================

   Optimizer Accuracy     F1 ROC AUC Wall Time (s) CPU Time (s) Peak Mem (MB) RSS Mem (MB) Total Trials Iter→Best Conv. Ratio
Optuna (TPE)   0.7684 0.6343  0.8440        130.32       467.23          6.82       296.97           47        27      57.45%
       AMSCO   0.7683 0.6340  0.8440         55.28       204.12          6.59       297.63           14         6      42.86%

------------------------------------------------------------


########## SEED 7 ##########

=======================================================
ĐANG THỬ NGHIỆM TRÊN BỘ DỮ LIỆU: BREAST_CANCER (seed=7)
=======================================================
... Đang tải Breast Cancer (sklearn)

------------------------------------------------------------
Đang tối ưu mô hình: RANDOM_FOREST
------------------------------------------------------------
  [Multi-Objective] Sử dụng f(θ) = 0.4·F1 + 0.4·ROC-AUC - 0.2·time
  [Evaluation] StratifiedKFold (5-fold), Primary metric: accuracy

Thực thi: Optuna (TPE)...
  [Warm-up] Đang chạy 10 trials để tính bounds...
  [Warm-up] Bounds computed: F1[0.9618, 0.9734], AUC[0.9889, 0.9929], Time[0.7674, 2.4093]

Thực thi: AMSCO...
  [Warm-up] Đang chạy 10 trials để tính bounds...
  [Warm-up] Bounds computed: F1[0.9618, 0.9734], AUC[0.9884, 0.9929], Time[0.6602, 2.4718]

============================================================
KẾT QUẢ CHO RANDOM_FOREST (Primary metric: accuracy)
============================================================

   Optimizer Accuracy     F1 ROC AUC Wall Time (s) CPU Time (s) Peak Mem (MB) RSS Mem (MB) Total Trials Iter→Best Conv. Ratio
Optuna (TPE)   0.9596 0.9678  0.9900        318.88       340.27          1.48       297.63           35        15      42.86%
       AMSCO   0.9579 0.9663  0.9913        185.82       198.35          1.46       297.63           14         1       7.14%

------------------------------------------------------------


------------------------------------------------------------
Đang tối ưu mô hình: LOGISTIC_REGRESSION
------------------------------------------------------------
  [Multi-Objective] Sử dụng f(θ) = 0.4·F1 + 0.4·ROC-AUC - 0.2·time
  [Evaluation] StratifiedKFold (5-fold), Primary metric: accuracy

Thực thi: Optuna (TPE)...
  [Warm-up] Đang chạy 10 trials để tính bounds...
  [Warm-up] Bounds computed: F1[0.9648, 0.9803], AUC[0.9873, 0.9958], Time[0.0245, 0.0284]

Thực thi: AMSCO...
  [Warm-up] Đang chạy 10 trials để tính bounds...
  [Warm-up] Bounds computed: F1[0.9607, 0.9818], AUC[0.9872, 0.9962], Time[0.0243, 0.0286]

============================================================
KẾT QUẢ CHO LOGISTIC_REGRESSION (Primary metric: accuracy)
============================================================

   Optimizer Accuracy     F1 ROC AUC Wall Time (s) CPU Time (s) Peak Mem (MB) RSS Mem (MB) Total Trials Iter→Best Conv. Ratio
Optuna (TPE)   0.9772 0.9819  0.9946         18.08        18.07          1.20       297.63           60        40      66.67%
       AMSCO   0.9789 0.9833  0.9946          6.05         6.05          0.78       297.63           14         6      42.86%

------------------------------------------------------------


=======================================================
ĐANG THỬ NGHIỆM TRÊN BỘ DỮ LIỆU: TELCO (seed=7)
=======================================================
... Đang tải Telco Customer Churn

------------------------------------------------------------
Đang tối ưu mô hình: RANDOM_FOREST
------------------------------------------------------------
  [Multi-Objective] Sử dụng f(θ) = 0.4·F1 + 0.4·ROC-AUC - 0.2·time
  [Evaluation] StratifiedKFold (5-fold), Primary metric: accuracy

Thực thi: Optuna (TPE)...
  [Warm-up] Đang chạy 10 trials để tính bounds...
  [Warm-up] Bounds computed: F1[0.4648, 0.6008], AUC[0.6141, 0.8174], Time[1.1192, 3.3012]

Thực thi: AMSCO...
  [Warm-up] Đang chạy 10 trials để tính bounds...
  [Warm-up] Bounds computed: F1[0.4647, 0.6239], AUC[0.6135, 0.8339], Time[1.0683, 3.3744]

============================================================
KẾT QUẢ CHO RANDOM_FOREST (Primary metric: accuracy)
============================================================

   Optimizer Accuracy     F1 ROC AUC Wall Time (s) CPU Time (s) Peak Mem (MB) RSS Mem (MB) Total Trials Iter→Best Conv. Ratio
Optuna (TPE)   0.7386 0.6159  0.8270        691.72       872.72          8.92       297.63           63        43      68.25%
       AMSCO   0.7565 0.6222  0.8305        427.50       547.21          8.66       298.83           26        15      57.69%

------------------------------------------------------------


------------------------------------------------------------
Đang tối ưu mô hình: LOGISTIC_REGRESSION
------------------------------------------------------------
  [Multi-Objective] Sử dụng f(θ) = 0.4·F1 + 0.4·ROC-AUC - 0.2·time
  [Evaluation] StratifiedKFold (5-fold), Primary metric: accuracy

Thực thi: Optuna (TPE)...
  [Warm-up] Đang chạy 10 trials để tính bounds...
  [Warm-up] Bounds computed: F1[0.6156, 0.6296], AUC[0.8396, 0.8446], Time[0.2911, 0.4168]

Thực thi: AMSCO...
  [Warm-up] Đang chạy 10 trials để tính bounds...
  [Warm-up] Bounds computed: F1[0.6140, 0.6340], AUC[0.8396, 0.8446], Time[0.2876, 0.4257]

============================================================
KẾT QUẢ CHO LOGISTIC_REGRESSION (Primary metric: accuracy)
============================================================

   Optimizer Accuracy     F1 ROC AUC Wall Time (s) CPU Time (s) Peak Mem (MB) RSS Mem (MB) Total Trials Iter→Best Conv. Ratio
Optuna (TPE)   0.7633 0.6333  0.8443        118.46       417.13          6.96       300.85           43        23      53.49%
       AMSCO   0.7626 0.6334  0.8442         56.16       209.45          6.58       300.98           14         9      64.29%

------------------------------------------------------------


########## SEED 8 ##########

=======================================================
ĐANG THỬ NGHIỆM TRÊN BỘ DỮ LIỆU: BREAST_CANCER (seed=8)
=======================================================
... Đang tải Breast Cancer (sklearn)

------------------------------------------------------------
Đang tối ưu mô hình: RANDOM_FOREST
------------------------------------------------------------
  [Multi-Objective] Sử dụng f(θ) = 0.4·F1 + 0.4·ROC-AUC - 0.2·time
  [Evaluation] StratifiedKFold (5-fold), Primary metric: accuracy

Thực thi: Optuna (TPE)...
  [Warm-up] Đang chạy 10 trials để tính bounds...
  [Warm-up] Bounds computed: F1[0.9621, 0.9690], AUC[0.9894, 0.9915], Time[0.7977, 2.2981]

Thực thi: AMSCO...
  [Warm-up] Đang chạy 10 trials để tính bounds...
  [Warm-up] Bounds computed: F1[0.9609, 0.9734], AUC[0.9884, 0.9930], Time[0.6542, 2.4556]

============================================================
KẾT QUẢ CHO RANDOM_FOREST (Primary metric: accuracy)
============================================================

   Optimizer Accuracy     F1 ROC AUC Wall Time (s) CPU Time (s) Peak Mem (MB) RSS Mem (MB) Total Trials Iter→Best Conv. Ratio
Optuna (TPE)   0.9525 0.9622  0.9896        586.40       624.04          1.85       300.98           82        62      75.61%
       AMSCO   0.9560 0.9649  0.9883        181.52       194.64          1.17       300.98           14         6      42.86%

------------------------------------------------------------


------------------------------------------------------------
Đang tối ưu mô hình: LOGISTIC_REGRESSION
------------------------------------------------------------
  [Multi-Objective] Sử dụng f(θ) = 0.4·F1 + 0.4·ROC-AUC - 0.2·time
  [Evaluation] StratifiedKFold (5-fold), Primary metric: accuracy

Thực thi: Optuna (TPE)...
  [Warm-up] Đang chạy 10 trials để tính bounds...
  [Warm-up] Bounds computed: F1[0.9662, 0.9816], AUC[0.9907, 0.9960], Time[0.0248, 0.0272]

Thực thi: AMSCO...
  [Warm-up] Đang chạy 10 trials để tính bounds...
  [Warm-up] Bounds computed: F1[0.9607, 0.9818], AUC[0.9877, 0.9961], Time[0.0247, 0.0276]

============================================================
KẾT QUẢ CHO LOGISTIC_REGRESSION (Primary metric: accuracy)
============================================================

   Optimizer Accuracy     F1 ROC AUC Wall Time (s) CPU Time (s) Peak Mem (MB) RSS Mem (MB) Total Trials Iter→Best Conv. Ratio
Optuna (TPE)   0.9753 0.9802  0.9941         11.27        11.26          0.97       300.98           34        14      41.18%
       AMSCO   0.9736 0.9788  0.9944          5.95         5.95          0.80       300.98           14         9      64.29%

------------------------------------------------------------


=======================================================
ĐANG THỬ NGHIỆM TRÊN BỘ DỮ LIỆU: TELCO (seed=8)
=======================================================
... Đang tải Telco Customer Churn

------------------------------------------------------------
Đang tối ưu mô hình: RANDOM_FOREST
------------------------------------------------------------
  [Multi-Objective] Sử dụng f(θ) = 0.4·F1 + 0.4·ROC-AUC - 0.2·time
  [Evaluation] StratifiedKFold (5-fold), Primary metric: accuracy

Thực thi: Optuna (TPE)...
  [Warm-up] Đang chạy 10 trials để tính bounds...
  [Warm-up] Bounds computed: F1[0.4648, 0.6194], AUC[0.6141, 0.8309], Time[1.2059, 3.0486]

Thực thi: AMSCO...
  [Warm-up] Đang chạy 10 trials để tính bounds...
  [Warm-up] Bounds computed: F1[0.4647, 0.6231], AUC[0.6135, 0.8338], Time[1.0798, 3.4598]

============================================================
KẾT QUẢ CHO RANDOM_FOREST (Primary metric: accuracy)
============================================================

   Optimizer Accuracy     F1 ROC AUC Wall Time (s) CPU Time (s) Peak Mem (MB) RSS Mem (MB) Total Trials Iter→Best Conv. Ratio
Optuna (TPE)   0.7449 0.6184  0.8303        530.22       676.66          8.76       301.12           46        26      56.52%
       AMSCO   0.7227 0.6078  0.8255        538.03       618.28          8.57       302.14           35        16      45.71%

------------------------------------------------------------


------------------------------------------------------------
Đang tối ưu mô hình: LOGISTIC_REGRESSION
------------------------------------------------------------
  [Multi-Objective] Sử dụng f(θ) = 0.4·F1 + 0.4·ROC-AUC - 0.2·time
  [Evaluation] StratifiedKFold (5-fold), Primary metric: accuracy

Thực thi: Optuna (TPE)...
  [Warm-up] Đang chạy 10 trials để tính bounds...
  [Warm-up] Bounds computed: F1[0.6177, 0.6328], AUC[0.8406, 0.8444], Time[0.2940, 0.4099]

Thực thi: AMSCO...
  [Warm-up] Đang chạy 10 trials để tính bounds...
  [Warm-up] Bounds computed: F1[0.6140, 0.6336], AUC[0.8406, 0.8446], Time[0.2940, 0.4214]

============================================================
KẾT QUẢ CHO LOGISTIC_REGRESSION (Primary metric: accuracy)
============================================================

   Optimizer Accuracy     F1 ROC AUC Wall Time (s) CPU Time (s) Peak Mem (MB) RSS Mem (MB) Total Trials Iter→Best Conv. Ratio
Optuna (TPE)   0.7617 0.6315  0.8436        118.35       416.04          6.82       303.62           43        23      53.49%
       AMSCO   0.7687 0.6348  0.8436         53.68       192.95          6.56       303.97           14         2      14.29%

------------------------------------------------------------


########## SEED 9 ##########

=======================================================
ĐANG THỬ NGHIỆM TRÊN BỘ DỮ LIỆU: BREAST_CANCER (seed=9)
=======================================================
... Đang tải Breast Cancer (sklearn)

------------------------------------------------------------
Đang tối ưu mô hình: RANDOM_FOREST
------------------------------------------------------------
  [Multi-Objective] Sử dụng f(θ) = 0.4·F1 + 0.4·ROC-AUC - 0.2·time
  [Evaluation] StratifiedKFold (5-fold), Primary metric: accuracy

Thực thi: Optuna (TPE)...
  [Warm-up] Đang chạy 10 trials để tính bounds...
  [Warm-up] Bounds computed: F1[0.9643, 0.9708], AUC[0.9890, 0.9914], Time[0.7873, 2.2451]

Thực thi: AMSCO...
  [Warm-up] Đang chạy 10 trials để tính bounds...
  [Warm-up] Bounds computed: F1[0.9618, 0.9737], AUC[0.9883, 0.9930], Time[0.6641, 2.4617]

============================================================
KẾT QUẢ CHO RANDOM_FOREST (Primary metric: accuracy)
============================================================

   Optimizer Accuracy     F1 ROC AUC Wall Time (s) CPU Time (s) Peak Mem (MB) RSS Mem (MB) Total Trials Iter→Best Conv. Ratio
Optuna (TPE)   0.9613 0.9693  0.9914        423.39       451.20          1.67       303.97           53        33      62.26%
       AMSCO   0.9613 0.9692  0.9910        190.92       204.56          1.20       303.97           14         8      57.14%

------------------------------------------------------------


------------------------------------------------------------
Đang tối ưu mô hình: LOGISTIC_REGRESSION
------------------------------------------------------------
  [Multi-Objective] Sử dụng f(θ) = 0.4·F1 + 0.4·ROC-AUC - 0.2·time
  [Evaluation] StratifiedKFold (5-fold), Primary metric: accuracy

Thực thi: Optuna (TPE)...
  [Warm-up] Đang chạy 10 trials để tính bounds...
  [Warm-up] Bounds computed: F1[0.9619, 0.9816], AUC[0.9904, 0.9961], Time[0.0251, 0.0269]

Thực thi: AMSCO...
  [Warm-up] Đang chạy 10 trials để tính bounds...
  [Warm-up] Bounds computed: F1[0.9607, 0.9818], AUC[0.9872, 0.9961], Time[0.0251, 0.0286]

============================================================
KẾT QUẢ CHO LOGISTIC_REGRESSION (Primary metric: accuracy)
============================================================

   Optimizer Accuracy     F1 ROC AUC Wall Time (s) CPU Time (s) Peak Mem (MB) RSS Mem (MB) Total Trials Iter→Best Conv. Ratio
Optuna (TPE)   0.9771 0.9818  0.9950         13.60        13.60          1.15       303.97           43        23      53.49%
       AMSCO   0.9789 0.9832  0.9958          6.00         6.00          0.76       303.97           14         8      57.14%

------------------------------------------------------------


=======================================================
ĐANG THỬ NGHIỆM TRÊN BỘ DỮ LIỆU: TELCO (seed=9)
=======================================================
... Đang tải Telco Customer Churn

------------------------------------------------------------
Đang tối ưu mô hình: RANDOM_FOREST
------------------------------------------------------------
  [Multi-Objective] Sử dụng f(θ) = 0.4·F1 + 0.4·ROC-AUC - 0.2·time
  [Evaluation] StratifiedKFold (5-fold), Primary metric: accuracy

Thực thi: Optuna (TPE)...
  [Warm-up] Đang chạy 10 trials để tính bounds...
  [Warm-up] Bounds computed: F1[0.4647, 0.6070], AUC[0.6135, 0.8227], Time[1.0855, 3.2355]

Thực thi: AMSCO...
  [Warm-up] Đang chạy 10 trials để tính bounds...
  [Warm-up] Bounds computed: F1[0.4647, 0.6239], AUC[0.6135, 0.8339], Time[1.0577, 3.4290]

============================================================
KẾT QUẢ CHO RANDOM_FOREST (Primary metric: accuracy)
============================================================

   Optimizer Accuracy     F1 ROC AUC Wall Time (s) CPU Time (s) Peak Mem (MB) RSS Mem (MB) Total Trials Iter→Best Conv. Ratio
Optuna (TPE)   0.7400 0.6173  0.8282        677.48       859.79          8.80       304.63           63        43      68.25%
       AMSCO   0.7094 0.6008  0.8150        287.61       313.96          8.18       305.35           14         1       7.14%

------------------------------------------------------------


------------------------------------------------------------
Đang tối ưu mô hình: LOGISTIC_REGRESSION
------------------------------------------------------------
  [Multi-Objective] Sử dụng f(θ) = 0.4·F1 + 0.4·ROC-AUC - 0.2·time
  [Evaluation] StratifiedKFold (5-fold), Primary metric: accuracy

Thực thi: Optuna (TPE)...
  [Warm-up] Đang chạy 10 trials để tính bounds...
  [Warm-up] Bounds computed: F1[0.6162, 0.6322], AUC[0.8422, 0.8444], Time[0.2962, 0.4122]

Thực thi: AMSCO...
  [Warm-up] Đang chạy 10 trials để tính bounds...
  [Warm-up] Bounds computed: F1[0.6140, 0.6338], AUC[0.8396, 0.8446], Time[0.2906, 0.4248]

============================================================
KẾT QUẢ CHO LOGISTIC_REGRESSION (Primary metric: accuracy)
============================================================

   Optimizer Accuracy     F1 ROC AUC Wall Time (s) CPU Time (s) Peak Mem (MB) RSS Mem (MB) Total Trials Iter→Best Conv. Ratio
Optuna (TPE)   0.7723 0.6341  0.8453        164.06       589.95          6.99       306.84           62        42      67.74%
       AMSCO   0.7633 0.6333  0.8450         54.14       197.21          6.58       306.84           14         6      42.86%

------------------------------------------------------------


########## SEED 10 ##########

=======================================================
ĐANG THỬ NGHIỆM TRÊN BỘ DỮ LIỆU: BREAST_CANCER (seed=10)
=======================================================
... Đang tải Breast Cancer (sklearn)

------------------------------------------------------------
Đang tối ưu mô hình: RANDOM_FOREST
------------------------------------------------------------
  [Multi-Objective] Sử dụng f(θ) = 0.4·F1 + 0.4·ROC-AUC - 0.2·time
  [Evaluation] StratifiedKFold (5-fold), Primary metric: accuracy

Thực thi: Optuna (TPE)...
  [Warm-up] Đang chạy 10 trials để tính bounds...
  [Warm-up] Bounds computed: F1[0.9631, 0.9705], AUC[0.9893, 0.9919], Time[0.7654, 2.4300]

Thực thi: AMSCO...
  [Warm-up] Đang chạy 10 trials để tính bounds...
  [Warm-up] Bounds computed: F1[0.9631, 0.9737], AUC[0.9883, 0.9930], Time[0.6653, 2.4770]

============================================================
KẾT QUẢ CHO RANDOM_FOREST (Primary metric: accuracy)
============================================================

   Optimizer Accuracy     F1 ROC AUC Wall Time (s) CPU Time (s) Peak Mem (MB) RSS Mem (MB) Total Trials Iter→Best Conv. Ratio
Optuna (TPE)   0.9508 0.9609  0.9898        426.47       454.81          1.82       306.84           53        33      62.26%
       AMSCO   0.9508 0.9609  0.9910        221.62       237.66          1.45       306.84           14         1       7.14%

------------------------------------------------------------


------------------------------------------------------------
Đang tối ưu mô hình: LOGISTIC_REGRESSION
------------------------------------------------------------
  [Multi-Objective] Sử dụng f(θ) = 0.4·F1 + 0.4·ROC-AUC - 0.2·time
  [Evaluation] StratifiedKFold (5-fold), Primary metric: accuracy

Thực thi: Optuna (TPE)...
  [Warm-up] Đang chạy 10 trials để tính bounds...
  [Warm-up] Bounds computed: F1[0.9678, 0.9789], AUC[0.9875, 0.9961], Time[0.0257, 0.0283]

Thực thi: AMSCO...
  [Warm-up] Đang chạy 10 trials để tính bounds...
  [Warm-up] Bounds computed: F1[0.9607, 0.9818], AUC[0.9872, 0.9962], Time[0.0251, 0.0289]

============================================================
KẾT QUẢ CHO LOGISTIC_REGRESSION (Primary metric: accuracy)
============================================================

   Optimizer Accuracy     F1 ROC AUC Wall Time (s) CPU Time (s) Peak Mem (MB) RSS Mem (MB) Total Trials Iter→Best Conv. Ratio
Optuna (TPE)   0.9789 0.9832  0.9945         16.31        16.31          1.01       306.84           52        32      61.54%
       AMSCO   0.9789 0.9832  0.9945          6.05         6.05          0.76       306.84           14         3      21.43%

------------------------------------------------------------


=======================================================
ĐANG THỬ NGHIỆM TRÊN BỘ DỮ LIỆU: TELCO (seed=10)
=======================================================
... Đang tải Telco Customer Churn

------------------------------------------------------------
Đang tối ưu mô hình: RANDOM_FOREST
------------------------------------------------------------
  [Multi-Objective] Sử dụng f(θ) = 0.4·F1 + 0.4·ROC-AUC - 0.2·time
  [Evaluation] StratifiedKFold (5-fold), Primary metric: accuracy

Thực thi: Optuna (TPE)...
  [Warm-up] Đang chạy 10 trials để tính bounds...
  [Warm-up] Bounds computed: F1[0.5254, 0.6130], AUC[0.7297, 0.8284], Time[1.8773, 3.4632]

Thực thi: AMSCO...
  [Warm-up] Đang chạy 10 trials để tính bounds...
  [Warm-up] Bounds computed: F1[0.4200, 0.6253], AUC[0.5843, 0.8341], Time[1.0593, 3.9906]

============================================================
KẾT QUẢ CHO RANDOM_FOREST (Primary metric: accuracy)
============================================================

   Optimizer Accuracy     F1 ROC AUC Wall Time (s) CPU Time (s) Peak Mem (MB) RSS Mem (MB) Total Trials Iter→Best Conv. Ratio
Optuna (TPE)   0.7602 0.6251  0.8311        979.63      1496.99          9.18       309.55           93        73      78.49%
       AMSCO   0.7463 0.6205  0.8325        297.26       382.63          8.42       317.32           14         7      50.00%

------------------------------------------------------------


------------------------------------------------------------
Đang tối ưu mô hình: LOGISTIC_REGRESSION
------------------------------------------------------------
  [Multi-Objective] Sử dụng f(θ) = 0.4·F1 + 0.4·ROC-AUC - 0.2·time
  [Evaluation] StratifiedKFold (5-fold), Primary metric: accuracy

Thực thi: Optuna (TPE)...
  [Warm-up] Đang chạy 10 trials để tính bounds...
  [Warm-up] Bounds computed: F1[0.6186, 0.6272], AUC[0.8395, 0.8444], Time[0.2926, 0.4153]

Thực thi: AMSCO...
  [Warm-up] Đang chạy 10 trials để tính bounds...
  [Warm-up] Bounds computed: F1[0.6140, 0.6336], AUC[0.8395, 0.8446], Time[0.2897, 0.7843]

============================================================
KẾT QUẢ CHO LOGISTIC_REGRESSION (Primary metric: accuracy)
============================================================

   Optimizer Accuracy     F1 ROC AUC Wall Time (s) CPU Time (s) Peak Mem (MB) RSS Mem (MB) Total Trials Iter→Best Conv. Ratio
Optuna (TPE)   0.7627 0.6326  0.8441        123.49       448.57          6.81       319.41           43        23      53.49%
       AMSCO   0.7623 0.6328  0.8441         52.99       186.86          6.60       319.49           14         7      50.00%

------------------------------------------------------------



============================================================
                    KẾT QUẢ THỬ NGHIỆM TỔNG QUÁT                    
============================================================


KẾT QUẢ LẶP THEO SEED - OPTUNA (TPE):
 Seed       Dataset               Model Primary Score F1-score ROC AUC Exec Time (s)
    1 breast_cancer logistic_regression        0.7475   0.9803  0.9952         18.68
    2 breast_cancer logistic_regression        0.7834   0.9819  0.9956         11.21
    3 breast_cancer logistic_regression        0.7737   0.9804  0.9946         11.47
    4 breast_cancer logistic_regression        0.7994   0.9860  0.9963         15.59
    5 breast_cancer logistic_regression        0.7894   0.9833  0.9946         10.99
    6 breast_cancer logistic_regression        0.8257   0.9831  0.9955         18.80
    7 breast_cancer logistic_regression        0.7877   0.9819  0.9946         18.08
    8 breast_cancer logistic_regression        0.7127   0.9802  0.9941         11.27
    9 breast_cancer logistic_regression        0.7300   0.9818  0.9950         13.60
   10 breast_cancer logistic_regression        0.8774   0.9832  0.9945         16.31
    1 breast_cancer       random_forest        0.9864   0.9662  0.9914        435.65
    2 breast_cancer       random_forest        0.7036   0.9641  0.9897        388.27
    3 breast_cancer       random_forest        0.8539   0.9680  0.9908        406.32
    4 breast_cancer       random_forest        1.0736   0.9661  0.9903        859.72
    5 breast_cancer       random_forest        1.1173   0.9680  0.9916        283.81
    6 breast_cancer       random_forest        1.0946   0.9662  0.9908        433.37
    7 breast_cancer       random_forest        0.7649   0.9678  0.9900        318.88
    8 breast_cancer       random_forest        1.2371   0.9622  0.9896        586.40
    9 breast_cancer       random_forest        1.0632   0.9693  0.9914        423.39
   10 breast_cancer       random_forest        0.9658   0.9609  0.9898        426.47
    1         telco logistic_regression        0.7265   0.6314  0.8435        119.75
    2         telco logistic_regression        0.9425   0.6331  0.8437        118.25
    3         telco logistic_regression        0.7442   0.6341  0.8445        118.99
    4         telco logistic_regression        0.7296   0.6328  0.8443        119.75
    5         telco logistic_regression        0.7481   0.6340  0.8451        121.28
    6         telco logistic_regression        0.6929   0.6343  0.8440        130.32
    7         telco logistic_regression        0.8046   0.6333  0.8443        118.46
    8         telco logistic_regression        0.7186   0.6315  0.8436        118.35
    9         telco logistic_regression        0.7721   0.6341  0.8453        164.06
   10         telco logistic_regression        1.0072   0.6326  0.8441        123.49
    1         telco       random_forest        0.8550   0.6178  0.8290        710.47
    2         telco       random_forest        0.9584   0.6100  0.8259        606.39
    3         telco       random_forest        0.8755   0.6206  0.8302        606.65
    4         telco       random_forest        0.7251   0.5979  0.8127        774.87
    5         telco       random_forest        0.9469   0.6214  0.8317        588.29
    6         telco       random_forest        0.8200   0.6149  0.8291        693.44
    7         telco       random_forest        0.8825   0.6159  0.8270        691.72
    8         telco       random_forest        0.8101   0.6184  0.8303        530.22
    9         telco       random_forest        0.8478   0.6173  0.8282        677.48
   10         telco       random_forest        0.9341   0.6251  0.8311        979.63

Thống kê mô tả (OPTUNA (TPE)):
       Metric   Mean    Std  n
Primary Score 0.8557 0.1324 40
     F1-score 0.7993 0.1772 40
      ROC AUC 0.9143 0.0797 40
Exec Time (s) 320.50 287.25 40

KẾT QUẢ LẶP THEO SEED - AMSCO:
 Seed       Dataset               Model Primary Score F1-score ROC AUC Exec Time (s)
    1 breast_cancer logistic_regression        0.7798   0.9817  0.9958          6.98
    2 breast_cancer logistic_regression        0.7171   0.9832  0.9951          5.93
    3 breast_cancer logistic_regression        0.7666   0.9804  0.9947          6.03
    4 breast_cancer logistic_regression        0.7196   0.9788  0.9954          5.87
    5 breast_cancer logistic_regression        0.7354   0.9790  0.9942          5.93
    6 breast_cancer logistic_regression        0.7672   0.9831  0.9947          6.00
    7 breast_cancer logistic_regression        0.7031   0.9833  0.9946          6.05
    8 breast_cancer logistic_regression        0.7134   0.9788  0.9944          5.95
    9 breast_cancer logistic_regression        0.7151   0.9832  0.9958          6.00
   10 breast_cancer logistic_regression        0.7503   0.9832  0.9945          6.05
    1 breast_cancer       random_forest        0.6015   0.9649  0.9917        254.53
    2 breast_cancer       random_forest        0.5493   0.9626  0.9899        261.26
    3 breast_cancer       random_forest        0.6037   0.9653  0.9914        408.14
    4 breast_cancer       random_forest        0.6136   0.9648  0.9906        183.56
    5 breast_cancer       random_forest        0.5848   0.9707  0.9931        211.05
    6 breast_cancer       random_forest        0.4911   0.9648  0.9908        297.54
    7 breast_cancer       random_forest        0.6521   0.9663  0.9913        185.82
    8 breast_cancer       random_forest        0.4363   0.9649  0.9883        181.52
    9 breast_cancer       random_forest        0.7164   0.9692  0.9910        190.92
   10 breast_cancer       random_forest        0.3586   0.9609  0.9910        221.62
    1         telco logistic_regression        0.7077   0.6320  0.8436         77.43
    2         telco logistic_regression        0.6721   0.6346  0.8437         71.52
    3         telco logistic_regression        0.6824   0.6316  0.8447         73.19
    4         telco logistic_regression        0.6894   0.6339  0.8446         55.42
    5         telco logistic_regression        0.5518   0.6315  0.8448         53.02
    6         telco logistic_regression        0.6814   0.6340  0.8440         55.28
    7         telco logistic_regression        0.6629   0.6334  0.8442         56.16
    8         telco logistic_regression        0.6876   0.6348  0.8436         53.68
    9         telco logistic_regression        0.6993   0.6333  0.8450         54.14
   10         telco logistic_regression        0.7312   0.6328  0.8441         52.99
    1         telco       random_forest        0.7679   0.6183  0.8302        336.72
    2         telco       random_forest        0.6344   0.5813  0.8025        295.87
    3         telco       random_forest        0.7620   0.6194  0.8299        472.95
    4         telco       random_forest        0.6666   0.5972  0.8120        287.06
    5         telco       random_forest        0.7346   0.6044  0.8193        617.93
    6         telco       random_forest        0.6294   0.5935  0.8155        269.46
    7         telco       random_forest        0.7790   0.6222  0.8305        427.50
    8         telco       random_forest        0.7616   0.6078  0.8255        538.03
    9         telco       random_forest        0.6811   0.6008  0.8150        287.61
   10         telco       random_forest        0.7246   0.6205  0.8325        297.26

Thống kê mô tả (AMSCO):
       Metric   Mean    Std  n
Primary Score 0.6720 0.0935 40
     F1-score 0.7967 0.1795 40
      ROC AUC 0.9128 0.0817 40
Exec Time (s) 172.25 166.02 40

KIỂM ĐỊNH THỐNG KÊ GIỮA OPTUNA (TPE) VÀ AMSCO:
       Metric           Test Statistic p-value #Pairs
     F1-score  Paired t-test    2.3916  0.0217     40
      ROC AUC  Paired t-test    1.8430  0.0729     40
Exec Time (s) Mann-Whitney U 1053.0000  0.0151  40/40

BẢNG TÓM TẮT (Dataset, Method, Mean Accuracy, Std Dev, Mean Time (s), Convergence Speed):
------------------------------------------------------------
      Dataset       Method Mean Accuracy Std Dev Mean Time (s) Convergence Speed
breast_cancer        AMSCO        0.9667  0.0108        122.84          0.007870
breast_cancer Optuna (TPE)        0.9674  0.0109        235.41          0.004109
        telco        AMSCO        0.7438  0.0285        221.66          0.003355
        telco Optuna (TPE)        0.7524  0.0153        405.59          0.001855


BẢNG HIỆU NĂNG TỐI ƯU HÓA (Time / Iterations / Resource):
----------------------------------------------------------------------
      Dataset       Method Mean Wall Time (s) Mean CPU Time (s) Mean Peak Mem (MB) Mean Total Trials Mean Iter→Best Mean Conv. Ratio
breast_cancer        AMSCO             122.84            131.26               1.08              17.1            7.5           40.64%
breast_cancer Optuna (TPE)             235.41            250.55               1.42              51.0           31.4           57.56%
        telco        AMSCO             221.66            336.39               7.44              19.2           10.2           49.41%
        telco Optuna (TPE)             405.59            661.06               7.88              53.5           33.6           60.82%



================================================================================
BẢNG 4.3: So sánh Bias và Variance trung bình trên 4 datasets
================================================================================
     Phương pháp Est. Acc. True Test Acc. Avg Bias Avg Std Dev   Min-Max Std
Hold-out (70/30)    0.8591         0.8707  -0.0116    ± 0.1598 0.1130-0.1130
 Standard 5-Fold    0.8576         0.8707  -0.0132    ± 0.1548 0.1095-0.1095
 Nested CV (5x3)    0.8707         0.8707  +0.0000    ± 0.1400 0.0990-0.0990


==========================================================================================
BẢNG 4.4: Chi tiết Bias và Variance theo từng Dataset (Độ lệch giữa CV và Test)
==========================================================================================
      Dataset          Method Est. Acc. True Test Acc.    Bias  Std Dev
Breast Cancer Standard 5-Fold    0.9671         0.9697 -0.0026 ± 0.0107
Breast Cancer       Nested CV    0.9697         0.9697 +0.0000 ± 0.0031
        Telco Standard 5-Fold    0.7481         0.7718 -0.0237 ± 0.0230
        Telco       Nested CV    0.7718         0.7718 +0.0000 ± 0.0012

Nhận xét nhanh:
- Bias Dương (+): Phương pháp đánh giá đang 'lạc quan' quá mức (Overestimation).
- Bias gần 0: Phương pháp đánh giá trung thực, sát thực tế.


================================================================================
BẢNG 4.5: Tốc độ Hội tụ và Thời gian Thực thi (5 outer folds)
================================================================================
      Dataset Method Time (s) Trials to Best Speedup F1-Score AUC-ROC P-value
Breast Cancer Optuna      235             31       -   0.9741  0.9928       -
Breast Cancer  AMSCO      122              7   1.92x   0.9735  0.9929   0.011
        Telco Optuna      405             33       -   0.6245  0.8359       -
        Telco  AMSCO      221             10   1.83x   0.6199  0.8328   0.011

Ghi chú: Speedup = Thời gian Optuna / Thời gian AMSCO.
'Trials to Best' = Số trial để đạt được best score.
P-value được tính bằng Mann-Whitney U test (cần nhiều seeds để có ý nghĩa thống kê).


================================================================================
BẢNG 4.6: Điểm Hàm Mục tiêu Toàn diện
================================================================================
      Dataset Method       F1-Score        AUC-ROC         Time  f(θ)  Rank
Breast Cancer Optuna 0.9741 (1.000) 0.9928 (1.000) 235s (1.000) 0.600  2 ()
Breast Cancer  AMSCO 0.9735 (0.999) 0.9929 (1.000) 122s (0.522) 0.695 1 (⋆)
        Telco Optuna 0.6245 (1.000) 0.8359 (1.000) 405s (1.000) 0.600  2 ()
        Telco  AMSCO 0.6199 (0.993) 0.8328 (0.996) 221s (0.547) 0.686 1 (⋆)

Ghi chú: f(θ) = 0.4·F1 + 0.4·AUC-ROC - 0.2·Time (chuẩn hóa). ⋆ = Phương pháp tốt nhất.


================================================================================
BẢNG 4.7: So sánh Variance của F1-Score qua 5 Outer Folds
================================================================================
      Dataset Optuna Var AMSCO Var Reduction Levene p-value
Breast Cancer   0.000075  0.000073    ✓ 2.0%          0.867
        Telco   0.000105  0.000276  ✗ 162.4%          0.126

Ghi chú: Improvement = (Optuna Var - AMSCO Var) / Optuna Var × 100%
Levene's test kiểm định sự khác biệt phương sai giữa hai nhóm (Optuna vs AMSCO).
P-value cao khi có ít seeds (cần >= 5 seeds để có ý nghĩa thống kê).

BẢNG SO SÁNH CV (Method, Without CV, With K-Fold (k=5), With Nested CV, Improvement (%)):
------------------------------------------------------------
      Method Without CV With K-Fold (k=5) With Nested CV Improvement (%)
       AMSCO     0.8577            0.8552              -           -0.29
Optuna (TPE)     0.8606            0.8599              -           -0.08


[WARN] Không thể tạo bảng đánh giá theo định dạng yêu cầu: 'accuracy'
BẢNG SO SÁNH THỐNG KÊ (TÀI NGUYÊN TỐI ƯU HÓA – AMSCO vs BASELINES):
--------------------------------------------------------------------------------
           Metric            Comparison Mean AMSCO Mean Baseline Δ (Baseline-AMSCO) U-statistic p-value Significant (α=0.05) Cohen's d Effect Size    Preferred  Sample Size
    Wall Time (s) AMSCO vs Optuna (TPE)    172.250       320.503            148.253     547.000  0.0151                  Yes    -0.801       Large        AMSCO           40
     CPU Time (s) AMSCO vs Optuna (TPE)    233.827       455.806            221.979     396.000  0.0001                  Yes    -0.931       Large        AMSCO           40
     Total Trials AMSCO vs Optuna (TPE)     18.150        52.275             34.125      28.000  0.0000                  Yes    -1.912  Very Large        AMSCO           40
        Iter→Best AMSCO vs Optuna (TPE)      8.825        32.525             23.700      73.500  0.0000                  Yes    -1.305  Very Large        AMSCO           40
Convergence Ratio AMSCO vs Optuna (TPE)      0.450         0.592              0.142     471.500  0.0016                  Yes    -0.605      Medium        AMSCO           40
 Peak Memory (MB) AMSCO vs Optuna (TPE)      4.259         4.648              0.390     600.000  0.0549                   No    -1.623  Very Large        AMSCO           40
  RSS Memory (MB) AMSCO vs Optuna (TPE)    290.087       289.258             -0.829     820.000  0.8509                   No     0.524      Medium Optuna (TPE)           40



BẢNG TỔNG HỢP THEO OPTIMIZER (HÀNG = METRIC):
------------------------------------------------------------
               Metric  AMSCO Optuna (TPE) Hyperopt (TPE) Random Search
      Accuracy (CV=5) 0.8552       0.8599            nan           nan
     Precision (CV=5) 0.7444       0.7484            nan           nan
        Recall (CV=5) 0.8786       0.8752            nan           nan
 F1-score (CV metric) 0.7967       0.7993            nan           nan
  AUC-ROC (CV metric) 0.9128       0.9143            nan           nan
  Balanced Acc (CV=5) 0.8603       0.8621            nan           nan
Optimization Time (s) 172.25       320.50            nan           nan


[INFO] Đã lưu optuna_seed_results.csv
