nohup: ignoring input
[INFO] Bắt đầu chạy lúc: 2025-12-09 15:03:09

########## SEED 1 ##########

=======================================================
ĐANG THỬ NGHIỆM TRÊN BỘ DỮ LIỆU: BREAST_CANCER (seed=1)
=======================================================
... Đang tải Breast Cancer (sklearn)

------------------------------------------------------------
Đang tối ưu mô hình: RANDOM_FOREST
------------------------------------------------------------
  [Multi-Objective] Sử dụng f(θ) = 0.4·F1 + 0.4·ROC-AUC - 0.2·time
  [Evaluation] StratifiedKFold (5-fold), Primary metric: accuracy

Thực thi: Optuna (TPE)...
  [Warm-up] Đang chạy 3 trials để tính bounds...
  [Warm-up] Bounds computed: F1[0.9620, 0.9652], AUC[0.9897, 0.9912], Time[1.0985, 2.2645]

Thực thi: AMSCO...
  [Warm-up] Đang chạy 3 trials để tính bounds...
  [Warm-up] Bounds computed: F1[0.9620, 0.9722], AUC[0.9884, 0.9930], Time[0.6916, 2.5283]

============================================================
KẾT QUẢ CHO RANDOM_FOREST (Primary metric: accuracy)
============================================================

   Optimizer Accuracy     F1 ROC AUC Wall Time (s) CPU Time (s) Peak Mem (MB) RSS Mem (MB) Total Trials Iter→Best Conv. Ratio
Optuna (TPE)   0.9561 0.9649  0.9921        249.99       267.19          1.92       242.52           30        23      76.67%
       AMSCO   0.9578 0.9663  0.9923         88.44        94.63          1.24       244.73            9         1      11.11%

------------------------------------------------------------


------------------------------------------------------------
Đang tối ưu mô hình: LOGISTIC_REGRESSION
------------------------------------------------------------
  [Multi-Objective] Sử dụng f(θ) = 0.4·F1 + 0.4·ROC-AUC - 0.2·time
  [Evaluation] StratifiedKFold (5-fold), Primary metric: accuracy

Thực thi: Optuna (TPE)...
  [Warm-up] Đang chạy 3 trials để tính bounds...
  [Warm-up] Bounds computed: F1[0.9777, 0.9790], AUC[0.9951, 0.9960], Time[0.0252, 0.0264]

Thực thi: AMSCO...
  [Warm-up] Đang chạy 3 trials để tính bounds...
  [Warm-up] Bounds computed: F1[0.9607, 0.9816], AUC[0.9881, 0.9962], Time[0.0249, 0.0282]

============================================================
KẾT QUẢ CHO LOGISTIC_REGRESSION (Primary metric: accuracy)
============================================================

   Optimizer Accuracy     F1 ROC AUC Wall Time (s) CPU Time (s) Peak Mem (MB) RSS Mem (MB) Total Trials Iter→Best Conv. Ratio
Optuna (TPE)   0.9772 0.9817  0.9958          8.60         8.59          0.96       245.38           30        28      93.33%
       AMSCO   0.9772 0.9817  0.9957          2.99         2.99          0.89       245.62            9         5      55.56%

------------------------------------------------------------


=======================================================
ĐANG THỬ NGHIỆM TRÊN BỘ DỮ LIỆU: TELCO (seed=1)
=======================================================
... Đang tải Telco Customer Churn

------------------------------------------------------------
Đang tối ưu mô hình: RANDOM_FOREST
------------------------------------------------------------
  [Multi-Objective] Sử dụng f(θ) = 0.4·F1 + 0.4·ROC-AUC - 0.2·time
  [Evaluation] StratifiedKFold (5-fold), Primary metric: accuracy

Thực thi: Optuna (TPE)...
  [Warm-up] Đang chạy 3 trials để tính bounds...
  [Warm-up] Bounds computed: F1[0.4648, 0.6019], AUC[0.6331, 0.8186], Time[1.3137, 3.2198]

Thực thi: AMSCO...
  [Warm-up] Đang chạy 3 trials để tính bounds...
  [Warm-up] Bounds computed: F1[0.4647, 0.6031], AUC[0.6135, 0.8186], Time[1.0796, 3.3889]

============================================================
KẾT QUẢ CHO RANDOM_FOREST (Primary metric: accuracy)
============================================================

   Optimizer Accuracy     F1 ROC AUC Wall Time (s) CPU Time (s) Peak Mem (MB) RSS Mem (MB) Total Trials Iter→Best Conv. Ratio
Optuna (TPE)   0.6893 0.5819  0.8013        335.50       362.77          8.08       262.65           30        27      90.00%
       AMSCO   0.7278 0.6123  0.8265        279.06       342.39          8.07       282.99           21        15      71.43%

------------------------------------------------------------


------------------------------------------------------------
Đang tối ưu mô hình: LOGISTIC_REGRESSION
------------------------------------------------------------
  [Multi-Objective] Sử dụng f(θ) = 0.4·F1 + 0.4·ROC-AUC - 0.2·time
  [Evaluation] StratifiedKFold (5-fold), Primary metric: accuracy

Thực thi: Optuna (TPE)...
  [Warm-up] Đang chạy 3 trials để tính bounds...
  [Warm-up] Bounds computed: F1[0.6243, 0.6267], AUC[0.8421, 0.8442], Time[0.2958, 0.3873]

Thực thi: AMSCO...
  [Warm-up] Đang chạy 3 trials để tính bounds...
  [Warm-up] Bounds computed: F1[0.6164, 0.6336], AUC[0.8398, 0.8446], Time[0.2921, 0.4210]

============================================================
KẾT QUẢ CHO LOGISTIC_REGRESSION (Primary metric: accuracy)
============================================================

   Optimizer Accuracy     F1 ROC AUC Wall Time (s) CPU Time (s) Peak Mem (MB) RSS Mem (MB) Total Trials Iter→Best Conv. Ratio
Optuna (TPE)   0.7635 0.6314  0.8435         73.89       257.40          6.75       282.99           30        23      76.67%
       AMSCO   0.7663 0.6337  0.8435         27.24        97.60          6.56       282.99            9         4      44.44%

------------------------------------------------------------


########## SEED 2 ##########

=======================================================
ĐANG THỬ NGHIỆM TRÊN BỘ DỮ LIỆU: BREAST_CANCER (seed=2)
=======================================================
... Đang tải Breast Cancer (sklearn)

------------------------------------------------------------
Đang tối ưu mô hình: RANDOM_FOREST
------------------------------------------------------------
  [Multi-Objective] Sử dụng f(θ) = 0.4·F1 + 0.4·ROC-AUC - 0.2·time
  [Evaluation] StratifiedKFold (5-fold), Primary metric: accuracy

Thực thi: Optuna (TPE)...
  [Warm-up] Đang chạy 3 trials để tính bounds...
  [Warm-up] Bounds computed: F1[0.9659, 0.9718], AUC[0.9891, 0.9907], Time[0.8370, 2.0405]

Thực thi: AMSCO...
  [Warm-up] Đang chạy 3 trials để tính bounds...
  [Warm-up] Bounds computed: F1[0.9634, 0.9722], AUC[0.9884, 0.9930], Time[0.7185, 2.5182]

============================================================
KẾT QUẢ CHO RANDOM_FOREST (Primary metric: accuracy)
============================================================

   Optimizer Accuracy     F1 ROC AUC Wall Time (s) CPU Time (s) Peak Mem (MB) RSS Mem (MB) Total Trials Iter→Best Conv. Ratio
Optuna (TPE)   0.9561 0.9656  0.9894        245.09       262.22          1.36       282.99           30        29      96.67%
       AMSCO   0.9526 0.9627  0.9889        202.29       216.69          1.51       282.99           19         9      47.37%

------------------------------------------------------------


------------------------------------------------------------
Đang tối ưu mô hình: LOGISTIC_REGRESSION
------------------------------------------------------------
  [Multi-Objective] Sử dụng f(θ) = 0.4·F1 + 0.4·ROC-AUC - 0.2·time
  [Evaluation] StratifiedKFold (5-fold), Primary metric: accuracy

Thực thi: Optuna (TPE)...
  [Warm-up] Đang chạy 3 trials để tính bounds...
  [Warm-up] Bounds computed: F1[0.9748, 0.9804], AUC[0.9897, 0.9960], Time[0.0268, 0.0283]

Thực thi: AMSCO...
  [Warm-up] Đang chạy 3 trials để tính bounds...
  [Warm-up] Bounds computed: F1[0.9607, 0.9816], AUC[0.9881, 0.9961], Time[0.0258, 0.0287]

============================================================
KẾT QUẢ CHO LOGISTIC_REGRESSION (Primary metric: accuracy)
============================================================

   Optimizer Accuracy     F1 ROC AUC Wall Time (s) CPU Time (s) Peak Mem (MB) RSS Mem (MB) Total Trials Iter→Best Conv. Ratio
Optuna (TPE)   0.9772 0.9819  0.9961          8.76         8.76          0.97       282.99           30        29      96.67%
       AMSCO   0.9772 0.9819  0.9958          4.91         4.91          0.79       282.99           16         8      50.00%

------------------------------------------------------------


=======================================================
ĐANG THỬ NGHIỆM TRÊN BỘ DỮ LIỆU: TELCO (seed=2)
=======================================================
... Đang tải Telco Customer Churn

------------------------------------------------------------
Đang tối ưu mô hình: RANDOM_FOREST
------------------------------------------------------------
  [Multi-Objective] Sử dụng f(θ) = 0.4·F1 + 0.4·ROC-AUC - 0.2·time
  [Evaluation] StratifiedKFold (5-fold), Primary metric: accuracy

Thực thi: Optuna (TPE)...
  [Warm-up] Đang chạy 3 trials để tính bounds...
  [Warm-up] Bounds computed: F1[0.5648, 0.6237], AUC[0.7751, 0.8321], Time[1.2081, 2.3358]

Thực thi: AMSCO...
  [Warm-up] Đang chạy 3 trials để tính bounds...
  [Warm-up] Bounds computed: F1[0.4647, 0.6237], AUC[0.6135, 0.8321], Time[1.1106, 3.4925]

============================================================
KẾT QUẢ CHO RANDOM_FOREST (Primary metric: accuracy)
============================================================

   Optimizer Accuracy     F1 ROC AUC Wall Time (s) CPU Time (s) Peak Mem (MB) RSS Mem (MB) Total Trials Iter→Best Conv. Ratio
Optuna (TPE)   0.7322 0.6133  0.8255        330.31       387.36          8.20       282.99           30        25      83.33%
       AMSCO   0.7007 0.5924  0.8093        228.45       248.36          7.99       282.99           17         9      52.94%

------------------------------------------------------------


------------------------------------------------------------
Đang tối ưu mô hình: LOGISTIC_REGRESSION
------------------------------------------------------------
  [Multi-Objective] Sử dụng f(θ) = 0.4·F1 + 0.4·ROC-AUC - 0.2·time
  [Evaluation] StratifiedKFold (5-fold), Primary metric: accuracy

Thực thi: Optuna (TPE)...
  [Warm-up] Đang chạy 3 trials để tính bounds...
  [Warm-up] Bounds computed: F1[0.6243, 0.6267], AUC[0.8432, 0.8442], Time[0.3041, 0.3884]

Thực thi: AMSCO...
  [Warm-up] Đang chạy 3 trials để tính bounds...
  [Warm-up] Bounds computed: F1[0.6164, 0.6327], AUC[0.8410, 0.8446], Time[0.2986, 0.4227]

============================================================
KẾT QUẢ CHO LOGISTIC_REGRESSION (Primary metric: accuracy)
============================================================

   Optimizer Accuracy     F1 ROC AUC Wall Time (s) CPU Time (s) Peak Mem (MB) RSS Mem (MB) Total Trials Iter→Best Conv. Ratio
Optuna (TPE)   0.7644 0.6329  0.8437         74.97       261.61          6.95       285.00           30        15      50.00%
       AMSCO   0.7687 0.6346  0.8437         32.83       109.62          6.60       285.00           12         6      50.00%

------------------------------------------------------------


########## SEED 3 ##########

=======================================================
ĐANG THỬ NGHIỆM TRÊN BỘ DỮ LIỆU: BREAST_CANCER (seed=3)
=======================================================
... Đang tải Breast Cancer (sklearn)

------------------------------------------------------------
Đang tối ưu mô hình: RANDOM_FOREST
------------------------------------------------------------
  [Multi-Objective] Sử dụng f(θ) = 0.4·F1 + 0.4·ROC-AUC - 0.2·time
  [Evaluation] StratifiedKFold (5-fold), Primary metric: accuracy

Thực thi: Optuna (TPE)...
  [Warm-up] Đang chạy 3 trials để tính bounds...
  [Warm-up] Bounds computed: F1[0.9674, 0.9721], AUC[0.9914, 0.9921], Time[1.4134, 2.1733]

Thực thi: AMSCO...
  [Warm-up] Đang chạy 3 trials để tính bounds...
  [Warm-up] Bounds computed: F1[0.9597, 0.9722], AUC[0.9884, 0.9924], Time[0.6765, 2.5461]

============================================================
KẾT QUẢ CHO RANDOM_FOREST (Primary metric: accuracy)
============================================================

   Optimizer Accuracy     F1 ROC AUC Wall Time (s) CPU Time (s) Peak Mem (MB) RSS Mem (MB) Total Trials Iter→Best Conv. Ratio
Optuna (TPE)   0.9631 0.9706  0.9913        225.40       240.54          1.41       285.00           30        14      46.67%
       AMSCO   0.9561 0.9647  0.9897        156.09       166.80          1.29       285.00           19         8      42.11%

------------------------------------------------------------


------------------------------------------------------------
Đang tối ưu mô hình: LOGISTIC_REGRESSION
------------------------------------------------------------
  [Multi-Objective] Sử dụng f(θ) = 0.4·F1 + 0.4·ROC-AUC - 0.2·time
  [Evaluation] StratifiedKFold (5-fold), Primary metric: accuracy

Thực thi: Optuna (TPE)...
  [Warm-up] Đang chạy 3 trials để tính bounds...
  [Warm-up] Bounds computed: F1[0.9648, 0.9804], AUC[0.9872, 0.9953], Time[0.0257, 0.0288]

Thực thi: AMSCO...
  [Warm-up] Đang chạy 3 trials để tính bounds...
  [Warm-up] Bounds computed: F1[0.9607, 0.9816], AUC[0.9872, 0.9962], Time[0.0255, 0.0288]

============================================================
KẾT QUẢ CHO LOGISTIC_REGRESSION (Primary metric: accuracy)
============================================================

   Optimizer Accuracy     F1 ROC AUC Wall Time (s) CPU Time (s) Peak Mem (MB) RSS Mem (MB) Total Trials Iter→Best Conv. Ratio
Optuna (TPE)   0.9754 0.9804  0.9947          8.66         8.66          0.93       285.00           30        13      43.33%
       AMSCO   0.9807 0.9846  0.9953          3.10         3.10          0.74       285.00            9         4      44.44%

------------------------------------------------------------


=======================================================
ĐANG THỬ NGHIỆM TRÊN BỘ DỮ LIỆU: TELCO (seed=3)
=======================================================
... Đang tải Telco Customer Churn

------------------------------------------------------------
Đang tối ưu mô hình: RANDOM_FOREST
------------------------------------------------------------
  [Multi-Objective] Sử dụng f(θ) = 0.4·F1 + 0.4·ROC-AUC - 0.2·time
  [Evaluation] StratifiedKFold (5-fold), Primary metric: accuracy

Thực thi: Optuna (TPE)...
  [Warm-up] Đang chạy 3 trials để tính bounds...
  [Warm-up] Bounds computed: F1[0.4647, 0.5960], AUC[0.6324, 0.8128], Time[1.3460, 3.5456]

Thực thi: AMSCO...
  [Warm-up] Đang chạy 3 trials để tính bounds...
  [Warm-up] Bounds computed: F1[0.4647, 0.6153], AUC[0.6135, 0.8295], Time[1.0821, 3.5469]

============================================================
KẾT QUẢ CHO RANDOM_FOREST (Primary metric: accuracy)
============================================================

   Optimizer Accuracy     F1 ROC AUC Wall Time (s) CPU Time (s) Peak Mem (MB) RSS Mem (MB) Total Trials Iter→Best Conv. Ratio
Optuna (TPE)   0.7335 0.6147  0.8259        334.11       379.88          8.53       285.83           30        23      76.67%
       AMSCO   0.7446 0.6194  0.8299        241.29       298.37          8.48       287.10           19        11      57.89%

------------------------------------------------------------


------------------------------------------------------------
Đang tối ưu mô hình: LOGISTIC_REGRESSION
------------------------------------------------------------
  [Multi-Objective] Sử dụng f(θ) = 0.4·F1 + 0.4·ROC-AUC - 0.2·time
  [Evaluation] StratifiedKFold (5-fold), Primary metric: accuracy

Thực thi: Optuna (TPE)...
  [Warm-up] Đang chạy 3 trials để tính bounds...
  [Warm-up] Bounds computed: F1[0.6227, 0.6314], AUC[0.8432, 0.8443], Time[0.3057, 0.4072]

Thực thi: AMSCO...
  [Warm-up] Đang chạy 3 trials để tính bounds...
  [Warm-up] Bounds computed: F1[0.6164, 0.6338], AUC[0.8410, 0.8446], Time[0.2973, 0.4203]

============================================================
KẾT QUẢ CHO LOGISTIC_REGRESSION (Primary metric: accuracy)
============================================================

   Optimizer Accuracy     F1 ROC AUC Wall Time (s) CPU Time (s) Peak Mem (MB) RSS Mem (MB) Total Trials Iter→Best Conv. Ratio
Optuna (TPE)   0.7734 0.6331  0.8449         74.93       263.68          6.79       288.00           30        23      76.67%
       AMSCO   0.7669 0.6316  0.8447         40.12       137.96          6.58       289.19           15         7      46.67%

------------------------------------------------------------


########## SEED 4 ##########

=======================================================
ĐANG THỬ NGHIỆM TRÊN BỘ DỮ LIỆU: BREAST_CANCER (seed=4)
=======================================================
... Đang tải Breast Cancer (sklearn)

------------------------------------------------------------
Đang tối ưu mô hình: RANDOM_FOREST
------------------------------------------------------------
  [Multi-Objective] Sử dụng f(θ) = 0.4·F1 + 0.4·ROC-AUC - 0.2·time
  [Evaluation] StratifiedKFold (5-fold), Primary metric: accuracy

Thực thi: Optuna (TPE)...
  [Warm-up] Đang chạy 3 trials để tính bounds...
  [Warm-up] Bounds computed: F1[0.9663, 0.9690], AUC[0.9905, 0.9920], Time[1.1624, 2.4358]

Thực thi: AMSCO...
  [Warm-up] Đang chạy 3 trials để tính bounds...
  [Warm-up] Bounds computed: F1[0.9634, 0.9722], AUC[0.9884, 0.9930], Time[0.7386, 2.4815]

============================================================
KẾT QUẢ CHO RANDOM_FOREST (Primary metric: accuracy)
============================================================

   Optimizer Accuracy     F1 ROC AUC Wall Time (s) CPU Time (s) Peak Mem (MB) RSS Mem (MB) Total Trials Iter→Best Conv. Ratio
Optuna (TPE)   0.9596 0.9677  0.9907        260.36       278.61          1.51       289.19           30        23      76.67%
       AMSCO   0.9543 0.9634  0.9906        156.55       167.02          1.30       289.19           20         8      40.00%

------------------------------------------------------------


------------------------------------------------------------
Đang tối ưu mô hình: LOGISTIC_REGRESSION
------------------------------------------------------------
  [Multi-Objective] Sử dụng f(θ) = 0.4·F1 + 0.4·ROC-AUC - 0.2·time
  [Evaluation] StratifiedKFold (5-fold), Primary metric: accuracy

Thực thi: Optuna (TPE)...
  [Warm-up] Đang chạy 3 trials để tính bounds...
  [Warm-up] Bounds computed: F1[0.9692, 0.9789], AUC[0.9879, 0.9958], Time[0.0254, 0.0277]

Thực thi: AMSCO...
  [Warm-up] Đang chạy 3 trials để tính bounds...
  [Warm-up] Bounds computed: F1[0.9607, 0.9818], AUC[0.9879, 0.9962], Time[0.0254, 0.0287]

============================================================
KẾT QUẢ CHO LOGISTIC_REGRESSION (Primary metric: accuracy)
============================================================

   Optimizer Accuracy     F1 ROC AUC Wall Time (s) CPU Time (s) Peak Mem (MB) RSS Mem (MB) Total Trials Iter→Best Conv. Ratio
Optuna (TPE)   0.9789 0.9832  0.9962          8.62         8.62          0.96       289.19           30        22      73.33%
       AMSCO   0.9825 0.9860  0.9963          3.05         3.05          0.77       289.19            9         5      55.56%

------------------------------------------------------------


=======================================================
ĐANG THỬ NGHIỆM TRÊN BỘ DỮ LIỆU: TELCO (seed=4)
=======================================================
... Đang tải Telco Customer Churn

------------------------------------------------------------
Đang tối ưu mô hình: RANDOM_FOREST
------------------------------------------------------------
  [Multi-Objective] Sử dụng f(θ) = 0.4·F1 + 0.4·ROC-AUC - 0.2·time
  [Evaluation] StratifiedKFold (5-fold), Primary metric: accuracy

Thực thi: Optuna (TPE)...
  [Warm-up] Đang chạy 3 trials để tính bounds...
  [Warm-up] Bounds computed: F1[0.4647, 0.5273], AUC[0.6135, 0.7363], Time[1.2261, 2.8217]

Thực thi: AMSCO...
  [Warm-up] Đang chạy 3 trials để tính bounds...
  [Warm-up] Bounds computed: F1[0.4647, 0.6211], AUC[0.6135, 0.8313], Time[1.0902, 3.5151]

============================================================
KẾT QUẢ CHO RANDOM_FOREST (Primary metric: accuracy)
============================================================

   Optimizer Accuracy     F1 ROC AUC Wall Time (s) CPU Time (s) Peak Mem (MB) RSS Mem (MB) Total Trials Iter→Best Conv. Ratio
Optuna (TPE)   0.7434 0.6212  0.8303        330.51       390.91          8.54       289.19           30        24      80.00%
       AMSCO   0.7017 0.5927  0.8081        158.12       170.89          7.53       289.97            9         1      11.11%

------------------------------------------------------------


------------------------------------------------------------
Đang tối ưu mô hình: LOGISTIC_REGRESSION
------------------------------------------------------------
  [Multi-Objective] Sử dụng f(θ) = 0.4·F1 + 0.4·ROC-AUC - 0.2·time
  [Evaluation] StratifiedKFold (5-fold), Primary metric: accuracy

Thực thi: Optuna (TPE)...
  [Warm-up] Đang chạy 3 trials để tính bounds...
  [Warm-up] Bounds computed: F1[0.6157, 0.6277], AUC[0.8420, 0.8436], Time[0.3162, 0.4176]

Thực thi: AMSCO...
  [Warm-up] Đang chạy 3 trials để tính bounds...
  [Warm-up] Bounds computed: F1[0.6157, 0.6331], AUC[0.8410, 0.8446], Time[0.2952, 0.4345]

============================================================
KẾT QUẢ CHO LOGISTIC_REGRESSION (Primary metric: accuracy)
============================================================

   Optimizer Accuracy     F1 ROC AUC Wall Time (s) CPU Time (s) Peak Mem (MB) RSS Mem (MB) Total Trials Iter→Best Conv. Ratio
Optuna (TPE)   0.7683 0.6331  0.8445         75.69       272.11          6.90       291.99           30        27      90.00%
       AMSCO   0.7674 0.6333  0.8445         27.78       101.53          6.53       292.09            9         4      44.44%

------------------------------------------------------------


########## SEED 5 ##########

=======================================================
ĐANG THỬ NGHIỆM TRÊN BỘ DỮ LIỆU: BREAST_CANCER (seed=5)
=======================================================
... Đang tải Breast Cancer (sklearn)

------------------------------------------------------------
Đang tối ưu mô hình: RANDOM_FOREST
------------------------------------------------------------
  [Multi-Objective] Sử dụng f(θ) = 0.4·F1 + 0.4·ROC-AUC - 0.2·time
  [Evaluation] StratifiedKFold (5-fold), Primary metric: accuracy

Thực thi: Optuna (TPE)...
  [Warm-up] Đang chạy 3 trials để tính bounds...
  [Warm-up] Bounds computed: F1[0.9645, 0.9704], AUC[0.9906, 0.9908], Time[1.4443, 1.8494]

Thực thi: AMSCO...
  [Warm-up] Đang chạy 3 trials để tính bounds...
  [Warm-up] Bounds computed: F1[0.9645, 0.9734], AUC[0.9884, 0.9923], Time[0.6721, 2.4698]

============================================================
KẾT QUẢ CHO RANDOM_FOREST (Primary metric: accuracy)
============================================================

   Optimizer Accuracy     F1 ROC AUC Wall Time (s) CPU Time (s) Peak Mem (MB) RSS Mem (MB) Total Trials Iter→Best Conv. Ratio
Optuna (TPE)   0.9491 0.9595  0.9910        234.49       250.33          1.63       292.09           30        18      60.00%
       AMSCO   0.9526 0.9624  0.9916        133.12       142.51          1.31       292.09           18        10      55.56%

------------------------------------------------------------


------------------------------------------------------------
Đang tối ưu mô hình: LOGISTIC_REGRESSION
------------------------------------------------------------
  [Multi-Objective] Sử dụng f(θ) = 0.4·F1 + 0.4·ROC-AUC - 0.2·time
  [Evaluation] StratifiedKFold (5-fold), Primary metric: accuracy

Thực thi: Optuna (TPE)...
  [Warm-up] Đang chạy 3 trials để tính bounds...
  [Warm-up] Bounds computed: F1[0.9747, 0.9789], AUC[0.9931, 0.9960], Time[0.0258, 0.0270]

Thực thi: AMSCO...
  [Warm-up] Đang chạy 3 trials để tính bounds...
  [Warm-up] Bounds computed: F1[0.9607, 0.9816], AUC[0.9881, 0.9961], Time[0.0256, 0.0288]

============================================================
KẾT QUẢ CHO LOGISTIC_REGRESSION (Primary metric: accuracy)
============================================================

   Optimizer Accuracy     F1 ROC AUC Wall Time (s) CPU Time (s) Peak Mem (MB) RSS Mem (MB) Total Trials Iter→Best Conv. Ratio
Optuna (TPE)   0.9807 0.9847  0.9950          8.69         8.68          0.97       292.09           30        29      96.67%
       AMSCO   0.9789 0.9833  0.9948          3.07         3.07          0.77       292.09            9         1      11.11%

------------------------------------------------------------


=======================================================
ĐANG THỬ NGHIỆM TRÊN BỘ DỮ LIỆU: TELCO (seed=5)
=======================================================
... Đang tải Telco Customer Churn

------------------------------------------------------------
Đang tối ưu mô hình: RANDOM_FOREST
------------------------------------------------------------
  [Multi-Objective] Sử dụng f(θ) = 0.4·F1 + 0.4·ROC-AUC - 0.2·time
  [Evaluation] StratifiedKFold (5-fold), Primary metric: accuracy

Thực thi: Optuna (TPE)...
  [Warm-up] Đang chạy 3 trials để tính bounds...
  [Warm-up] Bounds computed: F1[0.5311, 0.6031], AUC[0.7331, 0.8186], Time[2.3034, 2.5367]

Thực thi: AMSCO...
  [Warm-up] Đang chạy 3 trials để tính bounds...
  [Warm-up] Bounds computed: F1[0.4647, 0.6188], AUC[0.6135, 0.8308], Time[1.0943, 3.4264]

============================================================
KẾT QUẢ CHO RANDOM_FOREST (Primary metric: accuracy)
============================================================

   Optimizer Accuracy     F1 ROC AUC Wall Time (s) CPU Time (s) Peak Mem (MB) RSS Mem (MB) Total Trials Iter→Best Conv. Ratio
Optuna (TPE)   0.7360 0.6146  0.8290        335.27       399.16          8.65       293.12           30        22      73.33%
       AMSCO   0.7023 0.5960  0.8116        227.24       253.23          8.01       294.73           19        13      68.42%

------------------------------------------------------------


------------------------------------------------------------
Đang tối ưu mô hình: LOGISTIC_REGRESSION
------------------------------------------------------------
  [Multi-Objective] Sử dụng f(θ) = 0.4·F1 + 0.4·ROC-AUC - 0.2·time
  [Evaluation] StratifiedKFold (5-fold), Primary metric: accuracy

Thực thi: Optuna (TPE)...
  [Warm-up] Đang chạy 3 trials để tính bounds...
  [Warm-up] Bounds computed: F1[0.6145, 0.6275], AUC[0.8419, 0.8443], Time[0.3111, 0.4524]

Thực thi: AMSCO...
  [Warm-up] Đang chạy 3 trials để tính bounds...
  [Warm-up] Bounds computed: F1[0.6145, 0.6331], AUC[0.8410, 0.8446], Time[0.3040, 0.4524]

============================================================
KẾT QUẢ CHO LOGISTIC_REGRESSION (Primary metric: accuracy)
============================================================

   Optimizer Accuracy     F1 ROC AUC Wall Time (s) CPU Time (s) Peak Mem (MB) RSS Mem (MB) Total Trials Iter→Best Conv. Ratio
Optuna (TPE)   0.7703 0.6353  0.8453         76.67       267.74          6.79       296.34           30        27      90.00%
       AMSCO   0.7608 0.6319  0.8450         29.72       113.86          6.66       296.34            9         1      11.11%

------------------------------------------------------------


########## SEED 6 ##########

=======================================================
ĐANG THỬ NGHIỆM TRÊN BỘ DỮ LIỆU: BREAST_CANCER (seed=6)
=======================================================
... Đang tải Breast Cancer (sklearn)

------------------------------------------------------------
Đang tối ưu mô hình: RANDOM_FOREST
------------------------------------------------------------
  [Multi-Objective] Sử dụng f(θ) = 0.4·F1 + 0.4·ROC-AUC - 0.2·time
  [Evaluation] StratifiedKFold (5-fold), Primary metric: accuracy

Thực thi: Optuna (TPE)...
  [Warm-up] Đang chạy 3 trials để tính bounds...
  [Warm-up] Bounds computed: F1[0.9650, 0.9692], AUC[0.9891, 0.9916], Time[0.6989, 2.6060]

Thực thi: AMSCO...
  [Warm-up] Đang chạy 3 trials để tính bounds...
  [Warm-up] Bounds computed: F1[0.9624, 0.9722], AUC[0.9884, 0.9930], Time[0.6989, 2.6060]

============================================================
KẾT QUẢ CHO RANDOM_FOREST (Primary metric: accuracy)
============================================================

   Optimizer Accuracy     F1 ROC AUC Wall Time (s) CPU Time (s) Peak Mem (MB) RSS Mem (MB) Total Trials Iter→Best Conv. Ratio
Optuna (TPE)   0.9613 0.9691  0.9896        263.43       282.37          1.47       296.34           30        23      76.67%
       AMSCO   0.9560 0.9648  0.9908        225.87       242.61          1.38       296.34           21        11      52.38%

------------------------------------------------------------


------------------------------------------------------------
Đang tối ưu mô hình: LOGISTIC_REGRESSION
------------------------------------------------------------
  [Multi-Objective] Sử dụng f(θ) = 0.4·F1 + 0.4·ROC-AUC - 0.2·time
  [Evaluation] StratifiedKFold (5-fold), Primary metric: accuracy

Thực thi: Optuna (TPE)...
  [Warm-up] Đang chạy 3 trials để tính bounds...
  [Warm-up] Bounds computed: F1[0.9678, 0.9747], AUC[0.9876, 0.9939], Time[0.0261, 0.0292]

Thực thi: AMSCO...
  [Warm-up] Đang chạy 3 trials để tính bounds...
  [Warm-up] Bounds computed: F1[0.9607, 0.9804], AUC[0.9876, 0.9961], Time[0.0261, 0.0295]

============================================================
KẾT QUẢ CHO LOGISTIC_REGRESSION (Primary metric: accuracy)
============================================================

   Optimizer Accuracy     F1 ROC AUC Wall Time (s) CPU Time (s) Peak Mem (MB) RSS Mem (MB) Total Trials Iter→Best Conv. Ratio
Optuna (TPE)   0.9789 0.9831  0.9948          8.89         8.89          0.98       296.34           30        13      43.33%
       AMSCO   0.9807 0.9845  0.9953          3.12         3.12          0.77       296.34            9         3      33.33%

------------------------------------------------------------


=======================================================
ĐANG THỬ NGHIỆM TRÊN BỘ DỮ LIỆU: TELCO (seed=6)
=======================================================
... Đang tải Telco Customer Churn

------------------------------------------------------------
Đang tối ưu mô hình: RANDOM_FOREST
------------------------------------------------------------
  [Multi-Objective] Sử dụng f(θ) = 0.4·F1 + 0.4·ROC-AUC - 0.2·time
  [Evaluation] StratifiedKFold (5-fold), Primary metric: accuracy

Thực thi: Optuna (TPE)...
  [Warm-up] Đang chạy 3 trials để tính bounds...
  [Warm-up] Bounds computed: F1[0.5252, 0.5334], AUC[0.7282, 0.7344], Time[2.1913, 3.1470]

Thực thi: AMSCO...
  [Warm-up] Đang chạy 3 trials để tính bounds...
  [Warm-up] Bounds computed: F1[0.4647, 0.6205], AUC[0.6135, 0.8321], Time[1.0785, 3.5410]

============================================================
KẾT QUẢ CHO RANDOM_FOREST (Primary metric: accuracy)
============================================================

   Optimizer Accuracy     F1 ROC AUC Wall Time (s) CPU Time (s) Peak Mem (MB) RSS Mem (MB) Total Trials Iter→Best Conv. Ratio
Optuna (TPE)   0.7382 0.6160  0.8287        376.52       451.80          8.46       296.34           30        16      53.33%
       AMSCO   0.7464 0.6187  0.8307        273.06       311.17          8.37       300.17           22        15      68.18%

------------------------------------------------------------


------------------------------------------------------------
Đang tối ưu mô hình: LOGISTIC_REGRESSION
------------------------------------------------------------
  [Multi-Objective] Sử dụng f(θ) = 0.4·F1 + 0.4·ROC-AUC - 0.2·time
  [Evaluation] StratifiedKFold (5-fold), Primary metric: accuracy

Thực thi: Optuna (TPE)...
  [Warm-up] Đang chạy 3 trials để tính bounds...
  [Warm-up] Bounds computed: F1[0.6209, 0.6327], AUC[0.8430, 0.8445], Time[0.3339, 0.4131]

Thực thi: AMSCO...
  [Warm-up] Đang chạy 3 trials để tính bounds...
  [Warm-up] Bounds computed: F1[0.6164, 0.6331], AUC[0.8410, 0.8446], Time[0.2999, 1.1286]

============================================================
KẾT QUẢ CHO LOGISTIC_REGRESSION (Primary metric: accuracy)
============================================================

   Optimizer Accuracy     F1 ROC AUC Wall Time (s) CPU Time (s) Peak Mem (MB) RSS Mem (MB) Total Trials Iter→Best Conv. Ratio
Optuna (TPE)   0.7684 0.6343  0.8440         79.98       295.58          6.77       302.21           30        27      90.00%
       AMSCO   0.7660 0.6341  0.8440         27.08        94.51          6.56       302.21            9         3      33.33%

------------------------------------------------------------


########## SEED 7 ##########

=======================================================
ĐANG THỬ NGHIỆM TRÊN BỘ DỮ LIỆU: BREAST_CANCER (seed=7)
=======================================================
... Đang tải Breast Cancer (sklearn)

------------------------------------------------------------
Đang tối ưu mô hình: RANDOM_FOREST
------------------------------------------------------------
  [Multi-Objective] Sử dụng f(θ) = 0.4·F1 + 0.4·ROC-AUC - 0.2·time
  [Evaluation] StratifiedKFold (5-fold), Primary metric: accuracy

Thực thi: Optuna (TPE)...
  [Warm-up] Đang chạy 3 trials để tính bounds...
  [Warm-up] Bounds computed: F1[0.9618, 0.9691], AUC[0.9891, 0.9915], Time[0.7884, 2.3742]

Thực thi: AMSCO...
  [Warm-up] Đang chạy 3 trials để tính bounds...
  [Warm-up] Bounds computed: F1[0.9618, 0.9722], AUC[0.9884, 0.9930], Time[0.6925, 2.5333]

============================================================
KẾT QUẢ CHO RANDOM_FOREST (Primary metric: accuracy)
============================================================

   Optimizer Accuracy     F1 ROC AUC Wall Time (s) CPU Time (s) Peak Mem (MB) RSS Mem (MB) Total Trials Iter→Best Conv. Ratio
Optuna (TPE)   0.9596 0.9677  0.9914        249.03       266.67          1.55       302.21           30        23      76.67%
       AMSCO   0.9579 0.9665  0.9900        120.94       130.29          1.34       302.21            9         2      22.22%

------------------------------------------------------------


------------------------------------------------------------
Đang tối ưu mô hình: LOGISTIC_REGRESSION
------------------------------------------------------------
  [Multi-Objective] Sử dụng f(θ) = 0.4·F1 + 0.4·ROC-AUC - 0.2·time
  [Evaluation] StratifiedKFold (5-fold), Primary metric: accuracy

Thực thi: Optuna (TPE)...
  [Warm-up] Đang chạy 3 trials để tính bounds...
  [Warm-up] Bounds computed: F1[0.9648, 0.9777], AUC[0.9897, 0.9952], Time[0.0256, 0.0275]

Thực thi: AMSCO...
  [Warm-up] Đang chạy 3 trials để tính bounds...
  [Warm-up] Bounds computed: F1[0.9607, 0.9816], AUC[0.9881, 0.9961], Time[0.0256, 0.0284]

============================================================
KẾT QUẢ CHO LOGISTIC_REGRESSION (Primary metric: accuracy)
============================================================

   Optimizer Accuracy     F1 ROC AUC Wall Time (s) CPU Time (s) Peak Mem (MB) RSS Mem (MB) Total Trials Iter→Best Conv. Ratio
Optuna (TPE)   0.9719 0.9776  0.9942          8.74         8.74          1.01       302.21           30        14      46.67%
       AMSCO   0.9719 0.9776  0.9943          3.09         3.09          0.76       302.21            9         2      22.22%

------------------------------------------------------------


=======================================================
ĐANG THỬ NGHIỆM TRÊN BỘ DỮ LIỆU: TELCO (seed=7)
=======================================================
... Đang tải Telco Customer Churn

------------------------------------------------------------
Đang tối ưu mô hình: RANDOM_FOREST
------------------------------------------------------------
  [Multi-Objective] Sử dụng f(θ) = 0.4·F1 + 0.4·ROC-AUC - 0.2·time
  [Evaluation] StratifiedKFold (5-fold), Primary metric: accuracy

Thực thi: Optuna (TPE)...
  [Warm-up] Đang chạy 3 trials để tính bounds...
  [Warm-up] Bounds computed: F1[0.5016, 0.5937], AUC[0.6842, 0.8109], Time[1.5704, 2.5129]

Thực thi: AMSCO...
  [Warm-up] Đang chạy 3 trials để tính bounds...
  [Warm-up] Bounds computed: F1[0.4647, 0.6031], AUC[0.6135, 0.8186], Time[1.0961, 3.4929]

============================================================
KẾT QUẢ CHO RANDOM_FOREST (Primary metric: accuracy)
============================================================

   Optimizer Accuracy     F1 ROC AUC Wall Time (s) CPU Time (s) Peak Mem (MB) RSS Mem (MB) Total Trials Iter→Best Conv. Ratio
Optuna (TPE)   0.6920 0.5854  0.8018        329.26       355.96          7.99       302.21           30        28      93.33%
       AMSCO   0.7366 0.6128  0.8275        307.67       356.99          8.25       303.97           26        22      84.62%

------------------------------------------------------------


------------------------------------------------------------
Đang tối ưu mô hình: LOGISTIC_REGRESSION
------------------------------------------------------------
  [Multi-Objective] Sử dụng f(θ) = 0.4·F1 + 0.4·ROC-AUC - 0.2·time
  [Evaluation] StratifiedKFold (5-fold), Primary metric: accuracy

Thực thi: Optuna (TPE)...
  [Warm-up] Đang chạy 3 trials để tính bounds...
  [Warm-up] Bounds computed: F1[0.6165, 0.6282], AUC[0.8420, 0.8446], Time[0.3630, 0.4171]

Thực thi: AMSCO...
  [Warm-up] Đang chạy 3 trials để tính bounds...
  [Warm-up] Bounds computed: F1[0.6164, 0.6336], AUC[0.8410, 0.8446], Time[0.2970, 0.8556]

============================================================
KẾT QUẢ CHO LOGISTIC_REGRESSION (Primary metric: accuracy)
============================================================

   Optimizer Accuracy     F1 ROC AUC Wall Time (s) CPU Time (s) Peak Mem (MB) RSS Mem (MB) Total Trials Iter→Best Conv. Ratio
Optuna (TPE)   0.7742 0.6353  0.8446         78.85       289.11          6.90       304.82           30        23      76.67%
       AMSCO   0.7647 0.6342  0.8443         27.51        98.62          6.52       305.59            9         5      55.56%

------------------------------------------------------------


########## SEED 8 ##########

=======================================================
ĐANG THỬ NGHIỆM TRÊN BỘ DỮ LIỆU: BREAST_CANCER (seed=8)
=======================================================
... Đang tải Breast Cancer (sklearn)

------------------------------------------------------------
Đang tối ưu mô hình: RANDOM_FOREST
------------------------------------------------------------
  [Multi-Objective] Sử dụng f(θ) = 0.4·F1 + 0.4·ROC-AUC - 0.2·time
  [Evaluation] StratifiedKFold (5-fold), Primary metric: accuracy

Thực thi: Optuna (TPE)...
  [Warm-up] Đang chạy 3 trials để tính bounds...
  [Warm-up] Bounds computed: F1[0.9647, 0.9676], AUC[0.9899, 0.9904], Time[0.8194, 1.9375]

Thực thi: AMSCO...
  [Warm-up] Đang chạy 3 trials để tính bounds...
  [Warm-up] Bounds computed: F1[0.9597, 0.9722], AUC[0.9884, 0.9924], Time[0.6652, 2.5132]

============================================================
KẾT QUẢ CHO RANDOM_FOREST (Primary metric: accuracy)
============================================================

   Optimizer Accuracy     F1 ROC AUC Wall Time (s) CPU Time (s) Peak Mem (MB) RSS Mem (MB) Total Trials Iter→Best Conv. Ratio
Optuna (TPE)   0.9560 0.9651  0.9886        214.75       229.13          1.43       305.59           30        14      46.67%
       AMSCO   0.9525 0.9621  0.9882         85.32        91.53          1.26       305.59            9         4      44.44%

------------------------------------------------------------


------------------------------------------------------------
Đang tối ưu mô hình: LOGISTIC_REGRESSION
------------------------------------------------------------
  [Multi-Objective] Sử dụng f(θ) = 0.4·F1 + 0.4·ROC-AUC - 0.2·time
  [Evaluation] StratifiedKFold (5-fold), Primary metric: accuracy

Thực thi: Optuna (TPE)...
  [Warm-up] Đang chạy 3 trials để tính bounds...
  [Warm-up] Bounds computed: F1[0.9705, 0.9804], AUC[0.9927, 0.9953], Time[0.0254, 0.0268]

Thực thi: AMSCO...
  [Warm-up] Đang chạy 3 trials để tính bounds...
  [Warm-up] Bounds computed: F1[0.9607, 0.9816], AUC[0.9881, 0.9961], Time[0.0254, 0.0284]

============================================================
KẾT QUẢ CHO LOGISTIC_REGRESSION (Primary metric: accuracy)
============================================================

   Optimizer Accuracy     F1 ROC AUC Wall Time (s) CPU Time (s) Peak Mem (MB) RSS Mem (MB) Total Trials Iter→Best Conv. Ratio
Optuna (TPE)   0.9753 0.9802  0.9941          8.63         8.63          1.11       305.59           30        14      46.67%
       AMSCO   0.9736 0.9789  0.9946          3.05         3.05          0.73       305.59            9         2      22.22%

------------------------------------------------------------


=======================================================
ĐANG THỬ NGHIỆM TRÊN BỘ DỮ LIỆU: TELCO (seed=8)
=======================================================
... Đang tải Telco Customer Churn

------------------------------------------------------------
Đang tối ưu mô hình: RANDOM_FOREST
------------------------------------------------------------
  [Multi-Objective] Sử dụng f(θ) = 0.4·F1 + 0.4·ROC-AUC - 0.2·time
  [Evaluation] StratifiedKFold (5-fold), Primary metric: accuracy

Thực thi: Optuna (TPE)...
  [Warm-up] Đang chạy 3 trials để tính bounds...
  [Warm-up] Bounds computed: F1[0.5252, 0.5945], AUC[0.7294, 0.8137], Time[1.7327, 2.7919]

Thực thi: AMSCO...
  [Warm-up] Đang chạy 3 trials để tính bounds...
  [Warm-up] Bounds computed: F1[0.4647, 0.6154], AUC[0.6135, 0.8302], Time[1.0875, 3.4365]

============================================================
KẾT QUẢ CHO RANDOM_FOREST (Primary metric: accuracy)
============================================================

   Optimizer Accuracy     F1 ROC AUC Wall Time (s) CPU Time (s) Peak Mem (MB) RSS Mem (MB) Total Trials Iter→Best Conv. Ratio
Optuna (TPE)   0.7307 0.6129  0.8260        333.88       379.85          8.36       306.21           30        23      76.67%
       AMSCO   0.7133 0.5948  0.8087        265.19       295.04          7.95       306.84           25        23      92.00%

------------------------------------------------------------


------------------------------------------------------------
Đang tối ưu mô hình: LOGISTIC_REGRESSION
------------------------------------------------------------
  [Multi-Objective] Sử dụng f(θ) = 0.4·F1 + 0.4·ROC-AUC - 0.2·time
  [Evaluation] StratifiedKFold (5-fold), Primary metric: accuracy

Thực thi: Optuna (TPE)...
  [Warm-up] Đang chạy 3 trials để tính bounds...
  [Warm-up] Bounds computed: F1[0.6213, 0.6248], AUC[0.8420, 0.8440], Time[0.3007, 0.4050]

Thực thi: AMSCO...
  [Warm-up] Đang chạy 3 trials để tính bounds...
  [Warm-up] Bounds computed: F1[0.6164, 0.6336], AUC[0.8410, 0.8446], Time[0.2988, 0.4215]

============================================================
KẾT QUẢ CHO LOGISTIC_REGRESSION (Primary metric: accuracy)
============================================================

   Optimizer Accuracy     F1 ROC AUC Wall Time (s) CPU Time (s) Peak Mem (MB) RSS Mem (MB) Total Trials Iter→Best Conv. Ratio
Optuna (TPE)   0.7617 0.6315  0.8436         75.08       262.07          6.78       308.84           30        23      76.67%
       AMSCO   0.7609 0.6314  0.8435         26.85        92.53          6.56       308.84            9         3      33.33%

------------------------------------------------------------


########## SEED 9 ##########

=======================================================
ĐANG THỬ NGHIỆM TRÊN BỘ DỮ LIỆU: BREAST_CANCER (seed=9)
=======================================================
... Đang tải Breast Cancer (sklearn)

------------------------------------------------------------
Đang tối ưu mô hình: RANDOM_FOREST
------------------------------------------------------------
  [Multi-Objective] Sử dụng f(θ) = 0.4·F1 + 0.4·ROC-AUC - 0.2·time
  [Evaluation] StratifiedKFold (5-fold), Primary metric: accuracy

Thực thi: Optuna (TPE)...
  [Warm-up] Đang chạy 3 trials để tính bounds...
  [Warm-up] Bounds computed: F1[0.9646, 0.9705], AUC[0.9890, 0.9906], Time[0.9387, 2.1788]

Thực thi: AMSCO...
  [Warm-up] Đang chạy 3 trials để tính bounds...
  [Warm-up] Bounds computed: F1[0.9634, 0.9722], AUC[0.9884, 0.9930], Time[0.7235, 2.5709]

============================================================
KẾT QUẢ CHO RANDOM_FOREST (Primary metric: accuracy)
============================================================

   Optimizer Accuracy     F1 ROC AUC Wall Time (s) CPU Time (s) Peak Mem (MB) RSS Mem (MB) Total Trials Iter→Best Conv. Ratio
Optuna (TPE)   0.9649 0.9720  0.9916        246.18       263.51          1.44       308.84           30        29      96.67%
       AMSCO   0.9613 0.9692  0.9897        213.23       229.66          1.40       308.84           27        21      77.78%

------------------------------------------------------------


------------------------------------------------------------
Đang tối ưu mô hình: LOGISTIC_REGRESSION
------------------------------------------------------------
  [Multi-Objective] Sử dụng f(θ) = 0.4·F1 + 0.4·ROC-AUC - 0.2·time
  [Evaluation] StratifiedKFold (5-fold), Primary metric: accuracy

Thực thi: Optuna (TPE)...
  [Warm-up] Đang chạy 3 trials để tính bounds...
  [Warm-up] Bounds computed: F1[0.9677, 0.9749], AUC[0.9904, 0.9927], Time[0.0260, 0.0278]

Thực thi: AMSCO...
  [Warm-up] Đang chạy 3 trials để tính bounds...
  [Warm-up] Bounds computed: F1[0.9607, 0.9818], AUC[0.9881, 0.9962], Time[0.0254, 0.0287]

============================================================
KẾT QUẢ CHO LOGISTIC_REGRESSION (Primary metric: accuracy)
============================================================

   Optimizer Accuracy     F1 ROC AUC Wall Time (s) CPU Time (s) Peak Mem (MB) RSS Mem (MB) Total Trials Iter→Best Conv. Ratio
Optuna (TPE)   0.9789 0.9832  0.9956          8.70         8.70          0.96       308.84           30        22      73.33%
       AMSCO   0.9789 0.9832  0.9956          3.14         3.14          0.73       308.84            9         1      11.11%

------------------------------------------------------------


=======================================================
ĐANG THỬ NGHIỆM TRÊN BỘ DỮ LIỆU: TELCO (seed=9)
=======================================================
... Đang tải Telco Customer Churn

------------------------------------------------------------
Đang tối ưu mô hình: RANDOM_FOREST
------------------------------------------------------------
  [Multi-Objective] Sử dụng f(θ) = 0.4·F1 + 0.4·ROC-AUC - 0.2·time
  [Evaluation] StratifiedKFold (5-fold), Primary metric: accuracy

Thực thi: Optuna (TPE)...
  [Warm-up] Đang chạy 3 trials để tính bounds...
  [Warm-up] Bounds computed: F1[0.5000, 0.6031], AUC[0.6954, 0.8184], Time[1.7219, 2.6142]

Thực thi: AMSCO...
  [Warm-up] Đang chạy 3 trials để tính bounds...
  [Warm-up] Bounds computed: F1[0.4647, 0.6191], AUC[0.6135, 0.8308], Time[1.1461, 3.5160]

============================================================
KẾT QUẢ CHO RANDOM_FOREST (Primary metric: accuracy)
============================================================

   Optimizer Accuracy     F1 ROC AUC Wall Time (s) CPU Time (s) Peak Mem (MB) RSS Mem (MB) Total Trials Iter→Best Conv. Ratio
Optuna (TPE)   0.7396 0.6186  0.8289        339.81       406.77          8.65       308.84           30        23      76.67%
       AMSCO   0.7007 0.5931  0.8066        254.88       281.86          7.98       310.84           20        13      65.00%

------------------------------------------------------------


------------------------------------------------------------
Đang tối ưu mô hình: LOGISTIC_REGRESSION
------------------------------------------------------------
  [Multi-Objective] Sử dụng f(θ) = 0.4·F1 + 0.4·ROC-AUC - 0.2·time
  [Evaluation] StratifiedKFold (5-fold), Primary metric: accuracy

Thực thi: Optuna (TPE)...
  [Warm-up] Đang chạy 3 trials để tính bounds...
  [Warm-up] Bounds computed: F1[0.6175, 0.6273], AUC[0.8422, 0.8434], Time[0.3037, 0.4219]

Thực thi: AMSCO...
  [Warm-up] Đang chạy 3 trials để tính bounds...
  [Warm-up] Bounds computed: F1[0.6164, 0.6331], AUC[0.8410, 0.8446], Time[0.3002, 0.4242]

============================================================
KẾT QUẢ CHO LOGISTIC_REGRESSION (Primary metric: accuracy)
============================================================

   Optimizer Accuracy     F1 ROC AUC Wall Time (s) CPU Time (s) Peak Mem (MB) RSS Mem (MB) Total Trials Iter→Best Conv. Ratio
Optuna (TPE)   0.7721 0.6339  0.8453         75.96       267.87          6.76       312.48           30        23      76.67%
       AMSCO   0.7669 0.6343  0.8451         26.03        85.66          6.52       312.48            9         2      22.22%

------------------------------------------------------------


########## SEED 10 ##########

=======================================================
ĐANG THỬ NGHIỆM TRÊN BỘ DỮ LIỆU: BREAST_CANCER (seed=10)
=======================================================
... Đang tải Breast Cancer (sklearn)

------------------------------------------------------------
Đang tối ưu mô hình: RANDOM_FOREST
------------------------------------------------------------
  [Multi-Objective] Sử dụng f(θ) = 0.4·F1 + 0.4·ROC-AUC - 0.2·time
  [Evaluation] StratifiedKFold (5-fold), Primary metric: accuracy

Thực thi: Optuna (TPE)...
  [Warm-up] Đang chạy 3 trials để tính bounds...
  [Warm-up] Bounds computed: F1[0.9631, 0.9688], AUC[0.9894, 0.9902], Time[0.7768, 2.4929]

Thực thi: AMSCO...
  [Warm-up] Đang chạy 3 trials để tính bounds...
  [Warm-up] Bounds computed: F1[0.9597, 0.9722], AUC[0.9884, 0.9924], Time[0.6662, 2.5290]

============================================================
KẾT QUẢ CHO RANDOM_FOREST (Primary metric: accuracy)
============================================================

   Optimizer Accuracy     F1 ROC AUC Wall Time (s) CPU Time (s) Peak Mem (MB) RSS Mem (MB) Total Trials Iter→Best Conv. Ratio
Optuna (TPE)   0.9490 0.9596  0.9900        218.22       233.05          1.44       312.48           30        14      46.67%
       AMSCO   0.9508 0.9609  0.9901        111.74       120.14          1.40       312.48            9         1      11.11%

------------------------------------------------------------


------------------------------------------------------------
Đang tối ưu mô hình: LOGISTIC_REGRESSION
------------------------------------------------------------
  [Multi-Objective] Sử dụng f(θ) = 0.4·F1 + 0.4·ROC-AUC - 0.2·time
  [Evaluation] StratifiedKFold (5-fold), Primary metric: accuracy

Thực thi: Optuna (TPE)...
  [Warm-up] Đang chạy 3 trials để tính bounds...
  [Warm-up] Bounds computed: F1[0.9607, 0.9818], AUC[0.9879, 0.9954], Time[0.0261, 0.0285]

Thực thi: AMSCO...
  [Warm-up] Đang chạy 3 trials để tính bounds...
  [Warm-up] Bounds computed: F1[0.9607, 0.9818], AUC[0.9879, 0.9961], Time[0.0260, 0.0286]

============================================================
KẾT QUẢ CHO LOGISTIC_REGRESSION (Primary metric: accuracy)
============================================================

   Optimizer Accuracy     F1 ROC AUC Wall Time (s) CPU Time (s) Peak Mem (MB) RSS Mem (MB) Total Trials Iter→Best Conv. Ratio
Optuna (TPE)   0.9789 0.9832  0.9945          8.79         8.79          0.99       312.48           30        27      90.00%
       AMSCO   0.9737 0.9790  0.9936          3.09         3.09          0.80       312.48            9         4      44.44%

------------------------------------------------------------


=======================================================
ĐANG THỬ NGHIỆM TRÊN BỘ DỮ LIỆU: TELCO (seed=10)
=======================================================
... Đang tải Telco Customer Churn

------------------------------------------------------------
Đang tối ưu mô hình: RANDOM_FOREST
------------------------------------------------------------
  [Multi-Objective] Sử dụng f(θ) = 0.4·F1 + 0.4·ROC-AUC - 0.2·time
  [Evaluation] StratifiedKFold (5-fold), Primary metric: accuracy

Thực thi: Optuna (TPE)...
  [Warm-up] Đang chạy 3 trials để tính bounds...
  [Warm-up] Bounds computed: F1[0.5284, 0.5784], AUC[0.7273, 0.7927], Time[2.0415, 3.1119]

Thực thi: AMSCO...
  [Warm-up] Đang chạy 3 trials để tính bounds...
  [Warm-up] Bounds computed: F1[0.4647, 0.6186], AUC[0.6135, 0.8291], Time[1.1038, 3.4115]

============================================================
KẾT QUẢ CHO RANDOM_FOREST (Primary metric: accuracy)
============================================================

   Optimizer Accuracy     F1 ROC AUC Wall Time (s) CPU Time (s) Peak Mem (MB) RSS Mem (MB) Total Trials Iter→Best Conv. Ratio
Optuna (TPE)   0.7304 0.6097  0.8269        337.35       383.09          8.34       312.66           30        25      83.33%
       AMSCO   0.6901 0.5861  0.8083        158.48       177.12          7.87       313.73            9         4      44.44%

------------------------------------------------------------


------------------------------------------------------------
Đang tối ưu mô hình: LOGISTIC_REGRESSION
------------------------------------------------------------
  [Multi-Objective] Sử dụng f(θ) = 0.4·F1 + 0.4·ROC-AUC - 0.2·time
  [Evaluation] StratifiedKFold (5-fold), Primary metric: accuracy

Thực thi: Optuna (TPE)...
  [Warm-up] Đang chạy 3 trials để tính bounds...
  [Warm-up] Bounds computed: F1[0.6198, 0.6269], AUC[0.8427, 0.8439], Time[0.3044, 0.4137]

Thực thi: AMSCO...
  [Warm-up] Đang chạy 3 trials để tính bounds...
  [Warm-up] Bounds computed: F1[0.6164, 0.6331], AUC[0.8410, 0.8446], Time[0.2976, 0.4205]

============================================================
KẾT QUẢ CHO LOGISTIC_REGRESSION (Primary metric: accuracy)
============================================================

   Optimizer Accuracy     F1 ROC AUC Wall Time (s) CPU Time (s) Peak Mem (MB) RSS Mem (MB) Total Trials Iter→Best Conv. Ratio
Optuna (TPE)   0.7683 0.6341  0.8442         74.74       264.09          6.79       315.30           30        27      90.00%
       AMSCO   0.7734 0.6318  0.8442         28.20       104.24          6.57       316.02            9         5      55.56%

------------------------------------------------------------



============================================================
                    KẾT QUẢ THỬ NGHIỆM TỔNG QUÁT                    
============================================================

[INFO] Đã lưu Hình 4.2: figure_4_2_boxplot_time.png

KẾT QUẢ LẶP THEO SEED - OPTUNA (TPE):
 Seed       Dataset               Model Primary Score F1-score ROC AUC Exec Time (s)
    1 breast_cancer logistic_regression        1.6088   0.9817  0.9958          8.60
    2 breast_cancer logistic_regression        0.8968   0.9819  0.9961          8.76
    3 breast_cancer logistic_regression        0.8398   0.9804  0.9947          8.66
    4 breast_cancer logistic_regression        0.8494   0.9832  0.9962          8.62
    5 breast_cancer logistic_regression        0.9923   0.9847  0.9950          8.69
    6 breast_cancer logistic_regression        1.2100   0.9831  0.9948          8.89
    7 breast_cancer logistic_regression        0.8774   0.9776  0.9942          8.74
    8 breast_cancer logistic_regression        0.8797   0.9802  0.9941          8.63
    9 breast_cancer logistic_regression        1.7131   0.9832  0.9956          8.70
   10 breast_cancer logistic_regression        0.7795   0.9832  0.9945          8.79
    1 breast_cancer       random_forest        1.7606   0.9649  0.9921        249.99
    2 breast_cancer       random_forest        1.2718   0.9656  0.9894        245.09
    3 breast_cancer       random_forest        0.9021   0.9706  0.9913        225.40
    4 breast_cancer       random_forest        1.0599   0.9677  0.9907        260.36
    5 breast_cancer       random_forest        4.2346   0.9595  0.9910        234.49
    6 breast_cancer       random_forest        0.9599   0.9691  0.9896        263.43
    7 breast_cancer       random_forest        1.0027   0.9677  0.9914        249.03
    8 breast_cancer       random_forest        3.0231   0.9651  0.9886        214.75
    9 breast_cancer       random_forest        1.4143   0.9720  0.9916        246.18
   10 breast_cancer       random_forest        1.9468   0.9596  0.9900        218.22
    1         telco logistic_regression        1.8173   0.6314  0.8435         73.89
    2         telco logistic_regression        1.7699   0.6329  0.8437         74.97
    3         telco logistic_regression        0.8590   0.6331  0.8449         74.93
    4         telco logistic_regression        1.1382   0.6331  0.8445         75.69
    5         telco logistic_regression        0.9403   0.6353  0.8453         76.67
    6         telco logistic_regression        0.7549   0.6343  0.8440         79.98
    7         telco logistic_regression        0.9900   0.6353  0.8446         78.85
    8         telco logistic_regression        1.7542   0.6315  0.8436         75.08
    9         telco logistic_regression        1.3219   0.6339  0.8453         75.96
   10         telco logistic_regression        1.2361   0.6341  0.8442         74.74
    1         telco       random_forest        0.7229   0.5819  0.8013        335.50
    2         telco       random_forest        0.7123   0.6133  0.8255        330.31
    3         telco       random_forest        0.9088   0.6147  0.8259        334.11
    4         telco       random_forest        1.6876   0.6212  0.8303        330.51
    5         telco       random_forest        1.9158   0.6146  0.8290        335.27
    6         telco       random_forest       11.2987   0.6160  0.8287        376.52
    7         telco       random_forest        0.8809   0.5854  0.8018        329.26
    8         telco       random_forest        1.0915   0.6129  0.8260        333.88
    9         telco       random_forest        1.0245   0.6186  0.8289        339.81
   10         telco       random_forest        1.4704   0.6097  0.8269        337.35

Thống kê mô tả (OPTUNA (TPE)):
       Metric   Mean    Std  n
Primary Score 1.5629 1.7138 40
     F1-score 0.7976 0.1791 40
      ROC AUC 0.9131 0.0813 40
Exec Time (s) 165.93 132.54 40

KẾT QUẢ LẶP THEO SEED - AMSCO:
 Seed       Dataset               Model Primary Score F1-score ROC AUC Exec Time (s)
    1 breast_cancer logistic_regression        0.7166   0.9817  0.9957          2.99
    2 breast_cancer logistic_regression        0.7531   0.9819  0.9958          4.91
    3 breast_cancer logistic_regression        0.7556   0.9846  0.9953          3.10
    4 breast_cancer logistic_regression        0.7114   0.9860  0.9963          3.05
    5 breast_cancer logistic_regression        0.7220   0.9833  0.9948          3.07
    6 breast_cancer logistic_regression        0.7379   0.9845  0.9953          3.12
    7 breast_cancer logistic_regression        0.7358   0.9776  0.9943          3.09
    8 breast_cancer logistic_regression        0.7123   0.9789  0.9946          3.05
    9 breast_cancer logistic_regression        0.6756   0.9832  0.9956          3.14
   10 breast_cancer logistic_regression        0.7706   0.9790  0.9936          3.09
    1 breast_cancer       random_forest        0.5351   0.9663  0.9923         88.44
    2 breast_cancer       random_forest        0.5537   0.9627  0.9889        202.29
    3 breast_cancer       random_forest        0.6436   0.9647  0.9897        156.09
    4 breast_cancer       random_forest        0.8081   0.9634  0.9906        156.55
    5 breast_cancer       random_forest        0.6056   0.9624  0.9916        133.12
    6 breast_cancer       random_forest        0.5420   0.9648  0.9908        225.87
    7 breast_cancer       random_forest        0.4153   0.9665  0.9900        120.94
    8 breast_cancer       random_forest        0.4427   0.9621  0.9882         85.32
    9 breast_cancer       random_forest        0.6048   0.9692  0.9897        213.23
   10 breast_cancer       random_forest        0.5819   0.9609  0.9901        111.74
    1         telco logistic_regression        0.6634   0.6337  0.8435         27.24
    2         telco logistic_regression        0.6808   0.6346  0.8437         32.83
    3         telco logistic_regression        0.6667   0.6316  0.8447         40.12
    4         telco logistic_regression        0.6843   0.6333  0.8445         27.78
    5         telco logistic_regression        0.6521   0.6319  0.8450         29.72
    6         telco logistic_regression        0.7030   0.6341  0.8440         27.08
    7         telco logistic_regression        0.7334   0.6342  0.8443         27.51
    8         telco logistic_regression        0.6209   0.6314  0.8435         26.85
    9         telco logistic_regression        0.6739   0.6343  0.8451         26.03
   10         telco logistic_regression        0.6473   0.6318  0.8442         28.20
    1         telco       random_forest        0.8458   0.6123  0.8265        279.06
    2         telco       random_forest        0.6718   0.5924  0.8093        228.45
    3         telco       random_forest        0.7961   0.6194  0.8299        241.29
    4         telco       random_forest        0.6069   0.5927  0.8081        158.12
    5         telco       random_forest        0.6967   0.5960  0.8116        227.24
    6         telco       random_forest        0.7818   0.6187  0.8307        273.06
    7         telco       random_forest        0.8630   0.6128  0.8275        307.67
    8         telco       random_forest        0.7168   0.5948  0.8087        265.19
    9         telco       random_forest        0.6648   0.5931  0.8066        254.88
   10         telco       random_forest        0.6819   0.5861  0.8083        158.48

Thống kê mô tả (AMSCO):
       Metric   Mean    Std  n
Primary Score 0.6769 0.0951 40
     F1-score 0.7953 0.1807 40
      ROC AUC 0.9116 0.0829 40
Exec Time (s) 105.32 102.02 40

KIỂM ĐỊNH THỐNG KÊ GIỮA OPTUNA (TPE) VÀ AMSCO:
       Metric           Test Statistic p-value #Pairs
     F1-score  Paired t-test    1.2991  0.2015     40
      ROC AUC  Paired t-test    1.0386  0.3054     40
Exec Time (s) Mann-Whitney U 1039.0000  0.0217  40/40

BẢNG TÓM TẮT (Dataset, Method, Mean Accuracy, Std Dev, Mean Time (s), Convergence Speed):
------------------------------------------------------------
      Dataset       Method Mean Accuracy Std Dev Mean Time (s) Convergence Speed
breast_cancer        AMSCO        0.9664  0.0119         76.31          0.012664
breast_cancer Optuna (TPE)        0.9674  0.0110        124.70          0.007758
        telco        AMSCO        0.7413  0.0293        134.34          0.005518
        telco Optuna (TPE)        0.7475  0.0255        207.16          0.003608


BẢNG HIỆU NĂNG TỐI ƯU HÓA (Time / Iterations / Resource):
----------------------------------------------------------------------
      Dataset       Method Mean Wall Time (s) Mean CPU Time (s) Mean Peak Mem (MB) Mean Total Trials Mean Iter→Best Mean Conv. Ratio
breast_cancer        AMSCO              76.31             81.72               1.06              12.8            5.5           37.70%
breast_cancer Optuna (TPE)             124.70            133.03               1.25              30.0           21.1           70.17%
        telco        AMSCO             134.34            188.58               7.31              14.3            8.3           50.64%
        telco Optuna (TPE)             207.16            329.94               7.60              30.0           23.7           79.00%



================================================================================
BẢNG 4.3: So sánh Bias và Variance trung bình trên 4 datasets
================================================================================
     Phương pháp Est. Acc. True Test Acc. Avg Bias Avg Std Dev   Min-Max Std
Hold-out (70/30)    0.8585         0.8634  -0.0050    ± 0.1601 0.1132-0.1132
 Standard 5-Fold    0.8556         0.8634  -0.0078    ± 0.1573 0.1112-0.1112
 Nested CV (5x3)    0.8634         0.8634  +0.0000    ± 0.1447 0.1023-0.1023


==========================================================================================
BẢNG 4.4: Chi tiết Bias và Variance theo từng Dataset (Độ lệch giữa CV và Test)
==========================================================================================
      Dataset          Method Est. Acc. True Test Acc.    Bias  Std Dev
Breast Cancer Standard 5-Fold    0.9669         0.9658 +0.0011 ± 0.0113
Breast Cancer       Nested CV    0.9658         0.9658 +0.0000 ± 0.0012
        Telco Standard 5-Fold    0.7444         0.7611 -0.0167 ± 0.0273
        Telco       Nested CV    0.7611         0.7611 +0.0000 ± 0.0077

Nhận xét nhanh:
- Bias Dương (+): Phương pháp đánh giá đang 'lạc quan' quá mức (Overestimation).
- Bias gần 0: Phương pháp đánh giá trung thực, sát thực tế.


================================================================================
BẢNG 4.5: Tốc độ Hội tụ và Thời gian Thực thi (5 outer folds)
================================================================================
      Dataset Method Time (s) Trials to Best Speedup F1-Score AUC-ROC P-value
Breast Cancer Optuna      124             21       -   0.9741  0.9928       -
Breast Cancer  AMSCO       76              5   1.63x   0.9732  0.9927   0.009
        Telco Optuna      207             23       -   0.6212  0.8334       -
        Telco  AMSCO      134              8   1.54x   0.6175  0.8305   0.007

Ghi chú: Speedup = Thời gian Optuna / Thời gian AMSCO.
'Trials to Best' = Số trial để đạt được best score.
P-value được tính bằng Mann-Whitney U test (cần nhiều seeds để có ý nghĩa thống kê).


================================================================================
BẢNG 4.6: Điểm Hàm Mục tiêu Toàn diện
================================================================================
      Dataset Method       F1-Score        AUC-ROC         Time  f(θ)  Rank
Breast Cancer Optuna 0.9741 (1.000) 0.9928 (1.000) 124s (1.000) 0.600  2 ()
Breast Cancer  AMSCO 0.9732 (0.999) 0.9927 (1.000)  76s (0.612) 0.677 1 (⋆)
        Telco Optuna 0.6212 (1.000) 0.8334 (1.000) 207s (1.000) 0.600  2 ()
        Telco  AMSCO 0.6175 (0.994) 0.8305 (0.997) 134s (0.648) 0.667 1 (⋆)

Ghi chú: f(θ) = 0.4·F1 + 0.4·AUC-ROC - 0.2·Time (chuẩn hóa). ⋆ = Phương pháp tốt nhất.


================================================================================
BẢNG 4.7: So sánh Variance của F1-Score qua 5 Outer Folds
================================================================================
      Dataset Optuna Var AMSCO Var Reduction Levene p-value
Breast Cancer   0.000075  0.000090   ✗ 18.9%          0.288
        Telco   0.000250  0.000332   ✗ 32.8%          0.366

Ghi chú: Improvement = (Optuna Var - AMSCO Var) / Optuna Var × 100%
Levene's test kiểm định sự khác biệt phương sai giữa hai nhóm (Optuna vs AMSCO).
P-value cao khi có ít seeds (cần >= 5 seeds để có ý nghĩa thống kê).

BẢNG SO SÁNH CV (Method, Without CV, With K-Fold (k=5), With Nested CV, Improvement (%)):
------------------------------------------------------------
      Method Without CV With K-Fold (k=5) With Nested CV Improvement (%)
       AMSCO     0.8575            0.8538              -           -0.43
Optuna (TPE)     0.8595            0.8575              -           -0.23


[WARN] Không thể tạo bảng đánh giá theo định dạng yêu cầu: 'accuracy'
BẢNG SO SÁNH THỐNG KÊ (TÀI NGUYÊN TỐI ƯU HÓA – AMSCO vs BASELINES):
--------------------------------------------------------------------------------
           Metric            Comparison Mean AMSCO Mean Baseline Δ (Baseline-AMSCO) U-statistic p-value Significant (α=0.05) Cohen's d Effect Size    Preferred  Sample Size
    Wall Time (s) AMSCO vs Optuna (TPE)    105.324       165.932             60.608     561.000  0.0217                  Yes    -1.229  Very Large        AMSCO           40
     CPU Time (s) AMSCO vs Optuna (TPE)    135.151       231.487             96.336     428.000  0.0004                  Yes    -1.326  Very Large        AMSCO           40
     Total Trials AMSCO vs Optuna (TPE)     13.575        30.000             16.425       0.000  0.0000                  Yes    -2.771  Very Large        AMSCO           40
        Iter→Best AMSCO vs Optuna (TPE)      6.900        22.375             15.475      57.500  0.0000                  Yes    -2.223  Very Large        AMSCO           40
Convergence Ratio AMSCO vs Optuna (TPE)      0.442         0.746              0.304     235.500  0.0000                  Yes    -1.245  Very Large        AMSCO           40
 Peak Memory (MB) AMSCO vs Optuna (TPE)      4.184         4.424              0.240     626.000  0.0950                   No    -1.065       Large        AMSCO           40
  RSS Memory (MB) AMSCO vs Optuna (TPE)    295.097       294.135             -0.963     818.500  0.8621                   No     0.296       Small Optuna (TPE)           40



BẢNG TỔNG HỢP THEO OPTIMIZER (HÀNG = METRIC):
------------------------------------------------------------
               Metric  AMSCO Optuna (TPE) Hyperopt (TPE) Random Search
      Accuracy (CV=5) 0.8538       0.8575            nan           nan
     Precision (CV=5) 0.7427       0.7463            nan           nan
        Recall (CV=5) 0.8782       0.8762            nan           nan
 F1-score (CV metric) 0.7953       0.7976            nan           nan
  AUC-ROC (CV metric) 0.9116       0.9131            nan           nan
  Balanced Acc (CV=5) 0.8592       0.8608            nan           nan
Optimization Time (s) 105.32       165.93            nan           nan


[INFO] Đã lưu optuna_seed_results.csv
[INFO] Đã lưu convergence_history.csv
