nohup: ignoring input
[INFO] Bắt đầu chạy lúc: 2025-11-19 07:29:54

########## SEED 1 ##########

=======================================================
ĐANG THỬ NGHIỆM TRÊN BỘ DỮ LIỆU: BREAST_CANCER (seed=1)
=======================================================
... Đang tải Breast Cancer (sklearn)

------------------------------------------------------------
Đang tối ưu mô hình: LOGISTIC_REGRESSION
------------------------------------------------------------
  [Evaluation] StratifiedKFold (5-fold), Primary metric: accuracy

Thực thi: Optuna (TPE)...

Thực thi: AMSCO...

============================================================
KẾT QUẢ CHO LOGISTIC_REGRESSION (Primary metric: accuracy)
============================================================

   Optimizer Accuracy     F1 ROC AUC Wall Time (s) CPU Time (s) Peak Mem (MB) RSS Mem (MB) Total Trials Iter→Best Conv. Ratio
Optuna (TPE)   0.9824 0.9861  0.9952          5.27         5.27          1.37       223.96           21         1       4.76%
       AMSCO   0.9842 0.9875  0.9957          4.19         4.19          0.77       224.84           17         6      35.29%

------------------------------------------------------------


------------------------------------------------------------
Đang tối ưu mô hình: RANDOM_FOREST
------------------------------------------------------------
  [Evaluation] StratifiedKFold (5-fold), Primary metric: accuracy

Thực thi: Optuna (TPE)...

Thực thi: AMSCO...

============================================================
KẾT QUẢ CHO RANDOM_FOREST (Primary metric: accuracy)
============================================================

   Optimizer Accuracy     F1 ROC AUC Wall Time (s) CPU Time (s) Peak Mem (MB) RSS Mem (MB) Total Trials Iter→Best Conv. Ratio
Optuna (TPE)   0.9613 0.9693  0.9915        232.34       250.16          1.48       229.81           30        10      33.33%
       AMSCO   0.9543 0.9638  0.9883        206.82       224.33          1.50       231.21           24        11      45.83%

------------------------------------------------------------


########## SEED 2 ##########

=======================================================
ĐANG THỬ NGHIỆM TRÊN BỘ DỮ LIỆU: BREAST_CANCER (seed=2)
=======================================================
... Đang tải Breast Cancer (sklearn)

------------------------------------------------------------
Đang tối ưu mô hình: LOGISTIC_REGRESSION
------------------------------------------------------------
  [Evaluation] StratifiedKFold (5-fold), Primary metric: accuracy

Thực thi: Optuna (TPE)...

Thực thi: AMSCO...

============================================================
KẾT QUẢ CHO LOGISTIC_REGRESSION (Primary metric: accuracy)
============================================================

   Optimizer Accuracy     F1 ROC AUC Wall Time (s) CPU Time (s) Peak Mem (MB) RSS Mem (MB) Total Trials Iter→Best Conv. Ratio
Optuna (TPE)   0.9789 0.9835  0.9958          5.21         5.21          1.00       231.45           21         1       4.76%
       AMSCO   0.9807 0.9849  0.9960          3.21         3.21          0.74       231.45           13         4      30.77%

------------------------------------------------------------


------------------------------------------------------------
Đang tối ưu mô hình: RANDOM_FOREST
------------------------------------------------------------
  [Evaluation] StratifiedKFold (5-fold), Primary metric: accuracy

Thực thi: Optuna (TPE)...

Thực thi: AMSCO...

============================================================
KẾT QUẢ CHO RANDOM_FOREST (Primary metric: accuracy)
============================================================

   Optimizer Accuracy     F1 ROC AUC Wall Time (s) CPU Time (s) Peak Mem (MB) RSS Mem (MB) Total Trials Iter→Best Conv. Ratio
Optuna (TPE)   0.9543 0.9641  0.9911        235.29       253.76          1.58       232.29           30        10      33.33%
       AMSCO   0.9491 0.9603  0.9926        106.47       114.75          1.31       233.39           14         4      28.57%

------------------------------------------------------------


########## SEED 3 ##########

=======================================================
ĐANG THỬ NGHIỆM TRÊN BỘ DỮ LIỆU: BREAST_CANCER (seed=3)
=======================================================
... Đang tải Breast Cancer (sklearn)

------------------------------------------------------------
Đang tối ưu mô hình: LOGISTIC_REGRESSION
------------------------------------------------------------
  [Evaluation] StratifiedKFold (5-fold), Primary metric: accuracy

Thực thi: Optuna (TPE)...

Thực thi: AMSCO...

============================================================
KẾT QUẢ CHO LOGISTIC_REGRESSION (Primary metric: accuracy)
============================================================

   Optimizer Accuracy     F1 ROC AUC Wall Time (s) CPU Time (s) Peak Mem (MB) RSS Mem (MB) Total Trials Iter→Best Conv. Ratio
Optuna (TPE)   0.9789 0.9834  0.9948          5.19         5.19          0.83       233.62           21         1       4.76%
       AMSCO   0.9824 0.9861  0.9955          3.15         3.15          0.74       233.75           13         5      38.46%

------------------------------------------------------------


------------------------------------------------------------
Đang tối ưu mô hình: RANDOM_FOREST
------------------------------------------------------------
  [Evaluation] StratifiedKFold (5-fold), Primary metric: accuracy

Thực thi: Optuna (TPE)...

Thực thi: AMSCO...

============================================================
KẾT QUẢ CHO RANDOM_FOREST (Primary metric: accuracy)
============================================================

   Optimizer Accuracy     F1 ROC AUC Wall Time (s) CPU Time (s) Peak Mem (MB) RSS Mem (MB) Total Trials Iter→Best Conv. Ratio
Optuna (TPE)   0.9579 0.9666  0.9890        235.01       253.48          1.53       234.42           30        10      33.33%
       AMSCO   0.9561 0.9651  0.9884         78.54        84.41          1.31       234.53           14         1       7.14%

------------------------------------------------------------


########## SEED 4 ##########

=======================================================
ĐANG THỬ NGHIỆM TRÊN BỘ DỮ LIỆU: BREAST_CANCER (seed=4)
=======================================================
... Đang tải Breast Cancer (sklearn)

------------------------------------------------------------
Đang tối ưu mô hình: LOGISTIC_REGRESSION
------------------------------------------------------------
  [Evaluation] StratifiedKFold (5-fold), Primary metric: accuracy

Thực thi: Optuna (TPE)...

Thực thi: AMSCO...

============================================================
KẾT QUẢ CHO LOGISTIC_REGRESSION (Primary metric: accuracy)
============================================================

   Optimizer Accuracy     F1 ROC AUC Wall Time (s) CPU Time (s) Peak Mem (MB) RSS Mem (MB) Total Trials Iter→Best Conv. Ratio
Optuna (TPE)   0.9824 0.9861  0.9959          5.39         5.39          0.77       234.64           21         1       4.76%
       AMSCO   0.9824 0.9861  0.9963          3.47         3.47          0.72       234.75           14         2      14.29%

------------------------------------------------------------


------------------------------------------------------------
Đang tối ưu mô hình: RANDOM_FOREST
------------------------------------------------------------
  [Evaluation] StratifiedKFold (5-fold), Primary metric: accuracy

Thực thi: Optuna (TPE)...

Thực thi: AMSCO...

============================================================
KẾT QUẢ CHO RANDOM_FOREST (Primary metric: accuracy)
============================================================

   Optimizer Accuracy     F1 ROC AUC Wall Time (s) CPU Time (s) Peak Mem (MB) RSS Mem (MB) Total Trials Iter→Best Conv. Ratio
Optuna (TPE)   0.9614 0.9692  0.9913        240.82       260.11          1.46       235.57           30        10      33.33%
       AMSCO   0.9544 0.9638  0.9904         79.78        85.64          1.26       235.99           14         5      35.71%

------------------------------------------------------------


########## SEED 5 ##########

=======================================================
ĐANG THỬ NGHIỆM TRÊN BỘ DỮ LIỆU: BREAST_CANCER (seed=5)
=======================================================
... Đang tải Breast Cancer (sklearn)

------------------------------------------------------------
Đang tối ưu mô hình: LOGISTIC_REGRESSION
------------------------------------------------------------
  [Evaluation] StratifiedKFold (5-fold), Primary metric: accuracy

Thực thi: Optuna (TPE)...

Thực thi: AMSCO...

============================================================
KẾT QUẢ CHO LOGISTIC_REGRESSION (Primary metric: accuracy)
============================================================

   Optimizer Accuracy     F1 ROC AUC Wall Time (s) CPU Time (s) Peak Mem (MB) RSS Mem (MB) Total Trials Iter→Best Conv. Ratio
Optuna (TPE)   0.9824 0.9862  0.9949          5.41         5.41          0.93       236.09           21         1       4.76%
       AMSCO   0.9807 0.9848  0.9952          7.78         7.78          0.84       236.21           31        17      54.84%

------------------------------------------------------------


------------------------------------------------------------
Đang tối ưu mô hình: RANDOM_FOREST
------------------------------------------------------------
  [Evaluation] StratifiedKFold (5-fold), Primary metric: accuracy

Thực thi: Optuna (TPE)...

Thực thi: AMSCO...

============================================================
KẾT QUẢ CHO RANDOM_FOREST (Primary metric: accuracy)
============================================================

   Optimizer Accuracy     F1 ROC AUC Wall Time (s) CPU Time (s) Peak Mem (MB) RSS Mem (MB) Total Trials Iter→Best Conv. Ratio
Optuna (TPE)   0.9631 0.9710  0.9899        240.21       259.22          1.40       236.60           30        10      33.33%
       AMSCO   0.9596 0.9684  0.9896        185.52       200.68          1.40       236.97           21         8      38.10%

------------------------------------------------------------


########## SEED 6 ##########

=======================================================
ĐANG THỬ NGHIỆM TRÊN BỘ DỮ LIỆU: BREAST_CANCER (seed=6)
=======================================================
... Đang tải Breast Cancer (sklearn)

------------------------------------------------------------
Đang tối ưu mô hình: LOGISTIC_REGRESSION
------------------------------------------------------------
  [Evaluation] StratifiedKFold (5-fold), Primary metric: accuracy

Thực thi: Optuna (TPE)...

Thực thi: AMSCO...

============================================================
KẾT QUẢ CHO LOGISTIC_REGRESSION (Primary metric: accuracy)
============================================================

   Optimizer Accuracy     F1 ROC AUC Wall Time (s) CPU Time (s) Peak Mem (MB) RSS Mem (MB) Total Trials Iter→Best Conv. Ratio
Optuna (TPE)   0.9807 0.9847  0.9950          5.34         5.34          0.99       236.97           21         1       4.76%
       AMSCO   0.9807 0.9845  0.9953          4.71         4.71          0.84       237.18           19         8      42.11%

------------------------------------------------------------


------------------------------------------------------------
Đang tối ưu mô hình: RANDOM_FOREST
------------------------------------------------------------
  [Evaluation] StratifiedKFold (5-fold), Primary metric: accuracy

Thực thi: Optuna (TPE)...

Thực thi: AMSCO...

============================================================
KẾT QUẢ CHO RANDOM_FOREST (Primary metric: accuracy)
============================================================

   Optimizer Accuracy     F1 ROC AUC Wall Time (s) CPU Time (s) Peak Mem (MB) RSS Mem (MB) Total Trials Iter→Best Conv. Ratio
Optuna (TPE)   0.9631 0.9707  0.9894        240.12       259.11          1.51       237.69           30        10      33.33%
       AMSCO   0.9666 0.9734  0.9916        147.07       158.81          1.36       238.20           19         8      42.11%

------------------------------------------------------------


########## SEED 7 ##########

=======================================================
ĐANG THỬ NGHIỆM TRÊN BỘ DỮ LIỆU: BREAST_CANCER (seed=7)
=======================================================
... Đang tải Breast Cancer (sklearn)

------------------------------------------------------------
Đang tối ưu mô hình: LOGISTIC_REGRESSION
------------------------------------------------------------
  [Evaluation] StratifiedKFold (5-fold), Primary metric: accuracy

Thực thi: Optuna (TPE)...

Thực thi: AMSCO...

============================================================
KẾT QUẢ CHO LOGISTIC_REGRESSION (Primary metric: accuracy)
============================================================

   Optimizer Accuracy     F1 ROC AUC Wall Time (s) CPU Time (s) Peak Mem (MB) RSS Mem (MB) Total Trials Iter→Best Conv. Ratio
Optuna (TPE)   0.9825 0.9862  0.9943          5.35         5.35          0.88       238.44           21         1       4.76%
       AMSCO   0.9825 0.9862  0.9940          3.47         3.47          0.74       238.44           14         3      21.43%

------------------------------------------------------------


------------------------------------------------------------
Đang tối ưu mô hình: RANDOM_FOREST
------------------------------------------------------------
  [Evaluation] StratifiedKFold (5-fold), Primary metric: accuracy

Thực thi: Optuna (TPE)...

Thực thi: AMSCO...

============================================================
KẾT QUẢ CHO RANDOM_FOREST (Primary metric: accuracy)
============================================================

   Optimizer Accuracy     F1 ROC AUC Wall Time (s) CPU Time (s) Peak Mem (MB) RSS Mem (MB) Total Trials Iter→Best Conv. Ratio
Optuna (TPE)   0.9631 0.9708  0.9891        241.68       261.31          1.60       238.80           30        10      33.33%
       AMSCO   0.9614 0.9694  0.9899        213.52       231.61          1.40       239.48           33        20      60.61%

------------------------------------------------------------


########## SEED 8 ##########

=======================================================
ĐANG THỬ NGHIỆM TRÊN BỘ DỮ LIỆU: BREAST_CANCER (seed=8)
=======================================================
... Đang tải Breast Cancer (sklearn)

------------------------------------------------------------
Đang tối ưu mô hình: LOGISTIC_REGRESSION
------------------------------------------------------------
  [Evaluation] StratifiedKFold (5-fold), Primary metric: accuracy

Thực thi: Optuna (TPE)...

Thực thi: AMSCO...

============================================================
KẾT QUẢ CHO LOGISTIC_REGRESSION (Primary metric: accuracy)
============================================================

   Optimizer Accuracy     F1 ROC AUC Wall Time (s) CPU Time (s) Peak Mem (MB) RSS Mem (MB) Total Trials Iter→Best Conv. Ratio
Optuna (TPE)   0.9789 0.9833  0.9945          5.25         5.25          0.85       239.58           21         1       4.76%
       AMSCO   0.9771 0.9820  0.9947          3.39         3.39          0.78       239.82           14         5      35.71%

------------------------------------------------------------


------------------------------------------------------------
Đang tối ưu mô hình: RANDOM_FOREST
------------------------------------------------------------
  [Evaluation] StratifiedKFold (5-fold), Primary metric: accuracy

Thực thi: Optuna (TPE)...

Thực thi: AMSCO...

============================================================
KẾT QUẢ CHO RANDOM_FOREST (Primary metric: accuracy)
============================================================

   Optimizer Accuracy     F1 ROC AUC Wall Time (s) CPU Time (s) Peak Mem (MB) RSS Mem (MB) Total Trials Iter→Best Conv. Ratio
Optuna (TPE)   0.9560 0.9652  0.9893        240.95       260.46          1.69       240.37           30        10      33.33%
       AMSCO   0.9542 0.9636  0.9877        219.99       237.89          1.36       240.78           36        22      61.11%

------------------------------------------------------------


########## SEED 9 ##########

=======================================================
ĐANG THỬ NGHIỆM TRÊN BỘ DỮ LIỆU: BREAST_CANCER (seed=9)
=======================================================
... Đang tải Breast Cancer (sklearn)

------------------------------------------------------------
Đang tối ưu mô hình: LOGISTIC_REGRESSION
------------------------------------------------------------
  [Evaluation] StratifiedKFold (5-fold), Primary metric: accuracy

Thực thi: Optuna (TPE)...

Thực thi: AMSCO...

============================================================
KẾT QUẢ CHO LOGISTIC_REGRESSION (Primary metric: accuracy)
============================================================

   Optimizer Accuracy     F1 ROC AUC Wall Time (s) CPU Time (s) Peak Mem (MB) RSS Mem (MB) Total Trials Iter→Best Conv. Ratio
Optuna (TPE)   0.9807 0.9847  0.9953          5.36         5.36          0.91       240.78           21         1       4.76%
       AMSCO   0.9842 0.9874  0.9957          2.95         2.95          0.75       240.78           12         3      25.00%

------------------------------------------------------------


------------------------------------------------------------
Đang tối ưu mô hình: RANDOM_FOREST
------------------------------------------------------------
  [Evaluation] StratifiedKFold (5-fold), Primary metric: accuracy

Thực thi: Optuna (TPE)...

Thực thi: AMSCO...

============================================================
KẾT QUẢ CHO RANDOM_FOREST (Primary metric: accuracy)
============================================================

   Optimizer Accuracy     F1 ROC AUC Wall Time (s) CPU Time (s) Peak Mem (MB) RSS Mem (MB) Total Trials Iter→Best Conv. Ratio
Optuna (TPE)   0.9701 0.9763  0.9929        239.29       258.42          1.44       241.13           30        10      33.33%
       AMSCO   0.9649 0.9721  0.9900        108.75       117.97          1.41       241.76           16         1       6.25%

------------------------------------------------------------


########## SEED 10 ##########

=======================================================
ĐANG THỬ NGHIỆM TRÊN BỘ DỮ LIỆU: BREAST_CANCER (seed=10)
=======================================================
... Đang tải Breast Cancer (sklearn)

------------------------------------------------------------
Đang tối ưu mô hình: LOGISTIC_REGRESSION
------------------------------------------------------------
  [Evaluation] StratifiedKFold (5-fold), Primary metric: accuracy

Thực thi: Optuna (TPE)...

Thực thi: AMSCO...

============================================================
KẾT QUẢ CHO LOGISTIC_REGRESSION (Primary metric: accuracy)
============================================================

   Optimizer Accuracy     F1 ROC AUC Wall Time (s) CPU Time (s) Peak Mem (MB) RSS Mem (MB) Total Trials Iter→Best Conv. Ratio
Optuna (TPE)   0.9824 0.9861  0.9945          5.31         5.31          0.96       241.76           21         1       4.76%
       AMSCO   0.9859 0.9889  0.9949          2.96         2.96          0.90       241.76           12         1       8.33%

------------------------------------------------------------


------------------------------------------------------------
Đang tối ưu mô hình: RANDOM_FOREST
------------------------------------------------------------
  [Evaluation] StratifiedKFold (5-fold), Primary metric: accuracy

Thực thi: Optuna (TPE)...

Thực thi: AMSCO...

============================================================
KẾT QUẢ CHO RANDOM_FOREST (Primary metric: accuracy)
============================================================

   Optimizer Accuracy     F1 ROC AUC Wall Time (s) CPU Time (s) Peak Mem (MB) RSS Mem (MB) Total Trials Iter→Best Conv. Ratio
Optuna (TPE)   0.9543 0.9641  0.9906        239.25       258.35          1.46       242.30           30        10      33.33%
       AMSCO   0.9561 0.9654  0.9912        127.36       137.93          1.47       242.80           14         3      21.43%

------------------------------------------------------------



============================================================
                    KẾT QUẢ THỬ NGHIỆM TỔNG QUÁT                    
============================================================


KẾT QUẢ LẶP THEO SEED - OPTUNA (TPE):
 Seed       Dataset               Model Primary Score F1-score ROC AUC Exec Time (s)
    1 breast_cancer logistic_regression        0.9789   0.9861  0.9952          5.27
    2 breast_cancer logistic_regression        0.9789   0.9835  0.9958          5.21
    3 breast_cancer logistic_regression        0.9789   0.9834  0.9948          5.19
    4 breast_cancer logistic_regression        0.9789   0.9861  0.9959          5.39
    5 breast_cancer logistic_regression        0.9789   0.9862  0.9949          5.41
    6 breast_cancer logistic_regression        0.9789   0.9847  0.9950          5.34
    7 breast_cancer logistic_regression        0.9789   0.9862  0.9943          5.35
    8 breast_cancer logistic_regression        0.9789   0.9833  0.9945          5.25
    9 breast_cancer logistic_regression        0.9789   0.9847  0.9953          5.36
   10 breast_cancer logistic_regression        0.9789   0.9861  0.9945          5.31
    1 breast_cancer       random_forest        0.9613   0.9693  0.9915        232.34
    2 breast_cancer       random_forest        0.9613   0.9641  0.9911        235.29
    3 breast_cancer       random_forest        0.9613   0.9666  0.9890        235.01
    4 breast_cancer       random_forest        0.9613   0.9692  0.9913        240.82
    5 breast_cancer       random_forest        0.9613   0.9710  0.9899        240.21
    6 breast_cancer       random_forest        0.9613   0.9707  0.9894        240.12
    7 breast_cancer       random_forest        0.9613   0.9708  0.9891        241.68
    8 breast_cancer       random_forest        0.9613   0.9652  0.9893        240.95
    9 breast_cancer       random_forest        0.9613   0.9763  0.9929        239.29
   10 breast_cancer       random_forest        0.9613   0.9641  0.9906        239.25

Thống kê mô tả (OPTUNA (TPE)):
       Metric   Mean    Std  n
Primary Score 0.9701 0.0090 20
     F1-score 0.9769 0.0088 20
      ROC AUC 0.9927 0.0026 20
Exec Time (s) 121.90 119.64 20

KẾT QUẢ LẶP THEO SEED - AMSCO:
 Seed       Dataset               Model Primary Score F1-score ROC AUC Exec Time (s)
    1 breast_cancer logistic_regression        0.9807   0.9875  0.9957          4.19
    2 breast_cancer logistic_regression        0.9789   0.9849  0.9960          3.21
    3 breast_cancer logistic_regression        0.9789   0.9861  0.9955          3.15
    4 breast_cancer logistic_regression        0.9772   0.9861  0.9963          3.47
    5 breast_cancer logistic_regression        0.9807   0.9848  0.9952          7.78
    6 breast_cancer logistic_regression        0.9807   0.9845  0.9953          4.71
    7 breast_cancer logistic_regression        0.9772   0.9862  0.9940          3.47
    8 breast_cancer logistic_regression        0.9789   0.9820  0.9947          3.39
    9 breast_cancer logistic_regression        0.9789   0.9874  0.9957          2.95
   10 breast_cancer logistic_regression        0.9789   0.9889  0.9949          2.96
    1 breast_cancer       random_forest        0.9596   0.9638  0.9883        206.82
    2 breast_cancer       random_forest        0.9613   0.9603  0.9926        106.47
    3 breast_cancer       random_forest        0.9561   0.9651  0.9884         78.54
    4 breast_cancer       random_forest        0.9578   0.9638  0.9904         79.78
    5 breast_cancer       random_forest        0.9596   0.9684  0.9896        185.52
    6 breast_cancer       random_forest        0.9613   0.9734  0.9916        147.07
    7 breast_cancer       random_forest        0.9596   0.9694  0.9899        213.52
    8 breast_cancer       random_forest        0.9614   0.9636  0.9877        219.99
    9 breast_cancer       random_forest        0.9578   0.9721  0.9900        108.75
   10 breast_cancer       random_forest        0.9543   0.9654  0.9912        127.36

Thống kê mô tả (AMSCO):
       Metric   Mean    Std  n
Primary Score 0.9690 0.0105 20
     F1-score 0.9762 0.0104 20
      ROC AUC 0.9927 0.0030 20
Exec Time (s)  75.66  82.85 20

KIỂM ĐỊNH THỐNG KÊ GIỮA OPTUNA (TPE) VÀ AMSCO:
       Metric           Test Statistic p-value #Pairs
     F1-score  Paired t-test    1.1625  0.2594     20
      ROC AUC  Paired t-test    0.2263  0.8234     20
Exec Time (s) Mann-Whitney U  290.0000  0.0155  20/20

BẢNG TÓM TẮT (Dataset, Method, Mean Accuracy, Std Dev, Mean Time (s), Convergence Speed):
------------------------------------------------------------
      Dataset       Method Mean Accuracy Std Dev Mean Time (s) Convergence Speed
breast_cancer        AMSCO        0.9699  0.0132         75.66          0.012819
breast_cancer Optuna (TPE)        0.9707  0.0111        121.90          0.007963


BẢNG HIỆU NĂNG TỐI ƯU HÓA (Time / Iterations / Resource):
----------------------------------------------------------------------
      Dataset       Method Mean Wall Time (s) Mean CPU Time (s) Mean Peak Mem (MB) Mean Total Trials Mean Iter→Best Mean Conv. Ratio
breast_cancer        AMSCO              75.66             81.67               1.08              18.2            6.8           32.65%
breast_cancer Optuna (TPE)             121.90            131.37               1.23              25.5            5.5           19.05%


BẢNG SO SÁNH CV (Method, Without CV, With K-Fold (k=5), With Nested CV, Improvement (%)):
------------------------------------------------------------
      Method Without CV With K-Fold (k=5) With Nested CV Improvement (%)
       AMSCO     0.9750            0.9699         0.9640           -0.53
Optuna (TPE)     0.9750            0.9707         0.9649           -0.44


BẢNG ĐÁNH GIÁ CV (Evaluation Method, Accuracy, F1-Score, AUC-ROC, Time):
------------------------------------------------------------
              Evaluation Method Accuracy F1-Score AUC-ROC  Time
   Simple Holdout (80-20 split)   0.9750   0.9802  0.9953  0.13
          Standard K-Fold (k=5)   0.9703   0.9765  0.9927  0.98
   Nested CV (5-outer, 3-inner)   0.9644   0.9721  0.9941 76.37
Improvement (Nested vs Holdout)   -1.08%   -0.83%  -0.12%     -


BẢNG SO SÁNH THỐNG KÊ (TÀI NGUYÊN TỐI ƯU HÓA – AMSCO vs BASELINES):
--------------------------------------------------------------------------------
           Metric            Comparison Mean AMSCO Mean Baseline Δ (Baseline-AMSCO) U-statistic p-value Significant (α=0.05) Cohen's d Effect Size    Preferred  Sample Size
    Wall Time (s) AMSCO vs Optuna (TPE)     75.658       121.902             46.244     110.000  0.0155                  Yes    -0.777      Medium        AMSCO           20
     CPU Time (s) AMSCO vs Optuna (TPE)     81.666       131.373             49.707     110.000  0.0155                  Yes    -0.772      Medium        AMSCO           20
     Total Trials AMSCO vs Optuna (TPE)     18.200        25.500              7.300      75.000  0.0006                  Yes    -1.009       Large        AMSCO           20
        Iter→Best AMSCO vs Optuna (TPE)      6.850         5.500             -1.350     225.000  0.4963                   No     0.200  Negligible Optuna (TPE)           20
Convergence Ratio AMSCO vs Optuna (TPE)      0.327         0.190             -0.136     310.000  0.0026                  Yes     0.661      Medium Optuna (TPE)           20
 Peak Memory (MB) AMSCO vs Optuna (TPE)      1.080         1.232              0.152     116.000  0.0239                  Yes    -1.047       Large        AMSCO           20
  RSS Memory (MB) AMSCO vs Optuna (TPE)    236.705       236.314             -0.390     209.500  0.8076                   No     1.003       Large Optuna (TPE)           20



BẢNG TỔNG HỢP THEO OPTIMIZER (HÀNG = METRIC):
------------------------------------------------------------
               Metric  AMSCO Optuna (TPE) Hyperopt (TPE) Random Search
      Accuracy (CV=5) 0.9699       0.9707            nan           nan
     Precision (CV=5) 0.9697       0.9702            nan           nan
        Recall (CV=5) 0.9832       0.9840            nan           nan
 F1-score (CV metric) 0.9762       0.9769            nan           nan
  AUC-ROC (CV metric) 0.9927       0.9927            nan           nan
  Balanced Acc (CV=5) 0.9653       0.9662            nan           nan
Optimization Time (s)  75.66       121.90            nan           nan


[INFO] Đã lưu optuna_seed_results.csv
